
Discarded input sections

 .text          0x0000000000000000        0x0 build/obj/crt0.o
 .data          0x0000000000000000        0x0 build/obj/crt0.o
 .bss           0x0000000000000000        0x0 build/obj/crt0.o
 .text.__early_init
                0x0000000000000000       0x10 build/obj/crt0.o
 .text          0x0000000000000000        0x0 build/obj/vectors.o
 .data          0x0000000000000000        0x0 build/obj/vectors.o
 .bss           0x0000000000000000        0x0 build/obj/vectors.o
 .text          0x0000000000000000        0x0 build/obj/chcore.o
 .data          0x0000000000000000        0x0 build/obj/chcore.o
 .bss           0x0000000000000000        0x0 build/obj/chcore.o
 .text          0x0000000000000000        0x0 build/obj/chcore_v7m.o
 .data          0x0000000000000000        0x0 build/obj/chcore_v7m.o
 .bss           0x0000000000000000        0x0 build/obj/chcore_v7m.o
 .text          0x0000000000000000        0x0 build/obj/nvic.o
 .data          0x0000000000000000        0x0 build/obj/nvic.o
 .bss           0x0000000000000000        0x0 build/obj/nvic.o
 .text.nvicDisableVector
                0x0000000000000000       0x50 build/obj/nvic.o
 .text          0x0000000000000000        0x0 build/obj/chsys.o
 .data          0x0000000000000000        0x0 build/obj/chsys.o
 .bss           0x0000000000000000        0x0 build/obj/chsys.o
 .text          0x0000000000000000        0x0 build/obj/chdebug.o
 .data          0x0000000000000000        0x0 build/obj/chdebug.o
 .bss           0x0000000000000000        0x0 build/obj/chdebug.o
 .text.dbg_check_disable
                0x0000000000000000       0x30 build/obj/chdebug.o
 .text.dbg_check_suspend
                0x0000000000000000       0x30 build/obj/chdebug.o
 .text          0x0000000000000000        0x0 build/obj/chlists.o
 .data          0x0000000000000000        0x0 build/obj/chlists.o
 .bss           0x0000000000000000        0x0 build/obj/chlists.o
 .debug_info    0x0000000000000000       0x79 build/obj/chlists.o
 .debug_abbrev  0x0000000000000000       0x26 build/obj/chlists.o
 .debug_aranges
                0x0000000000000000       0x18 build/obj/chlists.o
 .debug_line    0x0000000000000000       0x1d build/obj/chlists.o
 .debug_str     0x0000000000000000      0x1c3 build/obj/chlists.o
 .comment       0x0000000000000000       0x71 build/obj/chlists.o
 .ARM.attributes
                0x0000000000000000       0x33 build/obj/chlists.o
 .text          0x0000000000000000        0x0 build/obj/chvt.o
 .data          0x0000000000000000        0x0 build/obj/chvt.o
 .bss           0x0000000000000000        0x0 build/obj/chvt.o
 .text          0x0000000000000000        0x0 build/obj/chschd.o
 .data          0x0000000000000000        0x0 build/obj/chschd.o
 .bss           0x0000000000000000        0x0 build/obj/chschd.o
 .text.chSchRescheduleS
                0x0000000000000000       0x30 build/obj/chschd.o
 .text          0x0000000000000000        0x0 build/obj/chthreads.o
 .data          0x0000000000000000        0x0 build/obj/chthreads.o
 .bss           0x0000000000000000        0x0 build/obj/chthreads.o
 .text._thread_memfill
                0x0000000000000000       0x10 build/obj/chthreads.o
 .text.chThdSetPriority
                0x0000000000000000       0x50 build/obj/chthreads.o
 .text.chThdResume
                0x0000000000000000       0x40 build/obj/chthreads.o
 .text.chThdTerminate
                0x0000000000000000       0x30 build/obj/chthreads.o
 .text.chThdSleepUntil
                0x0000000000000000       0x30 build/obj/chthreads.o
 .text.chThdYield
                0x0000000000000000       0x30 build/obj/chthreads.o
 .text.chThdWait
                0x0000000000000000       0x80 build/obj/chthreads.o
 .text          0x0000000000000000        0x0 build/obj/chdynamic.o
 .data          0x0000000000000000        0x0 build/obj/chdynamic.o
 .bss           0x0000000000000000        0x0 build/obj/chdynamic.o
 .text.chThdAddRef
                0x0000000000000000       0x40 build/obj/chdynamic.o
 .text.chThdRelease
                0x0000000000000000       0x80 build/obj/chdynamic.o
 .text.chThdCreateFromHeap
                0x0000000000000000       0x70 build/obj/chdynamic.o
 .text.chThdCreateFromMemoryPool
                0x0000000000000000       0x80 build/obj/chdynamic.o
 .rodata.str1.4
                0x0000000000000000       0x48 build/obj/chdynamic.o
 .debug_info    0x0000000000000000      0x9d3 build/obj/chdynamic.o
 .debug_abbrev  0x0000000000000000      0x25a build/obj/chdynamic.o
 .debug_loc     0x0000000000000000      0x28c build/obj/chdynamic.o
 .debug_aranges
                0x0000000000000000       0x38 build/obj/chdynamic.o
 .debug_ranges  0x0000000000000000       0x40 build/obj/chdynamic.o
 .debug_line    0x0000000000000000      0x1f7 build/obj/chdynamic.o
 .debug_str     0x0000000000000000      0x4dc build/obj/chdynamic.o
 .comment       0x0000000000000000       0x71 build/obj/chdynamic.o
 .ARM.attributes
[...]
Memory Configuration

Name             Origin             Length             Attributes
flash            0x0000000008000000 0x0000000000040000
ram              0x0000000020000000 0x000000000000a000
ccmram           0x0000000010000000 0x0000000000002000
*default*        0x0000000000000000 0xffffffffffffffff

Linker script and memory map

LOAD build/obj/crt0.o
LOAD build/obj/vectors.o
LOAD build/obj/chcore.o
LOAD build/obj/chcore_v7m.o
LOAD build/obj/nvic.o
LOAD build/obj/chsys.o
LOAD build/obj/chdebug.o
LOAD build/obj/chlists.o
LOAD build/obj/chvt.o
LOAD build/obj/chschd.o
LOAD build/obj/chthreads.o
LOAD build/obj/chdynamic.o
LOAD build/obj/chregistry.o
LOAD build/obj/chsem.o
LOAD build/obj/chmtx.o
LOAD build/obj/chcond.o
LOAD build/obj/chevents.o
LOAD build/obj/chmsg.o
LOAD build/obj/chmboxes.o
LOAD build/obj/chqueues.o
LOAD build/obj/chmemcore.o
LOAD build/obj/chheap.o
LOAD build/obj/chmempools.o
LOAD build/obj/hal.o
LOAD build/obj/adc.o
LOAD build/obj/can.o
LOAD build/obj/dac.o
LOAD build/obj/ext.o
LOAD build/obj/gpt.o
LOAD build/obj/i2c.o
LOAD build/obj/icu.o
LOAD build/obj/mac.o
LOAD build/obj/mmc_spi.o
LOAD build/obj/mmcsd.o
LOAD build/obj/pal.o
LOAD build/obj/pwm.o
LOAD build/obj/rtc.o
LOAD build/obj/sdc.o
LOAD build/obj/serial.o
LOAD build/obj/serial_usb.o
LOAD build/obj/spi.o
LOAD build/obj/tm.o
LOAD build/obj/uart.o
LOAD build/obj/usb.o
LOAD build/obj/stm32_dma.o
LOAD build/obj/hal_lld.o
LOAD build/obj/adc_lld.o
LOAD build/obj/ext_lld_isr.o
LOAD build/obj/can_lld.o
LOAD build/obj/ext_lld.o
LOAD build/obj/pal_lld.o
LOAD build/obj/i2c_lld.o
LOAD build/obj/rtc_lld.o
LOAD build/obj/spi_lld.o
LOAD build/obj/gpt_lld.o
LOAD build/obj/icu_lld.o
LOAD build/obj/pwm_lld.o
LOAD build/obj/serial_lld.o
LOAD build/obj/uart_lld.o
LOAD build/obj/usb_lld.o
LOAD build/obj/board.o
LOAD build/obj/main.o
START GROUP
LOAD /usr/bin/../lib/gcc/arm-none-eabi/4.8.3/armv7e-m/libgcc.a
LOAD /usr/bin/../lib/gcc/arm-none-eabi/4.8.3/../../../../arm-none-eabi/lib/armv7e-m/libc.a
END GROUP
                0x0000000000000400                __main_stack_size__ = 0x400
                0x0000000000000400                __process_stack_size__ = 0x400
                0x0000000020000000                __ram_start__ = ORIGIN (ram)
                0x000000000000a000                __ram_size__ = 0xa000
                0x000000002000a000                __ram_end__ = (__ram_start__ + __ram_size__)
                0x0000000000000000                . = 0x0
                0x0000000000000000                _text = .

startup         0x0000000008000000      0x188
 *(vectors)
 vectors        0x0000000008000000      0x188 build/obj/vectors.o
                0x0000000008000000                _vectors

constructors    0x0000000008000188        0x0
                0x0000000008000188                PROVIDE (__init_array_start, .)
 *(SORT(.init_array.*))
 *(.init_array)
                0x0000000008000188                PROVIDE (__init_array_end, .)

destructors     0x0000000008000188        0x0
                0x0000000008000188                PROVIDE (__fini_array_start, .)
 *(.fini_array)
 *(SORT(.fini_array.*))
                0x0000000008000188                PROVIDE (__fini_array_end, .)

.text           0x0000000008000190     0x2168
 *(.text.startup.*)
 .text.startup.main
                0x0000000008000190       0x90 build/obj/main.o
                0x0000000008000190                main
 *(.text)
 *(.text.*)
 .text.__late_init
                0x0000000008000220       0x10 build/obj/crt0.o
                0x0000000008000220                __late_init
 .text._default_exit
                0x0000000008000230       0x10 build/obj/crt0.o
                0x0000000008000230                _default_exit
 .text.ResetHandler
                0x0000000008000240      0x100 build/obj/crt0.o
                0x0000000008000240                ResetHandler
 .text._unhandled_exception
                0x0000000008000340       0x10 build/obj/vectors.o
                0x0000000008000340                Vector58
                0x0000000008000340                VectorE8
                0x0000000008000340                Vector9C
                0x0000000008000340                VectorAC
                0x0000000008000340                Vector5C
                0x0000000008000340                NMIVector
                0x0000000008000340                Vector11C
                0x0000000008000340                Vector8C
                0x0000000008000340                VectorDC
                0x0000000008000340                Vector168
                0x0000000008000340                Vector110
                0x0000000008000340                VectorC8
                0x0000000008000340                Vector94
                0x0000000008000340                VectorA8
                0x0000000008000340                VectorB4
                0x0000000008000340                Vector160
                0x0000000008000340                VectorEC
                0x0000000008000340                UsageFaultVector
                0x0000000008000340                DebugMonitorVector
                0x0000000008000340                Vector40
                0x0000000008000340                VectorF8
                0x0000000008000340                Vector108
                0x0000000008000340                VectorBC
                0x0000000008000340                Vector150
                0x0000000008000340                Vector148
                0x0000000008000340                PendSVVector
                0x0000000008000340                Vector118
                0x0000000008000340                Vector64
                0x0000000008000340                VectorCC
                0x0000000008000340                Vector54
                0x0000000008000340                Vector98
                0x0000000008000340                VectorD8
                0x0000000008000340                Vector138
                0x0000000008000340                Vector24
                0x0000000008000340                Vector178
                0x0000000008000340                BusFaultVector
                0x0000000008000340                VectorD0
                0x0000000008000340                Vector140
                0x0000000008000340                VectorE4
                0x0000000008000340                VectorC0
                0x0000000008000340                Vector158
                0x0000000008000340                HardFaultVector
                0x0000000008000340                Vector134
                0x0000000008000340                VectorF0
                0x0000000008000340                Vector13C
                0x0000000008000340                Vector100
                0x0000000008000340                VectorE0
                0x0000000008000340                VectorF4
                0x0000000008000340                MemManageVector
                0x0000000008000340                VectorA0
                0x0000000008000340                VectorC4
                0x0000000008000340                Vector180
                0x0000000008000340                VectorB0
                0x0000000008000340                Vector90
                0x0000000008000340                Vector114
                0x0000000008000340                Vector164
                0x0000000008000340                Vector60
                0x0000000008000340                Vector1C
                0x0000000008000340                Vector17C
                0x0000000008000340                Vector48
                0x0000000008000340                Vector16C
                0x0000000008000340                VectorD4
                0x0000000008000340                Vector4C
                0x0000000008000340                Vector144
                0x0000000008000340                Vector15C
                0x0000000008000340                Vector68
                0x0000000008000340                _unhandled_exception
                0x0000000008000340                Vector170
                0x0000000008000340                Vector104
                0x0000000008000340                Vector184
                0x0000000008000340                Vector10C
                0x0000000008000340                Vector14C
                0x0000000008000340                Vector50
                0x0000000008000340                Vector154
                0x0000000008000340                Vector44
                0x0000000008000340                Vector28
                0x0000000008000340                VectorB8
                0x0000000008000340                Vector34
                0x0000000008000340                VectorA4
                0x0000000008000340                Vector20
                0x0000000008000340                Vector174
 .text.port_halt
                0x0000000008000350       0x10 build/obj/chcore.o
                0x0000000008000350                port_halt
 .text._port_switch_from_isr
                0x0000000008000360       0x10 build/obj/chcore_v7m.o
                0x0000000008000360                _port_switch_from_isr
 .text.SVCallVector
                0x0000000008000370       0x20 build/obj/chcore_v7m.o
                0x0000000008000370                SVCallVector
 .text._port_init
                0x0000000008000390       0x30 build/obj/chcore_v7m.o
                0x0000000008000390                _port_init
 .text._port_irq_epilogue
                0x00000000080003c0       0x70 build/obj/chcore_v7m.o
                0x00000000080003c0                _port_irq_epilogue
 .text.SysTickVector
                0x0000000008000430       0x30 build/obj/chcore_v7m.o
                0x0000000008000430                SysTickVector
 .text._port_switch
                0x0000000008000460       0x10 build/obj/chcore_v7m.o
                0x0000000008000460                _port_switch
 .text._port_thread_start
                0x0000000008000470       0x20 build/obj/chcore_v7m.o
                0x0000000008000470                _port_thread_start
 .text.nvicEnableVector
                0x0000000008000490       0x50 build/obj/nvic.o
                0x0000000008000490                nvicEnableVector
 .text.nvicSetSystemHandlerPriority
                0x00000000080004e0       0x30 build/obj/nvic.o
                0x00000000080004e0                nvicSetSystemHandlerPriority
 .text._idle_thread
                0x0000000008000510       0x20 build/obj/chsys.o
                0x0000000008000510                _idle_thread
 .text.chSysInit
                0x0000000008000530       0x80 build/obj/chsys.o
                0x0000000008000530                chSysInit
 .text.chSysTimerHandlerI
                0x00000000080005b0       0x70 build/obj/chsys.o
                0x00000000080005b0                chSysTimerHandlerI
 .text.dbg_check_enable
                0x0000000008000620       0x30 build/obj/chdebug.o
                0x0000000008000620                dbg_check_enable
 .text.dbg_check_lock
                0x0000000008000650       0x30 build/obj/chdebug.o
                0x0000000008000650                dbg_check_lock
 .text.dbg_check_unlock
                0x0000000008000680       0x40 build/obj/chdebug.o
                0x0000000008000680                dbg_check_unlock
 .text.dbg_check_lock_from_isr
                0x00000000080006c0       0x30 build/obj/chdebug.o
                0x00000000080006c0                dbg_check_lock_from_isr
 .text.dbg_check_unlock_from_isr
                0x00000000080006f0       0x40 build/obj/chdebug.o
                0x00000000080006f0                dbg_check_unlock_from_isr
 .text.dbg_check_enter_isr
                0x0000000008000730       0x40 build/obj/chdebug.o
                0x0000000008000730                dbg_check_enter_isr
 .text.dbg_check_leave_isr
                0x0000000008000770       0x40 build/obj/chdebug.o
                0x0000000008000770                dbg_check_leave_isr
 .text.chDbgCheckClassI
                0x00000000080007b0       0x30 build/obj/chdebug.o
                0x00000000080007b0                chDbgCheckClassI
 .text.chDbgCheckClassS
                0x00000000080007e0       0x30 build/obj/chdebug.o
                0x00000000080007e0                chDbgCheckClassS
 .text._trace_init
                0x0000000008000810       0x20 build/obj/chdebug.o
                0x0000000008000810                _trace_init
 .text.dbg_trace
                0x0000000008000830       0x40 build/obj/chdebug.o
                0x0000000008000830                dbg_trace
 .text.chDbgPanic
                0x0000000008000870       0x10 build/obj/chdebug.o
                0x0000000008000870                chDbgPanic
 .text._vt_init
                0x0000000008000880       0x20 build/obj/chvt.o
                0x0000000008000880                _vt_init
 .text.chVTSetI
                0x00000000080008a0       0x60 build/obj/chvt.o
                0x00000000080008a0                chVTSetI
 .text.chVTResetI
                0x0000000008000900       0x50 build/obj/chvt.o
                0x0000000008000900                chVTResetI
 .text._scheduler_init
                0x0000000008000950       0x20 build/obj/chschd.o
                0x0000000008000950                _scheduler_init
 .text.chSchReadyI
                0x0000000008000970       0x50 build/obj/chschd.o
                0x0000000008000970                chSchReadyI
 .text.wakeup   0x00000000080009c0       0x60 build/obj/chschd.o
 .text.chSchGoSleepS
                0x0000000008000a20       0x50 build/obj/chschd.o
                0x0000000008000a20                chSchGoSleepS
 .text.chSchGoSleepTimeoutS
                0x0000000008000a70       0x50 build/obj/chschd.o
                0x0000000008000a70                chSchGoSleepTimeoutS
 .text.chSchWakeupS
                0x0000000008000ac0       0x70 build/obj/chschd.o
                0x0000000008000ac0                chSchWakeupS
 .text.chSchDoRescheduleBehind
                0x0000000008000b30       0x50 build/obj/chschd.o
                0x0000000008000b30                chSchDoRescheduleBehind
 .text.chSchDoRescheduleAhead
                0x0000000008000b80       0x60 build/obj/chschd.o
                0x0000000008000b80                chSchDoRescheduleAhead
 .text.chSchDoReschedule
                0x0000000008000be0       0x20 build/obj/chschd.o
                0x0000000008000be0                chSchDoReschedule
 .text._thread_init
                0x0000000008000c00       0x60 build/obj/chthreads.o
                0x0000000008000c00                _thread_init
 .text.chThdCreateI
                0x0000000008000c60       0xa0 build/obj/chthreads.o
                0x0000000008000c60                chThdCreateI
 .text.chThdCreateStatic
                0x0000000008000d00       0x70 build/obj/chthreads.o
                0x0000000008000d00                chThdCreateStatic
 .text.chThdSleep
                0x0000000008000d70       0x30 build/obj/chthreads.o
                0x0000000008000d70                chThdSleep
 .text.chThdExitS
                0x0000000008000da0       0x50 build/obj/chthreads.o
                0x0000000008000da0                chThdExitS
 .text.chThdExit
                0x0000000008000df0       0x20 build/obj/chthreads.o
                0x0000000008000df0                chThdExit
 .text.chMtxInit
                0x0000000008000e10       0x20 build/obj/chmtx.o
                0x0000000008000e10                chMtxInit
 .text._core_init
                0x0000000008000e30       0x30 build/obj/chmemcore.o
                0x0000000008000e30                _core_init
 .text.chCoreAllocI
                0x0000000008000e60       0x30 build/obj/chmemcore.o
                0x0000000008000e60                chCoreAllocI
 .text.chCoreAlloc
                0x0000000008000e90       0x30 build/obj/chmemcore.o
                0x0000000008000e90                chCoreAlloc
 .text._heap_init
                0x0000000008000ec0       0x20 build/obj/chheap.o
                0x0000000008000ec0                _heap_init
 .text.halInit  0x0000000008000ee0       0x20 build/obj/hal.o
                0x0000000008000ee0                halInit
 .text.halPolledDelay
                0x0000000008000f00       0x40 build/obj/hal.o
                0x0000000008000f00                halPolledDelay
 .text.adcInit  0x0000000008000f40       0x10 build/obj/adc.o
                0x0000000008000f40                adcInit
 .text.adcObjectInit
                0x0000000008000f50       0x20 build/obj/adc.o
                0x0000000008000f50                adcObjectInit
 .text.adcStart
                0x0000000008000f70       0x50 build/obj/adc.o
                0x0000000008000f70                adcStart
 .text.adcStartConversionI
                0x0000000008000fc0       0x60 build/obj/adc.o
                0x0000000008000fc0                adcStartConversionI
 .text.adcStartConversion
                0x0000000008001020       0x30 build/obj/adc.o
                0x0000000008001020                adcStartConversion
 .text.adcStopConversion
                0x0000000008001050       0x60 build/obj/adc.o
                0x0000000008001050                adcStopConversion
 .text.adcConvert
                0x00000000080010b0       0x60 build/obj/adc.o
                0x00000000080010b0                adcConvert
 .text.tm_start
                0x0000000008001110       0x10 build/obj/tm.o
 .text.tm_stop  0x0000000008001120       0x40 build/obj/tm.o
 .text.tmInit   0x0000000008001160       0x40 build/obj/tm.o
                0x0000000008001160                tmInit
 .text.Vector6C
                0x00000000080011a0       0x30 build/obj/stm32_dma.o
                0x00000000080011a0                Vector6C
 .text.Vector70
                0x00000000080011d0       0x30 build/obj/stm32_dma.o
                0x00000000080011d0                Vector70
 .text.Vector74
                0x0000000008001200       0x30 build/obj/stm32_dma.o
                0x0000000008001200                Vector74
 .text.Vector78
                0x0000000008001230       0x30 build/obj/stm32_dma.o
                0x0000000008001230                Vector78
 .text.Vector7C
                0x0000000008001260       0x30 build/obj/stm32_dma.o
                0x0000000008001260                Vector7C
 .text.Vector80
                0x0000000008001290       0x30 build/obj/stm32_dma.o
                0x0000000008001290                Vector80
 .text.Vector84
                0x00000000080012c0       0x30 build/obj/stm32_dma.o
                0x00000000080012c0                Vector84
 .text.Vector120
                0x00000000080012f0       0x30 build/obj/stm32_dma.o
                0x00000000080012f0                Vector120
 .text.Vector124
                0x0000000008001320       0x30 build/obj/stm32_dma.o
                0x0000000008001320                Vector124
 .text.Vector128
                0x0000000008001350       0x30 build/obj/stm32_dma.o
                0x0000000008001350                Vector128
 .text.Vector12C
                0x0000000008001380       0x30 build/obj/stm32_dma.o
                0x0000000008001380                Vector12C
 .text.Vector130
                0x00000000080013b0       0x30 build/obj/stm32_dma.o
                0x00000000080013b0                Vector130
 .text.dmaInit  0x00000000080013e0       0x50 build/obj/stm32_dma.o
                0x00000000080013e0                dmaInit
 .text.dmaStreamAllocate
                0x0000000008001430       0xb0 build/obj/stm32_dma.o
                0x0000000008001430                dmaStreamAllocate
 .text.hal_lld_init
                0x00000000080014e0       0xb0 build/obj/hal_lld.o
                0x00000000080014e0                hal_lld_init
 .text.stm32_clock_init
                0x0000000008001590       0xa0 build/obj/hal_lld.o
                0x0000000008001590                stm32_clock_init
 .text.adc_lld_init
                0x0000000008001630       0x60 build/obj/adc_lld.o
                0x0000000008001630                adc_lld_init
 .text.adc_lld_start
                0x0000000008001690       0xd0 build/obj/adc_lld.o
                0x0000000008001690                adc_lld_start
 .text.adc_lld_start_conversion
                0x0000000008001760       0xb0 build/obj/adc_lld.o
                0x0000000008001760                adc_lld_start_conversion
 .text.adc_lld_stop_conversion
                0x0000000008001810       0x40 build/obj/adc_lld.o
                0x0000000008001810                adc_lld_stop_conversion
 .text.adc_lld_serve_interrupt
                0x0000000008001850      0x170 build/obj/adc_lld.o
 .text.Vector88
                0x00000000080019c0       0x30 build/obj/adc_lld.o
                0x00000000080019c0                Vector88
 .text.VectorFC
                0x00000000080019f0       0x30 build/obj/adc_lld.o
                0x00000000080019f0                VectorFC
 .text.adc_lld_serve_dma_interrupt
                0x0000000008001a20       0xe0 build/obj/adc_lld.o
 .text._pal_lld_init
                0x0000000008001b00      0x100 build/obj/pal_lld.o
                0x0000000008001b00                _pal_lld_init
 .text._pal_lld_setgroupmode
                0x0000000008001c00       0xd0 build/obj/pal_lld.o
                0x0000000008001c00                _pal_lld_setgroupmode
 .text.__early_init
                0x0000000008001cd0       0x10 build/obj/board.o
                0x0000000008001cd0                __early_init
 .text.boardInit
                0x0000000008001ce0       0x10 build/obj/board.o
                0x0000000008001ce0                boardInit
 .text.adccallback
                0x0000000008001cf0       0x20 build/obj/main.o
 .text.adcerrorcallback
                0x0000000008001d10       0x10 build/obj/main.o
 .text.Thread1  0x0000000008001d20       0x40 build/obj/main.o
 *(.rodata)
 *(.rodata.*)
 .rodata.str1.4
                0x0000000008001d60        0x5 build/obj/chsys.o
                                          0x8 (size before relaxing)
 *fill*         0x0000000008001d65        0xb 
 .rodata.str1.4
                0x0000000008001d70       0x56 build/obj/chdebug.o
                                         0x58 (size before relaxing)
 *fill*         0x0000000008001dc6        0xa 
 .rodata.str1.4
                0x0000000008001dd0       0x31 build/obj/chvt.o
                                         0x34 (size before relaxing)
 *fill*         0x0000000008001e01        0xf 
 .rodata.str1.4
                0x0000000008001e10       0x23 build/obj/chschd.o
                                         0x24 (size before relaxing)
 *fill*         0x0000000008001e33        0xd 
 .rodata.str1.4
                0x0000000008001e40       0x94 build/obj/chthreads.o
 *fill*         0x0000000008001ed4        0xc 
 .rodata.ch_debug
                0x0000000008001ee0       0x18 build/obj/chregistry.o
                0x0000000008001ee0                ch_debug
 *fill*         0x0000000008001ef8        0x8 
 .rodata.str1.4
                0x0000000008001f00       0xab build/obj/chmtx.o
                                         0xac (size before relaxing)
 *fill*         0x0000000008001fab        0x5 
 .rodata.str1.4
                0x0000000008001fb0      0x10e build/obj/adc.o
                                        0x110 (size before relaxing)
 *fill*         0x00000000080020be        0x2 
 .rodata.str1.4
                0x00000000080020c0       0x47 build/obj/stm32_dma.o
                                         0x48 (size before relaxing)
 *fill*         0x0000000008002107        0x9 
 .rodata._stm32_dma_streams
                0x0000000008002110       0x90 build/obj/stm32_dma.o
                0x0000000008002110                _stm32_dma_streams
 .rodata.str1.4
                0x00000000080021a0       0x40 build/obj/adc_lld.o
 .rodata.pal_default_config
                0x00000000080021e0       0xa8 build/obj/board.o
                0x00000000080021e0                pal_default_config
 *fill*         0x0000000008002288        0x8 
 .rodata.adcgrpcfg1
                0x0000000008002290       0x30 build/obj/main.o
 .rodata.adcgrpcfg2
                0x00000000080022c0       0x30 build/obj/main.o
 .rodata.str1.4
                0x00000000080022f0        0x8 build/obj/main.o
 *(.glue_7t)
 .glue_7t       0x0000000000000000        0x0 linker stubs
 *(.glue_7)
 .glue_7        0x0000000000000000        0x0 linker stubs
 *(.gcc*)

.vfp11_veneer   0x00000000080022f8        0x0
 .vfp11_veneer  0x0000000000000000        0x0 linker stubs

.v4_bx          0x00000000080022f8        0x0
 .v4_bx         0x0000000000000000        0x0 linker stubs

.iplt           0x00000000080022f8        0x0
 .iplt          0x0000000000000000        0x0 build/obj/crt0.o

.rel.dyn        0x00000000080022f8        0x0
 .rel.iplt      0x0000000000000000        0x0 build/obj/crt0.o

.ARM.extab
 *(.ARM.extab* .gnu.linkonce.armextab.*)

.ARM.exidx      0x00000000080022f8        0x0
                0x00000000080022f8                PROVIDE (__exidx_start, .)
 *(.ARM.exidx* .gnu.linkonce.armexidx.*)
                0x00000000080022f8                PROVIDE (__exidx_end, .)

.eh_frame_hdr
 *(.eh_frame_hdr)

.eh_frame
 *(.eh_frame)

.textalign      0x00000000080022f8        0x0
                0x00000000080022f8                . = ALIGN (0x8)
                0x00000000080022f8                . = ALIGN (0x4)
                0x00000000080022f8                _etext = .
                0x00000000080022f8                _textdata = _etext

.stacks         0x0000000020000000      0x800
                0x0000000020000000                . = ALIGN (0x8)
                0x0000000020000000                __main_stack_base__ = .
                0x0000000020000400                . = (. + __main_stack_size__)
 *fill*         0x0000000020000000      0x400 
                0x0000000020000400                . = ALIGN (0x8)
                0x0000000020000400                __main_stack_end__ = .
                0x0000000020000400                __process_stack_base__ = .
                0x0000000020000400                __main_thread_stack_base__ = .
                0x0000000020000800                . = (. + __process_stack_size__)
 *fill*         0x0000000020000400      0x400 
                0x0000000020000800                . = ALIGN (0x8)
                0x0000000020000800                __process_stack_end__ = .
                0x0000000020000800                __main_thread_stack_end__ = .

.data           0x0000000020000800        0x0 load address 0x00000000080022f8
                0x0000000020000800                . = ALIGN (0x4)
                0x0000000020000800                PROVIDE (_data, .)
 *(.data)
                0x0000000020000800                . = ALIGN (0x4)
 *(.data.*)
                0x0000000020000800                . = ALIGN (0x4)
 *(.ramtext)
                0x0000000020000800                . = ALIGN (0x4)
                0x0000000020000800                PROVIDE (_edata, .)

.igot.plt       0x0000000020000800        0x0 load address 0x00000000080022f8
 .igot.plt      0x0000000000000000        0x0 build/obj/crt0.o

.bss            0x0000000020000800      0x8a8 load address 0x00000000080022f8
                0x0000000020000800                . = ALIGN (0x4)
                0x0000000020000800                PROVIDE (_bss_start, .)
 *(.bss)
                0x0000000020000800                . = ALIGN (0x4)
 *(.bss.*)
 .bss.mainthread.4824
                0x0000000020000800       0x4c build/obj/chsys.o
 *fill*         0x000000002000084c        0x4 
 .bss._idle_thread_wa
                0x0000000020000850       0xc0 build/obj/chsys.o
                0x0000000020000850                _idle_thread_wa
 .bss.dbg_isr_cnt
                0x0000000020000910        0x4 build/obj/chdebug.o
                0x0000000020000910                dbg_isr_cnt
 .bss.dbg_trace_buffer
                0x0000000020000914      0x408 build/obj/chdebug.o
                0x0000000020000914                dbg_trace_buffer
 .bss.dbg_lock_cnt
                0x0000000020000d1c        0x4 build/obj/chdebug.o
                0x0000000020000d1c                dbg_lock_cnt
 .bss.dbg_panic_msg
                0x0000000020000d20        0x4 build/obj/chdebug.o
                0x0000000020000d20                dbg_panic_msg
 .bss.vtlist    0x0000000020000d24       0x10 build/obj/chvt.o
                0x0000000020000d24                vtlist
 .bss.rlist     0x0000000020000d34       0x1c build/obj/chschd.o
                0x0000000020000d34                rlist
 .bss.endmem    0x0000000020000d50        0x4 build/obj/chmemcore.o
 .bss.nextmem   0x0000000020000d54        0x4 build/obj/chmemcore.o
 .bss.default_heap
                0x0000000020000d58       0x20 build/obj/chheap.o
 .bss.measurement_offset
                0x0000000020000d78        0x4 build/obj/tm.o
 .bss.dma_isr_redir
                0x0000000020000d7c       0x60 build/obj/stm32_dma.o
 .bss.dma_streams_mask
                0x0000000020000ddc        0x4 build/obj/stm32_dma.o
 .bss.ADCD1     0x0000000020000de0       0x38 build/obj/adc_lld.o
                0x0000000020000de0                ADCD1
 .bss.ADCD3     0x0000000020000e18       0x38 build/obj/adc_lld.o
                0x0000000020000e18                ADCD3
 .bss.waThread1
                0x0000000020000e50      0x130 build/obj/main.o
 .bss.nx        0x0000000020000f80        0x4 build/obj/main.o
                0x0000000020000f80                nx
 .bss.ny        0x0000000020000f84        0x4 build/obj/main.o
                0x0000000020000f84                ny
 .bss.samples1  0x0000000020000f88       0x20 build/obj/main.o
 .bss.samples2  0x0000000020000fa8      0x100 build/obj/main.o
                0x00000000200010a8                . = ALIGN (0x4)
 *(COMMON)
                0x00000000200010a8                . = ALIGN (0x4)
                0x00000000200010a8                PROVIDE (_bss_end, .)
                0x00000000200010a8                PROVIDE (end, .)
                0x00000000200010a8                _end = .
                0x00000000200010a8                __heap_base__ = _end
                0x000000002000a000                __heap_end__ = __ram_end__
OUTPUT(build/ch.elf elf32-littlearm)

.debug_info     0x0000000000000000     0xa703
 .debug_info    0x0000000000000000      0x2a0 build/obj/crt0.o
 .debug_info    0x00000000000002a0      0x1c2 build/obj/vectors.o
 .debug_info    0x0000000000000462       0x92 build/obj/chcore.o
 .debug_info    0x00000000000004f4      0x866 build/obj/chcore_v7m.o
 .debug_info    0x0000000000000d5a      0x3fb build/obj/nvic.o
 .debug_info    0x0000000000001155      0x874 build/obj/chsys.o
 .debug_info    0x00000000000019c9      0x91e build/obj/chdebug.o
 .debug_info    0x00000000000022e7      0x26c build/obj/chvt.o
 .debug_info    0x0000000000002553      0xac7 build/obj/chschd.o
 .debug_info    0x000000000000301a      0xdce build/obj/chthreads.o
 .debug_info    0x0000000000003de8      0x684 build/obj/chregistry.o
 .debug_info    0x000000000000446c      0xb0e build/obj/chmtx.o
 .debug_info    0x0000000000004f7a      0x210 build/obj/chmemcore.o
 .debug_info    0x000000000000518a      0x732 build/obj/chheap.o
 .debug_info    0x00000000000058bc      0x364 build/obj/hal.o
 .debug_info    0x0000000000005c20     0x10c9 build/obj/adc.o
 .debug_info    0x0000000000006ce9      0x2c2 build/obj/tm.o
 .debug_info    0x0000000000006fab      0x92e build/obj/stm32_dma.o
 .debug_info    0x00000000000078d9      0x3f6 build/obj/hal_lld.o
 .debug_info    0x0000000000007ccf     0x151e build/obj/adc_lld.o
 .debug_info    0x00000000000091ed      0x543 build/obj/pal_lld.o
 .debug_info    0x0000000000009730      0x1ba build/obj/board.o
 .debug_info    0x00000000000098ea      0xe19 build/obj/main.o

.debug_abbrev   0x0000000000000000     0x2a86
 .debug_abbrev  0x0000000000000000       0xe5 build/obj/crt0.o
 .debug_abbrev  0x00000000000000e5       0xaf build/obj/vectors.o
 .debug_abbrev  0x0000000000000194       0x42 build/obj/chcore.o
 .debug_abbrev  0x00000000000001d6      0x1b9 build/obj/chcore_v7m.o
 .debug_abbrev  0x000000000000038f      0x10e build/obj/nvic.o
 .debug_abbrev  0x000000000000049d      0x1f2 build/obj/chsys.o
 .debug_abbrev  0x000000000000068f      0x21b build/obj/chdebug.o
 .debug_abbrev  0x00000000000008aa      0x151 build/obj/chvt.o
 .debug_abbrev  0x00000000000009fb      0x31b build/obj/chschd.o
 .debug_abbrev  0x0000000000000d16      0x375 build/obj/chthreads.o
 .debug_abbrev  0x000000000000108b      0x1ba build/obj/chregistry.o
 .debug_abbrev  0x0000000000001245      0x2d1 build/obj/chmtx.o
 .debug_abbrev  0x0000000000001516      0x13b build/obj/chmemcore.o
 .debug_abbrev  0x0000000000001651      0x1f2 build/obj/chheap.o
 .debug_abbrev  0x0000000000001843      0x1bb build/obj/hal.o
 .debug_abbrev  0x00000000000019fe      0x2e0 build/obj/adc.o
 .debug_abbrev  0x0000000000001cde      0x19a build/obj/tm.o
 .debug_abbrev  0x0000000000001e78      0x250 build/obj/stm32_dma.o
 .debug_abbrev  0x00000000000020c8      0x128 build/obj/hal_lld.o
 .debug_abbrev  0x00000000000021f0      0x389 build/obj/adc_lld.o
 .debug_abbrev  0x0000000000002579      0x198 build/obj/pal_lld.o
 .debug_abbrev  0x0000000000002711       0xe3 build/obj/board.o
 .debug_abbrev  0x00000000000027f4      0x292 build/obj/main.o

.debug_loc      0x0000000000000000     0x215d
 .debug_loc     0x0000000000000000       0xde build/obj/crt0.o
 .debug_loc     0x00000000000000de       0x5a build/obj/chcore_v7m.o
 .debug_loc     0x0000000000000138      0x159 build/obj/nvic.o
 .debug_loc     0x0000000000000291       0x26 build/obj/chsys.o
 .debug_loc     0x00000000000002b7       0xc9 build/obj/chdebug.o
 .debug_loc     0x0000000000000380       0xcb build/obj/chvt.o
 .debug_loc     0x000000000000044b      0x2a4 build/obj/chschd.o
 .debug_loc     0x00000000000006ef      0x43f build/obj/chthreads.o
 .debug_loc     0x0000000000000b2e       0x5b build/obj/chregistry.o
 .debug_loc     0x0000000000000b89      0x37c build/obj/chmtx.o
 .debug_loc     0x0000000000000f05       0xc4 build/obj/chmemcore.o
 .debug_loc     0x0000000000000fc9      0x3ef build/obj/chheap.o
 .debug_loc     0x00000000000013b8       0x9d build/obj/hal.o
 .debug_loc     0x0000000000001455      0x450 build/obj/adc.o
 .debug_loc     0x00000000000018a5       0x4d build/obj/tm.o
 .debug_loc     0x00000000000018f2      0x20e build/obj/stm32_dma.o
 .debug_loc     0x0000000000001b00      0x448 build/obj/adc_lld.o
 .debug_loc     0x0000000000001f48      0x1b2 build/obj/pal_lld.o
 .debug_loc     0x00000000000020fa       0x63 build/obj/main.o

.debug_aranges  0x0000000000000000      0x638
 .debug_aranges
                0x0000000000000000       0x38 build/obj/crt0.o
 .debug_aranges
                0x0000000000000038       0x20 build/obj/vectors.o
 .debug_aranges
                0x0000000000000058       0x20 build/obj/chcore.o
 .debug_aranges
                0x0000000000000078       0x50 build/obj/chcore_v7m.o
 .debug_aranges
                0x00000000000000c8       0x30 build/obj/nvic.o
 .debug_aranges
                0x00000000000000f8       0x30 build/obj/chsys.o
 .debug_aranges
                0x0000000000000128       0x88 build/obj/chdebug.o
 .debug_aranges
                0x00000000000001b0       0x30 build/obj/chvt.o
 .debug_aranges
                0x00000000000001e0       0x68 build/obj/chschd.o
 .debug_aranges
                0x0000000000000248       0x80 build/obj/chthreads.o
 .debug_aranges
                0x00000000000002c8       0x28 build/obj/chregistry.o
 .debug_aranges
                0x00000000000002f0       0x58 build/obj/chmtx.o
 .debug_aranges
                0x0000000000000348       0x38 build/obj/chmemcore.o
 .debug_aranges
                0x0000000000000380       0x40 build/obj/chheap.o
 .debug_aranges
                0x00000000000003c0       0x30 build/obj/hal.o
 .debug_aranges
                0x00000000000003f0       0x70 build/obj/adc.o
 .debug_aranges
                0x0000000000000460       0x38 build/obj/tm.o
 .debug_aranges
                0x0000000000000498       0x90 build/obj/stm32_dma.o
 .debug_aranges
                0x0000000000000528       0x28 build/obj/hal_lld.o
 .debug_aranges
                0x0000000000000550       0x60 build/obj/adc_lld.o
 .debug_aranges
                0x00000000000005b0       0x28 build/obj/pal_lld.o
 .debug_aranges
                0x00000000000005d8       0x28 build/obj/board.o
 .debug_aranges
                0x0000000000000600       0x38 build/obj/main.o

.debug_ranges   0x0000000000000000      0x9e0
 .debug_ranges  0x0000000000000000       0x58 build/obj/crt0.o
 .debug_ranges  0x0000000000000058       0x10 build/obj/vectors.o
 .debug_ranges  0x0000000000000068       0x10 build/obj/chcore.o
 .debug_ranges  0x0000000000000078       0x58 build/obj/chcore_v7m.o
 .debug_ranges  0x00000000000000d0       0x20 build/obj/nvic.o
 .debug_ranges  0x00000000000000f0       0x20 build/obj/chsys.o
 .debug_ranges  0x0000000000000110       0x78 build/obj/chdebug.o
 .debug_ranges  0x0000000000000188       0x20 build/obj/chvt.o
 .debug_ranges  0x00000000000001a8      0x170 build/obj/chschd.o
 .debug_ranges  0x0000000000000318      0x118 build/obj/chthreads.o
 .debug_ranges  0x0000000000000430       0x18 build/obj/chregistry.o
 .debug_ranges  0x0000000000000448      0x198 build/obj/chmtx.o
 .debug_ranges  0x00000000000005e0       0x40 build/obj/chmemcore.o
 .debug_ranges  0x0000000000000620       0x30 build/obj/chheap.o
 .debug_ranges  0x0000000000000650       0x38 build/obj/hal.o
 .debug_ranges  0x0000000000000688       0x78 build/obj/adc.o
 .debug_ranges  0x0000000000000700       0x80 build/obj/tm.o
 .debug_ranges  0x0000000000000780       0x80 build/obj/stm32_dma.o
 .debug_ranges  0x0000000000000800       0x30 build/obj/hal_lld.o
 .debug_ranges  0x0000000000000830       0xb0 build/obj/adc_lld.o
 .debug_ranges  0x00000000000008e0       0xc0 build/obj/pal_lld.o
 .debug_ranges  0x00000000000009a0       0x18 build/obj/board.o
 .debug_ranges  0x00000000000009b8       0x28 build/obj/main.o

.debug_line     0x0000000000000000     0x2df0
 .debug_line    0x0000000000000000       0xe3 build/obj/crt0.o
 .debug_line    0x00000000000000e3       0x88 build/obj/vectors.o
 .debug_line    0x000000000000016b       0x56 build/obj/chcore.o
 .debug_line    0x00000000000001c1      0x1d0 build/obj/chcore_v7m.o
 .debug_line    0x0000000000000391       0xc4 build/obj/nvic.o
 .debug_line    0x0000000000000455      0x1bd build/obj/chsys.o
 .debug_line    0x0000000000000612      0x2ac build/obj/chdebug.o
 .debug_line    0x00000000000008be      0x132 build/obj/chvt.o
 .debug_line    0x00000000000009f0      0x317 build/obj/chschd.o
 .debug_line    0x0000000000000d07      0x377 build/obj/chthreads.o
 .debug_line    0x000000000000107e      0x18a build/obj/chregistry.o
 .debug_line    0x0000000000001208      0x336 build/obj/chmtx.o
 .debug_line    0x000000000000153e      0x11f build/obj/chmemcore.o
 .debug_line    0x000000000000165d      0x250 build/obj/chheap.o
 .debug_line    0x00000000000018ad      0x214 build/obj/hal.o
 .debug_line    0x0000000000001ac1      0x36a build/obj/adc.o
 .debug_line    0x0000000000001e2b      0x19c build/obj/tm.o
 .debug_line    0x0000000000001fc7      0x335 build/obj/stm32_dma.o
 .debug_line    0x00000000000022fc      0x180 build/obj/hal_lld.o
 .debug_line    0x000000000000247c      0x44c build/obj/adc_lld.o
 .debug_line    0x00000000000028c8      0x185 build/obj/pal_lld.o
 .debug_line    0x0000000000002a4d      0x135 build/obj/board.o
 .debug_line    0x0000000000002b82      0x26e build/obj/main.o

.debug_str      0x0000000000000000     0x1ddd
 .debug_str     0x0000000000000000      0x2a0 build/obj/crt0.o
                                        0x2d4 (size before relaxing)
 .debug_str     0x00000000000002a0      0x148 build/obj/vectors.o
                                        0x2ff (size before relaxing)
 .debug_str     0x00000000000003e8       0x30 build/obj/chcore.o
                                        0x1d2 (size before relaxing)
 .debug_str     0x0000000000000418      0x377 build/obj/chcore_v7m.o
                                        0x540 (size before relaxing)
 .debug_str     0x000000000000078f       0xa1 build/obj/nvic.o
                                        0x2d1 (size before relaxing)
 .debug_str     0x0000000000000830      0x23d build/obj/chsys.o
                                        0x605 (size before relaxing)
 .debug_str     0x0000000000000a6d       0xfe build/obj/chdebug.o
                                        0x57c (size before relaxing)
 .debug_str     0x0000000000000b6b       0x39 build/obj/chvt.o
                                        0x26e (size before relaxing)
 .debug_str     0x0000000000000ba4       0xd8 build/obj/chschd.o
                                        0x53c (size before relaxing)
 .debug_str     0x0000000000000c7c       0xf2 build/obj/chthreads.o
                                        0x596 (size before relaxing)
 .debug_str     0x0000000000000d6e       0x45 build/obj/chregistry.o
                                        0x4ec (size before relaxing)
 .debug_str     0x0000000000000db3       0x94 build/obj/chmtx.o
                                        0x494 (size before relaxing)
 .debug_str     0x0000000000000e47       0x73 build/obj/chmemcore.o
                                        0x26e (size before relaxing)
 .debug_str     0x0000000000000eba       0xb6 build/obj/chheap.o
                                        0x433 (size before relaxing)
 .debug_str     0x0000000000000f70      0x15c build/obj/hal.o
                                        0x324 (size before relaxing)
 .debug_str     0x00000000000010cc      0x3ca build/obj/adc.o
                                        0x804 (size before relaxing)
 .debug_str     0x0000000000001496       0x6a build/obj/tm.o
                                        0x28e (size before relaxing)
 .debug_str     0x0000000000001500      0x5c0 build/obj/stm32_dma.o
                                        0x876 (size before relaxing)
 .debug_str     0x0000000000001ac0       0xd5 build/obj/hal_lld.o
                                        0x35b (size before relaxing)
 .debug_str     0x0000000000001b95       0xf9 build/obj/adc_lld.o
                                        0xd0a (size before relaxing)
 .debug_str     0x0000000000001c8e       0xcc build/obj/pal_lld.o
                                        0x373 (size before relaxing)
 .debug_str     0x0000000000001d5a       0x2d build/obj/board.o
                                        0x294 (size before relaxing)
 .debug_str     0x0000000000001d87       0x56 build/obj/main.o
                                        0x7cd (size before relaxing)

.comment        0x0000000000000000       0x70
 .comment       0x0000000000000000       0x70 build/obj/crt0.o
                                         0x71 (size before relaxing)
 .comment       0x0000000000000000       0x71 build/obj/vectors.o
 .comment       0x0000000000000000       0x71 build/obj/chcore.o
 .comment       0x0000000000000000       0x71 build/obj/chcore_v7m.o
 .comment       0x0000000000000000       0x71 build/obj/nvic.o
 .comment       0x0000000000000000       0x71 build/obj/chsys.o
 .comment       0x0000000000000000       0x71 build/obj/chdebug.o
 .comment       0x0000000000000000       0x71 build/obj/chvt.o
 .comment       0x0000000000000000       0x71 build/obj/chschd.o
 .comment       0x0000000000000000       0x71 build/obj/chthreads.o
 .comment       0x0000000000000000       0x71 build/obj/chregistry.o
 .comment       0x0000000000000000       0x71 build/obj/chmtx.o
 .comment       0x0000000000000000       0x71 build/obj/chmemcore.o
 .comment       0x0000000000000000       0x71 build/obj/chheap.o
 .comment       0x0000000000000000       0x71 build/obj/hal.o
 .comment       0x0000000000000000       0x71 build/obj/adc.o
 .comment       0x0000000000000000       0x71 build/obj/tm.o
 .comment       0x0000000000000000       0x71 build/obj/stm32_dma.o
 .comment       0x0000000000000000       0x71 build/obj/hal_lld.o
 .comment       0x0000000000000000       0x71 build/obj/adc_lld.o
 .comment       0x0000000000000000       0x71 build/obj/pal_lld.o
 .comment       0x0000000000000000       0x71 build/obj/board.o
 .comment       0x0000000000000000       0x71 build/obj/main.o

.ARM.attributes
                0x0000000000000000       0x33
 .ARM.attributes
                0x0000000000000000       0x33 build/obj/crt0.o
 .ARM.attributes
                0x0000000000000033       0x33 build/obj/vectors.o
 .ARM.attributes
                0x0000000000000066       0x33 build/obj/chcore.o
 .ARM.attributes
                0x0000000000000099       0x33 build/obj/chcore_v7m.o
 .ARM.attributes
                0x00000000000000cc       0x33 build/obj/nvic.o
 .ARM.attributes
                0x00000000000000ff       0x33 build/obj/chsys.o
 .ARM.attributes
                0x0000000000000132       0x33 build/obj/chdebug.o
 .ARM.attributes
                0x0000000000000165       0x33 build/obj/chvt.o
 .ARM.attributes
                0x0000000000000198       0x33 build/obj/chschd.o
 .ARM.attributes
                0x00000000000001cb       0x33 build/obj/chthreads.o
 .ARM.attributes
                0x00000000000001fe       0x33 build/obj/chregistry.o
 .ARM.attributes
                0x0000000000000231       0x33 build/obj/chmtx.o
 .ARM.attributes
                0x0000000000000264       0x33 build/obj/chmemcore.o
 .ARM.attributes
                0x0000000000000297       0x33 build/obj/chheap.o
 .ARM.attributes
                0x00000000000002ca       0x33 build/obj/hal.o
 .ARM.attributes
                0x00000000000002fd       0x33 build/obj/adc.o
 .ARM.attributes
                0x0000000000000330       0x33 build/obj/tm.o
 .ARM.attributes
                0x0000000000000363       0x33 build/obj/stm32_dma.o
 .ARM.attributes
                0x0000000000000396       0x33 build/obj/hal_lld.o
 .ARM.attributes
                0x00000000000003c9       0x33 build/obj/adc_lld.o
 .ARM.attributes
                0x00000000000003fc       0x33 build/obj/pal_lld.o
 .ARM.attributes
                0x000000000000042f       0x33 build/obj/board.o
 .ARM.attributes
                0x0000000000000462       0x33 build/obj/main.o

.debug_frame    0x0000000000000000      0xf24
 .debug_frame   0x0000000000000000       0x50 build/obj/crt0.o
 .debug_frame   0x0000000000000050       0x20 build/obj/vectors.o
 .debug_frame   0x0000000000000070       0x20 build/obj/chcore.o
 .debug_frame   0x0000000000000090       0xa4 build/obj/chcore_v7m.o
 .debug_frame   0x0000000000000134       0x64 build/obj/nvic.o
 .debug_frame   0x0000000000000198       0x64 build/obj/chsys.o
 .debug_frame   0x00000000000001fc      0x140 build/obj/chdebug.o
 .debug_frame   0x000000000000033c       0x64 build/obj/chvt.o
 .debug_frame   0x00000000000003a0      0x128 build/obj/chschd.o
 .debug_frame   0x00000000000004c8      0x1b8 build/obj/chthreads.o
 .debug_frame   0x0000000000000680       0x4c build/obj/chregistry.o
 .debug_frame   0x00000000000006cc      0x100 build/obj/chmtx.o
 .debug_frame   0x00000000000007cc       0x68 build/obj/chmemcore.o
 .debug_frame   0x0000000000000834       0xb0 build/obj/chheap.o
 .debug_frame   0x00000000000008e4       0x4c build/obj/hal.o
 .debug_frame   0x0000000000000930      0x154 build/obj/adc.o
 .debug_frame   0x0000000000000a84       0x64 build/obj/tm.o
 .debug_frame   0x0000000000000ae8      0x1c4 build/obj/stm32_dma.o
 .debug_frame   0x0000000000000cac       0x48 build/obj/hal_lld.o
 .debug_frame   0x0000000000000cf4      0x13c build/obj/adc_lld.o
 .debug_frame   0x0000000000000e30       0x5c build/obj/pal_lld.o
 .debug_frame   0x0000000000000e8c       0x30 build/obj/board.o
 .debug_frame   0x0000000000000ebc       0x68 build/obj/main.o

Cross Reference Table

Symbol                                            File
ADCD1                                             build/obj/adc_lld.o
                                                  build/obj/main.o
ADCD3                                             build/obj/adc_lld.o
BusFaultVector                                    build/obj/vectors.o
DebugMonitorVector                                build/obj/vectors.o
HardFaultVector                                   build/obj/vectors.o
MemManageVector                                   build/obj/vectors.o
NMIVector                                         build/obj/vectors.o
PendSVVector                                      build/obj/vectors.o
ResetHandler                                      build/obj/crt0.o
                                                  build/obj/vectors.o
SVCallVector                                      build/obj/chcore_v7m.o
                                                  build/obj/vectors.o
SysTickVector                                     build/obj/chcore_v7m.o
                                                  build/obj/vectors.o
UsageFaultVector                                  build/obj/vectors.o
Vector100                                         build/obj/vectors.o
Vector104                                         build/obj/vectors.o
Vector108                                         build/obj/vectors.o
Vector10C                                         build/obj/vectors.o
Vector110                                         build/obj/vectors.o
Vector114                                         build/obj/vectors.o
Vector118                                         build/obj/vectors.o
Vector11C                                         build/obj/vectors.o
Vector120                                         build/obj/stm32_dma.o
                                                  build/obj/vectors.o
Vector124                                         build/obj/stm32_dma.o
                                                  build/obj/vectors.o
Vector128                                         build/obj/stm32_dma.o
                                                  build/obj/vectors.o
Vector12C                                         build/obj/stm32_dma.o
                                                  build/obj/vectors.o
Vector130                                         build/obj/stm32_dma.o
                                                  build/obj/vectors.o
Vector134                                         build/obj/vectors.o
Vector138                                         build/obj/vectors.o
Vector13C                                         build/obj/vectors.o
Vector140                                         build/obj/vectors.o
Vector144                                         build/obj/vectors.o
Vector148                                         build/obj/vectors.o
Vector14C                                         build/obj/vectors.o
Vector150                                         build/obj/vectors.o
Vector154                                         build/obj/vectors.o
Vector158                                         build/obj/vectors.o
Vector15C                                         build/obj/vectors.o
Vector160                                         build/obj/vectors.o
Vector164                                         build/obj/vectors.o
Vector168                                         build/obj/vectors.o
Vector16C                                         build/obj/vectors.o
Vector170                                         build/obj/vectors.o
Vector174                                         build/obj/vectors.o
Vector178                                         build/obj/vectors.o
Vector17C                                         build/obj/vectors.o
Vector180                                         build/obj/vectors.o
Vector184                                         build/obj/vectors.o
Vector1C                                          build/obj/vectors.o
Vector20                                          build/obj/vectors.o
Vector24                                          build/obj/vectors.o
Vector28                                          build/obj/vectors.o
Vector34                                          build/obj/vectors.o
Vector40                                          build/obj/vectors.o
Vector44                                          build/obj/vectors.o
Vector48                                          build/obj/vectors.o
Vector4C                                          build/obj/vectors.o
Vector50                                          build/obj/vectors.o
Vector54                                          build/obj/vectors.o
Vector58                                          build/obj/vectors.o
Vector5C                                          build/obj/vectors.o
Vector60                                          build/obj/vectors.o
Vector64                                          build/obj/vectors.o
Vector68                                          build/obj/vectors.o
Vector6C                                          build/obj/stm32_dma.o
                                                  build/obj/vectors.o
Vector70                                          build/obj/stm32_dma.o
                                                  build/obj/vectors.o
Vector74                                          build/obj/stm32_dma.o
                                                  build/obj/vectors.o
Vector78                                          build/obj/stm32_dma.o
                                                  build/obj/vectors.o
Vector7C                                          build/obj/stm32_dma.o
                                                  build/obj/vectors.o
Vector80                                          build/obj/stm32_dma.o
                                                  build/obj/vectors.o
Vector84                                          build/obj/stm32_dma.o
                                                  build/obj/vectors.o
Vector88                                          build/obj/adc_lld.o
                                                  build/obj/vectors.o
Vector8C                                          build/obj/vectors.o
Vector90                                          build/obj/vectors.o
Vector94                                          build/obj/vectors.o
Vector98                                          build/obj/vectors.o
Vector9C                                          build/obj/vectors.o
VectorA0                                          build/obj/vectors.o
VectorA4                                          build/obj/vectors.o
VectorA8                                          build/obj/vectors.o
VectorAC                                          build/obj/vectors.o
VectorB0                                          build/obj/vectors.o
VectorB4                                          build/obj/vectors.o
VectorB8                                          build/obj/vectors.o
VectorBC                                          build/obj/vectors.o
VectorC0                                          build/obj/vectors.o
VectorC4                                          build/obj/vectors.o
VectorC8                                          build/obj/vectors.o
VectorCC                                          build/obj/vectors.o
VectorD0                                          build/obj/vectors.o
VectorD4                                          build/obj/vectors.o
VectorD8                                          build/obj/vectors.o
VectorDC                                          build/obj/vectors.o
VectorE0                                          build/obj/vectors.o
VectorE4                                          build/obj/vectors.o
VectorE8                                          build/obj/vectors.o
VectorEC                                          build/obj/vectors.o
VectorF0                                          build/obj/vectors.o
VectorF4                                          build/obj/vectors.o
VectorF8                                          build/obj/vectors.o
VectorFC                                          build/obj/adc_lld.o
                                                  build/obj/vectors.o
__early_init                                      build/obj/board.o
                                                  build/obj/crt0.o
__fini_array_end                                  build/obj/crt0.o
__fini_array_start                                build/obj/crt0.o
__heap_base__                                     build/obj/chmemcore.o
__heap_end__                                      build/obj/chmemcore.o
__init_array_end                                  build/obj/crt0.o
__init_array_start                                build/obj/crt0.o
__late_init                                       build/obj/crt0.o
__main_stack_base__                               build/obj/crt0.o
__main_stack_end__                                build/obj/vectors.o
                                                  build/obj/crt0.o
__main_thread_stack_base__                        build/obj/chsys.o
__process_stack_base__                            build/obj/crt0.o
__process_stack_end__                             build/obj/crt0.o
_bss_end                                          build/obj/crt0.o
_bss_start                                        build/obj/crt0.o
_core_init                                        build/obj/chmemcore.o
                                                  build/obj/chsys.o
_data                                             build/obj/crt0.o
_default_exit                                     build/obj/crt0.o
_edata                                            build/obj/crt0.o
_heap_init                                        build/obj/chheap.o
                                                  build/obj/chsys.o
_idle_thread                                      build/obj/chsys.o
_idle_thread_wa                                   build/obj/chsys.o
_pal_lld_init                                     build/obj/pal_lld.o
                                                  build/obj/hal.o
_pal_lld_setgroupmode                             build/obj/pal_lld.o
                                                  build/obj/main.o
                                                  build/obj/pal.o
_port_init                                        build/obj/chcore_v7m.o
                                                  build/obj/chsys.o
_port_irq_epilogue                                build/obj/chcore_v7m.o
                                                  build/obj/adc_lld.o
                                                  build/obj/stm32_dma.o
_port_switch                                      build/obj/chcore_v7m.o
                                                  build/obj/chschd.o
_port_switch_from_isr                             build/obj/chcore_v7m.o
_port_thread_start                                build/obj/chcore_v7m.o
                                                  build/obj/chthreads.o
_scheduler_init                                   build/obj/chschd.o
                                                  build/obj/chsys.o
_stm32_dma_streams                                build/obj/stm32_dma.o
                                                  build/obj/adc_lld.o
_textdata                                         build/obj/crt0.o
_thread_init                                      build/obj/chthreads.o
                                                  build/obj/chsys.o
_thread_memfill                                   build/obj/chthreads.o
                                                  build/obj/chdynamic.o
_trace_init                                       build/obj/chdebug.o
                                                  build/obj/chsys.o
_unhandled_exception                              build/obj/vectors.o
_vectors                                          build/obj/vectors.o
_vt_init                                          build/obj/chvt.o
                                                  build/obj/chsys.o
adcAcquireBus                                     build/obj/adc.o
adcConvert                                        build/obj/adc.o
                                                  build/obj/main.o
adcInit                                           build/obj/adc.o
                                                  build/obj/hal.o
adcObjectInit                                     build/obj/adc.o
                                                  build/obj/adc_lld.o
adcReleaseBus                                     build/obj/adc.o
adcStart                                          build/obj/adc.o
                                                  build/obj/main.o
adcStartConversion                                build/obj/adc.o
                                                  build/obj/main.o
adcStartConversionI                               build/obj/adc.o
adcStop                                           build/obj/adc.o
adcStopConversion                                 build/obj/adc.o
                                                  build/obj/main.o
adcStopConversionI                                build/obj/adc.o
adc_lld_init                                      build/obj/adc_lld.o
                                                  build/obj/adc.o
adc_lld_start                                     build/obj/adc_lld.o
                                                  build/obj/adc.o
adc_lld_start_conversion                          build/obj/adc_lld.o
                                                  build/obj/adc.o
adc_lld_stop                                      build/obj/adc_lld.o
                                                  build/obj/adc.o
adc_lld_stop_conversion                           build/obj/adc_lld.o
                                                  build/obj/adc.o
boardInit                                         build/obj/board.o
                                                  build/obj/hal.o
chCondBroadcast                                   build/obj/chcond.o
chCondBroadcastI                                  build/obj/chcond.o
chCondInit                                        build/obj/chcond.o
chCondSignal                                      build/obj/chcond.o
chCondSignalI                                     build/obj/chcond.o
chCondWait                                        build/obj/chcond.o
chCondWaitS                                       build/obj/chcond.o
chCondWaitTimeout                                 build/obj/chcond.o
chCondWaitTimeoutS                                build/obj/chcond.o
chCoreAlloc                                       build/obj/chmemcore.o
                                                  build/obj/chheap.o
chCoreAllocI                                      build/obj/chmemcore.o
chCoreStatus                                      build/obj/chmemcore.o
chDbgCheckClassI                                  build/obj/chdebug.o
                                                  build/obj/adc.o
                                                  build/obj/chmempools.o
                                                  build/obj/chmemcore.o
                                                  build/obj/chqueues.o
                                                  build/obj/chmboxes.o
                                                  build/obj/chevents.o
                                                  build/obj/chcond.o
                                                  build/obj/chsem.o
                                                  build/obj/chthreads.o
                                                  build/obj/chschd.o
                                                  build/obj/chvt.o
                                                  build/obj/chsys.o
chDbgCheckClassS                                  build/obj/chdebug.o
                                                  build/obj/chmboxes.o
                                                  build/obj/chcond.o
                                                  build/obj/chmtx.o
                                                  build/obj/chsem.o
                                                  build/obj/chschd.o
chDbgPanic                                        build/obj/chdebug.o
                                                  build/obj/adc_lld.o
                                                  build/obj/stm32_dma.o
                                                  build/obj/pal.o
                                                  build/obj/adc.o
                                                  build/obj/chmempools.o
                                                  build/obj/chheap.o
                                                  build/obj/chqueues.o
                                                  build/obj/chmboxes.o
                                                  build/obj/chmsg.o
                                                  build/obj/chevents.o
                                                  build/obj/chcond.o
                                                  build/obj/chmtx.o
                                                  build/obj/chsem.o
                                                  build/obj/chregistry.o
                                                  build/obj/chdynamic.o
                                                  build/obj/chthreads.o
                                                  build/obj/chschd.o
                                                  build/obj/chvt.o
chEvtAddEvents                                    build/obj/chevents.o
chEvtBroadcastFlags                               build/obj/chevents.o
chEvtBroadcastFlagsI                              build/obj/chevents.o
chEvtDispatch                                     build/obj/chevents.o
chEvtGetAndClearEvents                            build/obj/chevents.o
chEvtGetAndClearFlags                             build/obj/chevents.o
chEvtGetAndClearFlagsI                            build/obj/chevents.o
chEvtRegisterMask                                 build/obj/chevents.o
chEvtSignal                                       build/obj/chevents.o
chEvtSignalI                                      build/obj/chevents.o
chEvtUnregister                                   build/obj/chevents.o
chEvtWaitAll                                      build/obj/chevents.o
chEvtWaitAllTimeout                               build/obj/chevents.o
chEvtWaitAny                                      build/obj/chevents.o
chEvtWaitAnyTimeout                               build/obj/chevents.o
chEvtWaitOne                                      build/obj/chevents.o
chEvtWaitOneTimeout                               build/obj/chevents.o
chHeapAlloc                                       build/obj/chheap.o
                                                  build/obj/chdynamic.o
chHeapFree                                        build/obj/chheap.o
                                                  build/obj/chdynamic.o
chHeapInit                                        build/obj/chheap.o
chHeapStatus                                      build/obj/chheap.o
chIQGetTimeout                                    build/obj/chqueues.o
chIQInit                                          build/obj/chqueues.o
chIQPutI                                          build/obj/chqueues.o
chIQReadTimeout                                   build/obj/chqueues.o
chIQResetI                                        build/obj/chqueues.o
chMBFetch                                         build/obj/chmboxes.o
chMBFetchI                                        build/obj/chmboxes.o
chMBFetchS                                        build/obj/chmboxes.o
chMBInit                                          build/obj/chmboxes.o
chMBPost                                          build/obj/chmboxes.o
chMBPostAhead                                     build/obj/chmboxes.o
chMBPostAheadI                                    build/obj/chmboxes.o
chMBPostAheadS                                    build/obj/chmboxes.o
chMBPostI                                         build/obj/chmboxes.o
chMBPostS                                         build/obj/chmboxes.o
chMBReset                                         build/obj/chmboxes.o
chMsgRelease                                      build/obj/chmsg.o
chMsgSend                                         build/obj/chmsg.o
chMsgWait                                         build/obj/chmsg.o
chMtxInit                                         build/obj/chmtx.o
                                                  build/obj/adc.o
                                                  build/obj/chheap.o
chMtxLock                                         build/obj/chmtx.o
                                                  build/obj/adc.o
                                                  build/obj/chheap.o
chMtxLockS                                        build/obj/chmtx.o
                                                  build/obj/chcond.o
chMtxTryLock                                      build/obj/chmtx.o
chMtxTryLockS                                     build/obj/chmtx.o
chMtxUnlock                                       build/obj/chmtx.o
                                                  build/obj/adc.o
                                                  build/obj/chheap.o
chMtxUnlockAll                                    build/obj/chmtx.o
chMtxUnlockS                                      build/obj/chmtx.o
                                                  build/obj/chcond.o
chOQGetI                                          build/obj/chqueues.o
chOQInit                                          build/obj/chqueues.o
chOQPutTimeout                                    build/obj/chqueues.o
chOQResetI                                        build/obj/chqueues.o
chOQWriteTimeout                                  build/obj/chqueues.o
chPoolAlloc                                       build/obj/chmempools.o
                                                  build/obj/chdynamic.o
chPoolAllocI                                      build/obj/chmempools.o
chPoolFree                                        build/obj/chmempools.o
                                                  build/obj/chdynamic.o
chPoolFreeI                                       build/obj/chmempools.o
chPoolInit                                        build/obj/chmempools.o
chPoolLoadArray                                   build/obj/chmempools.o
chRegFirstThread                                  build/obj/chregistry.o
chRegNextThread                                   build/obj/chregistry.o
chSchDoReschedule                                 build/obj/chschd.o
                                                  build/obj/chcore_v7m.o
chSchDoRescheduleAhead                            build/obj/chschd.o
chSchDoRescheduleBehind                           build/obj/chschd.o
                                                  build/obj/chthreads.o
chSchGoSleepS                                     build/obj/chschd.o
                                                  build/obj/adc.o
                                                  build/obj/chmsg.o
                                                  build/obj/chevents.o
                                                  build/obj/chcond.o
                                                  build/obj/chmtx.o
                                                  build/obj/chsem.o
                                                  build/obj/chthreads.o
chSchGoSleepTimeoutS                              build/obj/chschd.o
                                                  build/obj/chqueues.o
                                                  build/obj/chevents.o
                                                  build/obj/chcond.o
                                                  build/obj/chsem.o
                                                  build/obj/chthreads.o
chSchReadyI                                       build/obj/chschd.o
                                                  build/obj/adc_lld.o
                                                  build/obj/adc.o
                                                  build/obj/chqueues.o
                                                  build/obj/chmsg.o
                                                  build/obj/chevents.o
                                                  build/obj/chcond.o
                                                  build/obj/chmtx.o
                                                  build/obj/chsem.o
                                                  build/obj/chthreads.o
chSchRescheduleS                                  build/obj/chschd.o
                                                  build/obj/chmboxes.o
                                                  build/obj/chevents.o
                                                  build/obj/chcond.o
                                                  build/obj/chmtx.o
                                                  build/obj/chsem.o
                                                  build/obj/chthreads.o
chSchWakeupS                                      build/obj/chschd.o
                                                  build/obj/adc.o
                                                  build/obj/chmsg.o
                                                  build/obj/chcond.o
                                                  build/obj/chmtx.o
                                                  build/obj/chsem.o
                                                  build/obj/chdynamic.o
                                                  build/obj/chthreads.o
chSemAddCounterI                                  build/obj/chsem.o
chSemInit                                         build/obj/chsem.o
                                                  build/obj/chmboxes.o
chSemReset                                        build/obj/chsem.o
chSemResetI                                       build/obj/chsem.o
                                                  build/obj/chmboxes.o
chSemSignal                                       build/obj/chsem.o
chSemSignalI                                      build/obj/chsem.o
                                                  build/obj/chmboxes.o
chSemSignalWait                                   build/obj/chsem.o
chSemWait                                         build/obj/chsem.o
chSemWaitS                                        build/obj/chsem.o
chSemWaitTimeout                                  build/obj/chsem.o
chSemWaitTimeoutS                                 build/obj/chsem.o
                                                  build/obj/chmboxes.o
chSysInit                                         build/obj/chsys.o
                                                  build/obj/main.o
chSysTimerHandlerI                                build/obj/chsys.o
                                                  build/obj/chcore_v7m.o
chThdAddRef                                       build/obj/chdynamic.o
chThdCreateFromHeap                               build/obj/chdynamic.o
chThdCreateFromMemoryPool                         build/obj/chdynamic.o
chThdCreateI                                      build/obj/chthreads.o
                                                  build/obj/chdynamic.o
chThdCreateStatic                                 build/obj/chthreads.o
                                                  build/obj/main.o
                                                  build/obj/chsys.o
chThdExit                                         build/obj/chthreads.o
                                                  build/obj/chcore_v7m.o
chThdExitS                                        build/obj/chthreads.o
chThdRelease                                      build/obj/chdynamic.o
                                                  build/obj/chregistry.o
                                                  build/obj/chthreads.o
chThdResume                                       build/obj/chthreads.o
chThdSetPriority                                  build/obj/chthreads.o
chThdSleep                                        build/obj/chthreads.o
                                                  build/obj/main.o
chThdSleepUntil                                   build/obj/chthreads.o
chThdTerminate                                    build/obj/chthreads.o
chThdWait                                         build/obj/chthreads.o
chThdYield                                        build/obj/chthreads.o
chVTResetI                                        build/obj/chvt.o
                                                  build/obj/chschd.o
chVTSetI                                          build/obj/chvt.o
                                                  build/obj/chschd.o
ch_debug                                          build/obj/chregistry.o
                                                  build/obj/chsys.o
dbg_check_disable                                 build/obj/chdebug.o
dbg_check_enable                                  build/obj/chdebug.o
                                                  build/obj/chsys.o
dbg_check_enter_isr                               build/obj/chdebug.o
                                                  build/obj/adc_lld.o
                                                  build/obj/stm32_dma.o
                                                  build/obj/chcore_v7m.o
dbg_check_leave_isr                               build/obj/chdebug.o
                                                  build/obj/adc_lld.o
                                                  build/obj/stm32_dma.o
                                                  build/obj/chcore_v7m.o
dbg_check_lock                                    build/obj/chdebug.o
                                                  build/obj/adc.o
                                                  build/obj/chmempools.o
                                                  build/obj/chmemcore.o
                                                  build/obj/chqueues.o
                                                  build/obj/chmboxes.o
                                                  build/obj/chmsg.o
                                                  build/obj/chevents.o
                                                  build/obj/chcond.o
                                                  build/obj/chmtx.o
                                                  build/obj/chsem.o
                                                  build/obj/chregistry.o
                                                  build/obj/chdynamic.o
                                                  build/obj/chthreads.o
                                                  build/obj/chcore_v7m.o
dbg_check_lock_from_isr                           build/obj/chdebug.o
                                                  build/obj/adc_lld.o
                                                  build/obj/chschd.o
                                                  build/obj/chsys.o
                                                  build/obj/chcore_v7m.o
dbg_check_suspend                                 build/obj/chdebug.o
dbg_check_unlock                                  build/obj/chdebug.o
                                                  build/obj/adc.o
                                                  build/obj/chmempools.o
                                                  build/obj/chmemcore.o
                                                  build/obj/chqueues.o
                                                  build/obj/chmboxes.o
                                                  build/obj/chmsg.o
                                                  build/obj/chevents.o
                                                  build/obj/chcond.o
                                                  build/obj/chmtx.o
                                                  build/obj/chsem.o
                                                  build/obj/chregistry.o
                                                  build/obj/chdynamic.o
                                                  build/obj/chthreads.o
                                                  build/obj/chcore_v7m.o
dbg_check_unlock_from_isr                         build/obj/chdebug.o
                                                  build/obj/adc_lld.o
                                                  build/obj/chschd.o
                                                  build/obj/chsys.o
                                                  build/obj/chcore_v7m.o
dbg_isr_cnt                                       build/obj/chdebug.o
dbg_lock_cnt                                      build/obj/chdebug.o
dbg_panic_msg                                     build/obj/chdebug.o
dbg_trace                                         build/obj/chdebug.o
                                                  build/obj/chschd.o
dbg_trace_buffer                                  build/obj/chdebug.o
dmaInit                                           build/obj/stm32_dma.o
                                                  build/obj/hal_lld.o
dmaStreamAllocate                                 build/obj/stm32_dma.o
                                                  build/obj/adc_lld.o
dmaStreamRelease                                  build/obj/stm32_dma.o
                                                  build/obj/adc_lld.o
halInit                                           build/obj/hal.o
                                                  build/obj/main.o
halIsCounterWithin                                build/obj/hal.o
halPolledDelay                                    build/obj/hal.o
                                                  build/obj/adc_lld.o
hal_lld_init                                      build/obj/hal_lld.o
                                                  build/obj/hal.o
main                                              build/obj/main.o
                                                  build/obj/crt0.o
nvicDisableVector                                 build/obj/nvic.o
                                                  build/obj/stm32_dma.o
nvicEnableVector                                  build/obj/nvic.o
                                                  build/obj/adc_lld.o
                                                  build/obj/stm32_dma.o
nvicSetSystemHandlerPriority                      build/obj/nvic.o
                                                  build/obj/chcore_v7m.o
nx                                                build/obj/main.o
ny                                                build/obj/main.o
palReadBus                                        build/obj/pal.o
palSetBusMode                                     build/obj/pal.o
palWriteBus                                       build/obj/pal.o
pal_default_config                                build/obj/board.o
                                                  build/obj/hal.o
port_halt                                         build/obj/chcore.o
                                                  build/obj/chdebug.o
rlist                                             build/obj/chschd.o
                                                  build/obj/main.o
                                                  build/obj/adc.o
                                                  build/obj/chqueues.o
                                                  build/obj/chmsg.o
                                                  build/obj/chevents.o
                                                  build/obj/chcond.o
                                                  build/obj/chmtx.o
                                                  build/obj/chsem.o
                                                  build/obj/chregistry.o
                                                  build/obj/chthreads.o
                                                  build/obj/chdebug.o
                                                  build/obj/chsys.o
                                                  build/obj/chcore_v7m.o
stm32_clock_init                                  build/obj/hal_lld.o
                                                  build/obj/board.o
tmInit                                            build/obj/tm.o
                                                  build/obj/hal.o
tmObjectInit                                      build/obj/tm.o
vtlist                                            build/obj/chvt.o
                                                  build/obj/chthreads.o
                                                  build/obj/chdebug.o
                                                  build/obj/chsys.o
