Archive member included because of file (symbol)

/usr/bin/../lib/gcc/arm-none-eabi/4.8.3/../../../../arm-none-eabi/lib/armv7e-m/libc.a(lib_a-memset.o)
                              build/obj/usb.o (memset)
/usr/bin/../lib/gcc/arm-none-eabi/4.8.3/../../../../arm-none-eabi/lib/armv7e-m/libc.a(lib_a-strcasecmp.o)
                              build/obj/shell.o (strcasecmp)
/usr/bin/../lib/gcc/arm-none-eabi/4.8.3/../../../../arm-none-eabi/lib/armv7e-m/libc.a(lib_a-strpbrk.o)
                              build/obj/shell.o (strpbrk)
/usr/bin/../lib/gcc/arm-none-eabi/4.8.3/../../../../arm-none-eabi/lib/armv7e-m/libc.a(lib_a-strspn.o)
                              build/obj/shell.o (strspn)
/usr/bin/../lib/gcc/arm-none-eabi/4.8.3/../../../../arm-none-eabi/lib/armv7e-m/libc.a(lib_a-ctype_.o)
                              /usr/bin/../lib/gcc/arm-none-eabi/4.8.3/../../../../arm-none-eabi/lib/armv7e-m/libc.a(lib_a-strcasecmp.o) (__ctype_ptr__)

Discarded input sections

 .text          0x0000000000000000        0x0 build/obj/crt0.o
 .data          0x0000000000000000        0x0 build/obj/crt0.o
 .bss           0x0000000000000000        0x0 build/obj/crt0.o
 .text.__early_init
                0x0000000000000000       0x10 build/obj/crt0.o
 .text          0x0000000000000000        0x0 build/obj/vectors.o
 .data          0x0000000000000000        0x0 build/obj/vectors.o
 .bss           0x0000000000000000        0x0 build/obj/vectors.o
 .text          0x0000000000000000        0x0 build/obj/chcore.o
 .data          0x0000000000000000        0x0 build/obj/chcore.o
 .bss           0x0000000000000000        0x0 build/obj/chcore.o
 .text          0x0000000000000000        0x0 build/obj/chcore_v7m.o
 .data          0x0000000000000000        0x0 build/obj/chcore_v7m.o
 .bss           0x0000000000000000        0x0 build/obj/chcore_v7m.o
 .text          0x0000000000000000        0x0 build/obj/nvic.o
 .data          0x0000000000000000        0x0 build/obj/nvic.o
 .bss           0x0000000000000000        0x0 build/obj/nvic.o
 .text.nvicDisableVector
                0x0000000000000000       0x50 build/obj/nvic.o
 .text          0x0000000000000000        0x0 build/obj/chsys.o
 .data          0x0000000000000000        0x0 build/obj/chsys.o
 .bss           0x0000000000000000        0x0 build/obj/chsys.o
 .text          0x0000000000000000        0x0 build/obj/chdebug.o
 .data          0x0000000000000000        0x0 build/obj/chdebug.o
 .bss           0x0000000000000000        0x0 build/obj/chdebug.o
 .text.dbg_check_disable
                0x0000000000000000       0x30 build/obj/chdebug.o
 .text.dbg_check_suspend
                0x0000000000000000       0x30 build/obj/chdebug.o
 .text          0x0000000000000000        0x0 build/obj/chlists.o
 .data          0x0000000000000000        0x0 build/obj/chlists.o
 .bss           0x0000000000000000        0x0 build/obj/chlists.o
 .debug_info    0x0000000000000000       0x79 build/obj/chlists.o
 .debug_abbrev  0x0000000000000000       0x26 build/obj/chlists.o
 .debug_aranges
                0x0000000000000000       0x18 build/obj/chlists.o
 .debug_line    0x0000000000000000       0x1d build/obj/chlists.o
 .debug_str     0x0000000000000000      0x1c7 build/obj/chlists.o
 .comment       0x0000000000000000       0x71 build/obj/chlists.o
 .ARM.attributes
                0x0000000000000000       0x33 build/obj/chlists.o
 .text          0x0000000000000000        0x0 build/obj/chvt.o
 .data          0x0000000000000000        0x0 build/obj/chvt.o
 .bss           0x0000000000000000        0x0 build/obj/chvt.o
 .text          0x0000000000000000        0x0 build/obj/chschd.o
 .data          0x0000000000000000        0x0 build/obj/chschd.o
 .bss           0x0000000000000000        0x0 build/obj/chschd.o
 .text          0x0000000000000000        0x0 build/obj/chthreads.o
 .data          0x0000000000000000        0x0 build/obj/chthreads.o
 .bss           0x0000000000000000        0x0 build/obj/chthreads.o
 .text          0x0000000000000000        0x0 build/obj/chdynamic.o
 .data          0x0000000000000000        0x0 build/obj/chdynamic.o
 .bss           0x0000000000000000        0x0 build/obj/chdynamic.o
 .text          0x0000000000000000        0x0 build/obj/chregistry.o
 .data          0x0000000000000000        0x0 build/obj/chregistry.o
 .bss           0x0000000000000000        0x0 build/obj/chregistry.o
 .text          0x0000000000000000        0x0 build/obj/chsem.o
 .data          0x0000000000000000        0x0 build/obj/chsem.o
 .bss           0x0000000000000000        0x0 build/obj/chsem.o
 .text          0x0000000000000000        0x0 build/obj/chmtx.o
 .data          0x0000000000000000        0x0 build/obj/chmtx.o
 .bss           0x0000000000000000        0x0 build/obj/chmtx.o
 .text          0x0000000000000000        0x0 build/obj/chcond.o
 .data          0x0000000000000000        0x0 build/obj/chcond.o
 .bss           0x0000000000000000        0x0 build/obj/chcond.o
[...]
Memory Configuration

Name             Origin             Length             Attributes
flash            0x0000000008000000 0x0000000000040000
ram              0x0000000020000000 0x000000000000a000
ccmram           0x0000000010000000 0x0000000000002000
*default*        0x0000000000000000 0xffffffffffffffff

Linker script and memory map

LOAD build/obj/crt0.o
LOAD build/obj/vectors.o
LOAD build/obj/chcore.o
LOAD build/obj/chcore_v7m.o
LOAD build/obj/nvic.o
LOAD build/obj/chsys.o
LOAD build/obj/chdebug.o
LOAD build/obj/chlists.o
LOAD build/obj/chvt.o
LOAD build/obj/chschd.o
LOAD build/obj/chthreads.o
LOAD build/obj/chdynamic.o
LOAD build/obj/chregistry.o
LOAD build/obj/chsem.o
LOAD build/obj/chmtx.o
LOAD build/obj/chcond.o
LOAD build/obj/chevents.o
LOAD build/obj/chmsg.o
LOAD build/obj/chmboxes.o
LOAD build/obj/chqueues.o
LOAD build/obj/chmemcore.o
LOAD build/obj/chheap.o
LOAD build/obj/chmempools.o
LOAD build/obj/test.o
LOAD build/obj/testthd.o
LOAD build/obj/testsem.o
LOAD build/obj/testmtx.o
LOAD build/obj/testmsg.o
LOAD build/obj/testmbox.o
LOAD build/obj/testevt.o
LOAD build/obj/testheap.o
LOAD build/obj/testpools.o
LOAD build/obj/testdyn.o
LOAD build/obj/testqueues.o
LOAD build/obj/testbmk.o
LOAD build/obj/hal.o
LOAD build/obj/adc.o
LOAD build/obj/can.o
LOAD build/obj/dac.o
LOAD build/obj/ext.o
LOAD build/obj/gpt.o
LOAD build/obj/i2c.o
LOAD build/obj/icu.o
LOAD build/obj/mac.o
LOAD build/obj/mmc_spi.o
LOAD build/obj/mmcsd.o
LOAD build/obj/pal.o
LOAD build/obj/pwm.o
LOAD build/obj/rtc.o
LOAD build/obj/sdc.o
LOAD build/obj/serial.o
LOAD build/obj/serial_usb.o
LOAD build/obj/spi.o
LOAD build/obj/tm.o
LOAD build/obj/uart.o
LOAD build/obj/usb.o
LOAD build/obj/stm32_dma.o
LOAD build/obj/hal_lld.o
LOAD build/obj/adc_lld.o
LOAD build/obj/ext_lld_isr.o
LOAD build/obj/can_lld.o
LOAD build/obj/ext_lld.o
LOAD build/obj/pal_lld.o
LOAD build/obj/i2c_lld.o
LOAD build/obj/rtc_lld.o
LOAD build/obj/spi_lld.o
LOAD build/obj/gpt_lld.o
LOAD build/obj/icu_lld.o
LOAD build/obj/pwm_lld.o
LOAD build/obj/serial_lld.o
LOAD build/obj/uart_lld.o
LOAD build/obj/usb_lld.o
LOAD build/obj/board.o
LOAD build/obj/shell.o
LOAD build/obj/chprintf.o
LOAD build/obj/main.o
START GROUP
LOAD /usr/bin/../lib/gcc/arm-none-eabi/4.8.3/armv7e-m/libgcc.a
LOAD /usr/bin/../lib/gcc/arm-none-eabi/4.8.3/../../../../arm-none-eabi/lib/armv7e-m/libc.a
END GROUP
                0x0000000000000400                __main_stack_size__ = 0x400
                0x0000000000000400                __process_stack_size__ = 0x400
                0x0000000020000000                __ram_start__ = ORIGIN (ram)
                0x000000000000a000                __ram_size__ = 0xa000
                0x000000002000a000                __ram_end__ = (__ram_start__ + __ram_size__)
                0x0000000000000000                . = 0x0
                0x0000000000000000                _text = .

startup         0x0000000008000000      0x188
 *(vectors)
 vectors        0x0000000008000000      0x188 build/obj/vectors.o
                0x0000000008000000                _vectors

constructors    0x0000000008000188        0x0
                0x0000000008000188                PROVIDE (__init_array_start, .)
 *(SORT(.init_array.*))
 *(.init_array)
                0x0000000008000188                PROVIDE (__init_array_end, .)

destructors     0x0000000008000188        0x0
                0x0000000008000188                PROVIDE (__fini_array_start, .)
 *(.fini_array)
 *(SORT(.fini_array.*))
                0x0000000008000188                PROVIDE (__fini_array_end, .)

.text           0x0000000008000190     0xa3a4
 *(.text.startup.*)
 .text.startup.main
                0x0000000008000190       0xa0 build/obj/main.o
                0x0000000008000190                main
 *(.text)
 *(.text.*)
 .text.__late_init
                0x0000000008000230       0x10 build/obj/crt0.o
                0x0000000008000230                __late_init
 .text._default_exit
                0x0000000008000240       0x10 build/obj/crt0.o
                0x0000000008000240                _default_exit
 .text.ResetHandler
                0x0000000008000250      0x100 build/obj/crt0.o
                0x0000000008000250                ResetHandler
 .text._unhandled_exception
                0x0000000008000350       0x10 build/obj/vectors.o
                0x0000000008000350                Vector58
                0x0000000008000350                VectorE8
                0x0000000008000350                Vector9C
                0x0000000008000350                VectorAC
                0x0000000008000350                Vector5C
                0x0000000008000350                NMIVector
                0x0000000008000350                Vector11C
                0x0000000008000350                Vector8C
                0x0000000008000350                VectorDC
                0x0000000008000350                Vector110
                0x0000000008000350                Vector120
                0x0000000008000350                VectorC8
                0x0000000008000350                Vector94
                0x0000000008000350                VectorA8
                0x0000000008000350                VectorB4
                0x0000000008000350                Vector74
                0x0000000008000350                Vector160
                0x0000000008000350                VectorEC
                0x0000000008000350                UsageFaultVector
                0x0000000008000350                DebugMonitorVector
                0x0000000008000350                Vector40
                0x0000000008000350                VectorF8
                0x0000000008000350                Vector108
                0x0000000008000350                VectorBC
                0x0000000008000350                Vector150
                0x0000000008000350                Vector124
                0x0000000008000350                Vector148
                0x0000000008000350                PendSVVector
                0x0000000008000350                Vector118
                0x0000000008000350                Vector64
                0x0000000008000350                VectorCC
                0x0000000008000350                Vector54
                0x0000000008000350                Vector98
                0x0000000008000350                VectorD8
                0x0000000008000350                Vector138
                0x0000000008000350                Vector24
                0x0000000008000350                Vector178
                0x0000000008000350                Vector84
                0x0000000008000350                BusFaultVector
                0x0000000008000350                VectorD0
                0x0000000008000350                Vector140
                0x0000000008000350                VectorE4
                0x0000000008000350                VectorC0
                0x0000000008000350                Vector158
                0x0000000008000350                Vector130
                0x0000000008000350                HardFaultVector
                0x0000000008000350                Vector134
                0x0000000008000350                VectorF0
                0x0000000008000350                Vector12C
                0x0000000008000350                Vector13C
                0x0000000008000350                Vector100
                0x0000000008000350                VectorE0
                0x0000000008000350                VectorF4
                0x0000000008000350                MemManageVector
                0x0000000008000350                Vector6C
                0x0000000008000350                VectorA0
                0x0000000008000350                VectorC4
                0x0000000008000350                Vector7C
                0x0000000008000350                Vector180
                0x0000000008000350                VectorB0
                0x0000000008000350                Vector90
                0x0000000008000350                Vector114
                0x0000000008000350                Vector164
                0x0000000008000350                Vector60
                0x0000000008000350                Vector1C
                0x0000000008000350                Vector17C
                0x0000000008000350                Vector48
                0x0000000008000350                Vector70
                0x0000000008000350                VectorD4
                0x0000000008000350                Vector4C
                0x0000000008000350                Vector144
                0x0000000008000350                Vector80
                0x0000000008000350                Vector15C
                0x0000000008000350                Vector68
                0x0000000008000350                Vector78
                0x0000000008000350                _unhandled_exception
                0x0000000008000350                Vector170
                0x0000000008000350                Vector88
                0x0000000008000350                Vector104
                0x0000000008000350                Vector184
                0x0000000008000350                Vector10C
                0x0000000008000350                Vector14C
                0x0000000008000350                Vector50
                0x0000000008000350                Vector154
                0x0000000008000350                Vector44
                0x0000000008000350                Vector28
                0x0000000008000350                VectorB8
                0x0000000008000350                VectorFC
                0x0000000008000350                Vector34
                0x0000000008000350                Vector128
                0x0000000008000350                VectorA4
                0x0000000008000350                Vector20
                0x0000000008000350                Vector174
 .text.port_halt
                0x0000000008000360       0x10 build/obj/chcore.o
                0x0000000008000360                port_halt
 .text._port_switch_from_isr
                0x0000000008000370       0x10 build/obj/chcore_v7m.o
                0x0000000008000370                _port_switch_from_isr
 .text.SVCallVector
                0x0000000008000380       0x20 build/obj/chcore_v7m.o
                0x0000000008000380                SVCallVector
 .text._port_init
                0x00000000080003a0       0x30 build/obj/chcore_v7m.o
                0x00000000080003a0                _port_init
 .text._port_irq_epilogue
                0x00000000080003d0       0x70 build/obj/chcore_v7m.o
                0x00000000080003d0                _port_irq_epilogue
 .text.SysTickVector
                0x0000000008000440       0x30 build/obj/chcore_v7m.o
                0x0000000008000440                SysTickVector
 .text._port_switch
                0x0000000008000470       0x10 build/obj/chcore_v7m.o
                0x0000000008000470                _port_switch
 .text._port_thread_start
                0x0000000008000480       0x20 build/obj/chcore_v7m.o
                0x0000000008000480                _port_thread_start
 .text.nvicEnableVector
                0x00000000080004a0       0x50 build/obj/nvic.o
                0x00000000080004a0                nvicEnableVector
 .text.nvicSetSystemHandlerPriority
                0x00000000080004f0       0x30 build/obj/nvic.o
                0x00000000080004f0                nvicSetSystemHandlerPriority
 .text._idle_thread
                0x0000000008000520       0x20 build/obj/chsys.o
                0x0000000008000520                _idle_thread
 .text.chSysInit
                0x0000000008000540       0x80 build/obj/chsys.o
                0x0000000008000540                chSysInit
 .text.chSysTimerHandlerI
                0x00000000080005c0       0x70 build/obj/chsys.o
                0x00000000080005c0                chSysTimerHandlerI
 .text.dbg_check_enable
                0x0000000008000630       0x30 build/obj/chdebug.o
                0x0000000008000630                dbg_check_enable
 .text.dbg_check_lock
                0x0000000008000660       0x30 build/obj/chdebug.o
                0x0000000008000660                dbg_check_lock
 .text.dbg_check_unlock
                0x0000000008000690       0x40 build/obj/chdebug.o
                0x0000000008000690                dbg_check_unlock
 .text.dbg_check_lock_from_isr
                0x00000000080006d0       0x30 build/obj/chdebug.o
                0x00000000080006d0                dbg_check_lock_from_isr
 .text.dbg_check_unlock_from_isr
                0x0000000008000700       0x40 build/obj/chdebug.o
                0x0000000008000700                dbg_check_unlock_from_isr
 .text.dbg_check_enter_isr
                0x0000000008000740       0x40 build/obj/chdebug.o
                0x0000000008000740                dbg_check_enter_isr
 .text.dbg_check_leave_isr
                0x0000000008000780       0x40 build/obj/chdebug.o
                0x0000000008000780                dbg_check_leave_isr
 .text.chDbgCheckClassI
                0x00000000080007c0       0x30 build/obj/chdebug.o
                0x00000000080007c0                chDbgCheckClassI
 .text.chDbgCheckClassS
                0x00000000080007f0       0x30 build/obj/chdebug.o
                0x00000000080007f0                chDbgCheckClassS
 .text._trace_init
                0x0000000008000820       0x20 build/obj/chdebug.o
                0x0000000008000820                _trace_init
 .text.dbg_trace
                0x0000000008000840       0x40 build/obj/chdebug.o
                0x0000000008000840                dbg_trace
 .text.chDbgPanic
                0x0000000008000880       0x10 build/obj/chdebug.o
                0x0000000008000880                chDbgPanic
 .text._vt_init
                0x0000000008000890       0x20 build/obj/chvt.o
                0x0000000008000890                _vt_init
 .text.chVTSetI
                0x00000000080008b0       0x60 build/obj/chvt.o
                0x00000000080008b0                chVTSetI
 .text.chVTResetI
                0x0000000008000910       0x50 build/obj/chvt.o
                0x0000000008000910                chVTResetI
 .text._scheduler_init
                0x0000000008000960       0x20 build/obj/chschd.o
                0x0000000008000960                _scheduler_init
 .text.chSchReadyI
                0x0000000008000980       0x50 build/obj/chschd.o
                0x0000000008000980                chSchReadyI
 .text.wakeup   0x00000000080009d0       0x60 build/obj/chschd.o
 .text.chSchGoSleepS
                0x0000000008000a30       0x50 build/obj/chschd.o
                0x0000000008000a30                chSchGoSleepS
 .text.chSchGoSleepTimeoutS
                0x0000000008000a80       0x50 build/obj/chschd.o
                0x0000000008000a80                chSchGoSleepTimeoutS
 .text.chSchWakeupS
                0x0000000008000ad0       0x70 build/obj/chschd.o
                0x0000000008000ad0                chSchWakeupS
 .text.chSchDoRescheduleBehind
                0x0000000008000b40       0x50 build/obj/chschd.o
                0x0000000008000b40                chSchDoRescheduleBehind
 .text.chSchDoRescheduleAhead
                0x0000000008000b90       0x60 build/obj/chschd.o
                0x0000000008000b90                chSchDoRescheduleAhead
 .text.chSchRescheduleS
                0x0000000008000bf0       0x30 build/obj/chschd.o
                0x0000000008000bf0                chSchRescheduleS
 .text.chSchDoReschedule
                0x0000000008000c20       0x20 build/obj/chschd.o
                0x0000000008000c20                chSchDoReschedule
 .text._thread_init
                0x0000000008000c40       0x60 build/obj/chthreads.o
                0x0000000008000c40                _thread_init
 .text._thread_memfill
                0x0000000008000ca0       0x10 build/obj/chthreads.o
                0x0000000008000ca0                _thread_memfill
 .text.chThdCreateI
                0x0000000008000cb0       0xa0 build/obj/chthreads.o
                0x0000000008000cb0                chThdCreateI
 .text.chThdCreateStatic
                0x0000000008000d50       0x70 build/obj/chthreads.o
                0x0000000008000d50                chThdCreateStatic
 .text.chThdSetPriority
                0x0000000008000dc0       0x50 build/obj/chthreads.o
                0x0000000008000dc0                chThdSetPriority
 .text.chThdResume
                0x0000000008000e10       0x40 build/obj/chthreads.o
                0x0000000008000e10                chThdResume
 .text.chThdTerminate
                0x0000000008000e50       0x30 build/obj/chthreads.o
                0x0000000008000e50                chThdTerminate
 .text.chThdSleep
                0x0000000008000e80       0x30 build/obj/chthreads.o
                0x0000000008000e80                chThdSleep
 .text.chThdSleepUntil
                0x0000000008000eb0       0x30 build/obj/chthreads.o
                0x0000000008000eb0                chThdSleepUntil
 .text.chThdYield
                0x0000000008000ee0       0x30 build/obj/chthreads.o
                0x0000000008000ee0                chThdYield
 .text.chThdExitS
                0x0000000008000f10       0x50 build/obj/chthreads.o
                0x0000000008000f10                chThdExitS
 .text.chThdExit
                0x0000000008000f60       0x20 build/obj/chthreads.o
                0x0000000008000f60                chThdExit
 .text.chThdWait
                0x0000000008000f80       0x80 build/obj/chthreads.o
                0x0000000008000f80                chThdWait
 .text.chThdAddRef
                0x0000000008001000       0x40 build/obj/chdynamic.o
                0x0000000008001000                chThdAddRef
 .text.chThdRelease
                0x0000000008001040       0x80 build/obj/chdynamic.o
                0x0000000008001040                chThdRelease
 .text.chThdCreateFromHeap
                0x00000000080010c0       0x70 build/obj/chdynamic.o
                0x00000000080010c0                chThdCreateFromHeap
 .text.chThdCreateFromMemoryPool
                0x0000000008001130       0x80 build/obj/chdynamic.o
                0x0000000008001130                chThdCreateFromMemoryPool
 .text.chRegFirstThread
                0x00000000080011b0       0x30 build/obj/chregistry.o
                0x00000000080011b0                chRegFirstThread
 .text.chRegNextThread
                0x00000000080011e0       0x50 build/obj/chregistry.o
                0x00000000080011e0                chRegNextThread
 .text.chSemInit
                0x0000000008001230       0x30 build/obj/chsem.o
                0x0000000008001230                chSemInit
 .text.chSemResetI
                0x0000000008001260       0x60 build/obj/chsem.o
                0x0000000008001260                chSemResetI
 .text.chSemReset
                0x00000000080012c0       0x30 build/obj/chsem.o
                0x00000000080012c0                chSemReset
 .text.chSemWaitS
                0x00000000080012f0       0x70 build/obj/chsem.o
                0x00000000080012f0                chSemWaitS
 .text.chSemWait
                0x0000000008001360       0x30 build/obj/chsem.o
                0x0000000008001360                chSemWait
 .text.chSemWaitTimeoutS
                0x0000000008001390       0x80 build/obj/chsem.o
                0x0000000008001390                chSemWaitTimeoutS
 .text.chSemWaitTimeout
                0x0000000008001410       0x30 build/obj/chsem.o
                0x0000000008001410                chSemWaitTimeout
 .text.chSemSignal
                0x0000000008001440       0x70 build/obj/chsem.o
                0x0000000008001440                chSemSignal
 .text.chSemSignalI
                0x00000000080014b0       0x60 build/obj/chsem.o
                0x00000000080014b0                chSemSignalI
 .text.chSemAddCounterI
                0x0000000008001510       0x70 build/obj/chsem.o
                0x0000000008001510                chSemAddCounterI
 .text.chSemSignalWait
                0x0000000008001580       0xc0 build/obj/chsem.o
                0x0000000008001580                chSemSignalWait
 .text.chMtxInit
                0x0000000008001640       0x20 build/obj/chmtx.o
                0x0000000008001640                chMtxInit
 .text.chMtxLockS
                0x0000000008001660      0x100 build/obj/chmtx.o
                0x0000000008001660                chMtxLockS
 .text.chMtxLock
                0x0000000008001760       0x20 build/obj/chmtx.o
                0x0000000008001760                chMtxLock
 .text.chMtxTryLockS
                0x0000000008001780       0x40 build/obj/chmtx.o
                0x0000000008001780                chMtxTryLockS
 .text.chMtxTryLock
                0x00000000080017c0       0x30 build/obj/chmtx.o
                0x00000000080017c0                chMtxTryLock
 .text.chMtxUnlock
                0x00000000080017f0       0x90 build/obj/chmtx.o
                0x00000000080017f0                chMtxUnlock
 .text.chMtxUnlockS
                0x0000000008001880       0x80 build/obj/chmtx.o
                0x0000000008001880                chMtxUnlockS
 .text.chMtxUnlockAll
                0x0000000008001900       0x60 build/obj/chmtx.o
                0x0000000008001900                chMtxUnlockAll
 .text.chCondInit
                0x0000000008001960       0x20 build/obj/chcond.o
                0x0000000008001960                chCondInit
 .text.chCondSignal
                0x0000000008001980       0x40 build/obj/chcond.o
                0x0000000008001980                chCondSignal
 .text.chCondSignalI
                0x00000000080019c0       0x30 build/obj/chcond.o
                0x00000000080019c0                chCondSignalI
 .text.chCondBroadcastI
                0x00000000080019f0       0x40 build/obj/chcond.o
                0x00000000080019f0                chCondBroadcastI
 .text.chCondBroadcast
                0x0000000008001a30       0x30 build/obj/chcond.o
                0x0000000008001a30                chCondBroadcast
 .text.chCondWaitS
                0x0000000008001a60       0x70 build/obj/chcond.o
                0x0000000008001a60                chCondWaitS
 .text.chCondWait
                0x0000000008001ad0       0x30 build/obj/chcond.o
                0x0000000008001ad0                chCondWait
 .text.chCondWaitTimeoutS
                0x0000000008001b00       0x80 build/obj/chcond.o
                0x0000000008001b00                chCondWaitTimeoutS
 .text.chCondWaitTimeout
                0x0000000008001b80       0x30 build/obj/chcond.o
                0x0000000008001b80                chCondWaitTimeout
 .text.chEvtRegisterMask
                0x0000000008001bb0       0x50 build/obj/chevents.o
                0x0000000008001bb0                chEvtRegisterMask
 .text.chEvtUnregister
                0x0000000008001c00       0x50 build/obj/chevents.o
                0x0000000008001c00                chEvtUnregister
 .text.chEvtGetAndClearEvents
                0x0000000008001c50       0x30 build/obj/chevents.o
                0x0000000008001c50                chEvtGetAndClearEvents
 .text.chEvtAddEvents
                0x0000000008001c80       0x30 build/obj/chevents.o
                0x0000000008001c80                chEvtAddEvents
 .text.chEvtSignalI
                0x0000000008001cb0       0x50 build/obj/chevents.o
                0x0000000008001cb0                chEvtSignalI
 .text.chEvtBroadcastFlagsI
                0x0000000008001d00       0x40 build/obj/chevents.o
                0x0000000008001d00                chEvtBroadcastFlagsI
 .text.chEvtSignal
                0x0000000008001d40       0x40 build/obj/chevents.o
                0x0000000008001d40                chEvtSignal
 .text.chEvtBroadcastFlags
                0x0000000008001d80       0x30 build/obj/chevents.o
                0x0000000008001d80                chEvtBroadcastFlags
 .text.chEvtDispatch
                0x0000000008001db0       0x60 build/obj/chevents.o
                0x0000000008001db0                chEvtDispatch
 .text.chEvtWaitOne
                0x0000000008001e10       0x50 build/obj/chevents.o
                0x0000000008001e10                chEvtWaitOne
 .text.chEvtWaitAny
                0x0000000008001e60       0x40 build/obj/chevents.o
                0x0000000008001e60                chEvtWaitAny
 .text.chEvtWaitAll
                0x0000000008001ea0       0x40 build/obj/chevents.o
                0x0000000008001ea0                chEvtWaitAll
 .text.chEvtWaitOneTimeout
                0x0000000008001ee0       0x70 build/obj/chevents.o
                0x0000000008001ee0                chEvtWaitOneTimeout
 .text.chEvtWaitAnyTimeout
                0x0000000008001f50       0x70 build/obj/chevents.o
                0x0000000008001f50                chEvtWaitAnyTimeout
 .text.chEvtWaitAllTimeout
                0x0000000008001fc0       0x70 build/obj/chevents.o
                0x0000000008001fc0                chEvtWaitAllTimeout
 .text.chMsgSend
                0x0000000008002030       0x60 build/obj/chmsg.o
                0x0000000008002030                chMsgSend
 .text.chMsgWait
                0x0000000008002090       0x50 build/obj/chmsg.o
                0x0000000008002090                chMsgWait
 .text.chMsgRelease
                0x00000000080020e0       0x40 build/obj/chmsg.o
                0x00000000080020e0                chMsgRelease
 .text.chMBInit
                0x0000000008002120       0x40 build/obj/chmboxes.o
                0x0000000008002120                chMBInit
 .text.chMBReset
                0x0000000008002160       0x50 build/obj/chmboxes.o
                0x0000000008002160                chMBReset
 .text.chMBPostS
                0x00000000080021b0       0x50 build/obj/chmboxes.o
                0x00000000080021b0                chMBPostS
 .text.chMBPost
                0x0000000008002200       0x30 build/obj/chmboxes.o
                0x0000000008002200                chMBPost
 .text.chMBPostI
                0x0000000008002230       0x50 build/obj/chmboxes.o
                0x0000000008002230                chMBPostI
 .text.chMBPostAheadS
                0x0000000008002280       0x50 build/obj/chmboxes.o
                0x0000000008002280                chMBPostAheadS
 .text.chMBPostAhead
                0x00000000080022d0       0x30 build/obj/chmboxes.o
                0x00000000080022d0                chMBPostAhead
 .text.chMBPostAheadI
                0x0000000008002300       0x50 build/obj/chmboxes.o
                0x0000000008002300                chMBPostAheadI
 .text.chMBFetchS
                0x0000000008002350       0x50 build/obj/chmboxes.o
                0x0000000008002350                chMBFetchS
 .text.chMBFetch
                0x00000000080023a0       0x30 build/obj/chmboxes.o
                0x00000000080023a0                chMBFetch
 .text.chMBFetchI
                0x00000000080023d0       0x50 build/obj/chmboxes.o
                0x00000000080023d0                chMBFetchI
 .text.qwait    0x0000000008002420       0x30 build/obj/chqueues.o
 .text.chIQInit
                0x0000000008002450       0x20 build/obj/chqueues.o
                0x0000000008002450                chIQInit
 .text.chIQResetI
                0x0000000008002470       0x30 build/obj/chqueues.o
                0x0000000008002470                chIQResetI
 .text.chIQPutI
                0x00000000080024a0       0x60 build/obj/chqueues.o
                0x00000000080024a0                chIQPutI
 .text.chIQGetTimeout
                0x0000000008002500       0x70 build/obj/chqueues.o
                0x0000000008002500                chIQGetTimeout
 .text.chIQReadTimeout
                0x0000000008002570       0xa0 build/obj/chqueues.o
                0x0000000008002570                chIQReadTimeout
 .text.chOQInit
                0x0000000008002610       0x20 build/obj/chqueues.o
                0x0000000008002610                chOQInit
 .text.chOQResetI
                0x0000000008002630       0x40 build/obj/chqueues.o
                0x0000000008002630                chOQResetI
 .text.chOQPutTimeout
                0x0000000008002670       0x70 build/obj/chqueues.o
                0x0000000008002670                chOQPutTimeout
 .text.chOQGetI
                0x00000000080026e0       0x50 build/obj/chqueues.o
                0x00000000080026e0                chOQGetI
 .text.chOQWriteTimeout
                0x0000000008002730       0xa0 build/obj/chqueues.o
                0x0000000008002730                chOQWriteTimeout
 .text._core_init
                0x00000000080027d0       0x30 build/obj/chmemcore.o
                0x00000000080027d0                _core_init
 .text.chCoreAllocI
                0x0000000008002800       0x30 build/obj/chmemcore.o
                0x0000000008002800                chCoreAllocI
 .text.chCoreAlloc
                0x0000000008002830       0x30 build/obj/chmemcore.o
                0x0000000008002830                chCoreAlloc
 .text.chCoreStatus
                0x0000000008002860       0x20 build/obj/chmemcore.o
                0x0000000008002860                chCoreStatus
 .text._heap_init
                0x0000000008002880       0x20 build/obj/chheap.o
                0x0000000008002880                _heap_init
 .text.chHeapInit
                0x00000000080028a0       0x40 build/obj/chheap.o
                0x00000000080028a0                chHeapInit
 .text.chHeapAlloc
                0x00000000080028e0       0x80 build/obj/chheap.o
                0x00000000080028e0                chHeapAlloc
 .text.chHeapFree
                0x0000000008002960       0xd0 build/obj/chheap.o
                0x0000000008002960                chHeapFree
 .text.chHeapStatus
                0x0000000008002a30       0x40 build/obj/chheap.o
                0x0000000008002a30                chHeapStatus
 .text.chPoolInit
                0x0000000008002a70       0x20 build/obj/chmempools.o
                0x0000000008002a70                chPoolInit
 .text.chPoolAllocI
                0x0000000008002a90       0x30 build/obj/chmempools.o
                0x0000000008002a90                chPoolAllocI
 .text.chPoolAlloc
                0x0000000008002ac0       0x30 build/obj/chmempools.o
                0x0000000008002ac0                chPoolAlloc
 .text.chPoolFreeI
                0x0000000008002af0       0x30 build/obj/chmempools.o
                0x0000000008002af0                chPoolFreeI
 .text.chPoolFree
                0x0000000008002b20       0x30 build/obj/chmempools.o
                0x0000000008002b20                chPoolFree
 .text.chPoolLoadArray
                0x0000000008002b50       0x40 build/obj/chmempools.o
                0x0000000008002b50                chPoolLoadArray
 .text.tmr      0x0000000008002b90       0x10 build/obj/test.o
 .text.print_line
                0x0000000008002ba0       0x30 build/obj/test.o
 .text.test_printn
                0x0000000008002bd0       0x70 build/obj/test.o
                0x0000000008002bd0                test_printn
 .text.test_print
                0x0000000008002c40       0x20 build/obj/test.o
                0x0000000008002c40                test_print
 .text.test_println
                0x0000000008002c60       0x30 build/obj/test.o
                0x0000000008002c60                test_println
 .text.test_emit_token
                0x0000000008002c90       0x30 build/obj/test.o
                0x0000000008002c90                test_emit_token
 .text._test_assert
                0x0000000008002cc0       0x30 build/obj/test.o
                0x0000000008002cc0                _test_assert
 .text._test_assert_sequence
                0x0000000008002cf0       0x50 build/obj/test.o
                0x0000000008002cf0                _test_assert_sequence
 .text._test_assert_time_window
                0x0000000008002d40       0x40 build/obj/test.o
                0x0000000008002d40                _test_assert_time_window
 .text.test_terminate_threads
                0x0000000008002d80       0x20 build/obj/test.o
                0x0000000008002d80                test_terminate_threads
 .text.test_wait_threads
                0x0000000008002da0       0x30 build/obj/test.o
                0x0000000008002da0                test_wait_threads
 .text.test_cpu_pulse
                0x0000000008002dd0       0x60 build/obj/test.o
                0x0000000008002dd0                test_cpu_pulse
 .text.test_wait_tick
                0x0000000008002e30       0x20 build/obj/test.o
                0x0000000008002e30                test_wait_tick
 .text.test_start_timer
                0x0000000008002e50       0x50 build/obj/test.o
                0x0000000008002e50                test_start_timer
 .text.TestThread
                0x0000000008002ea0      0x320 build/obj/test.o
                0x0000000008002ea0                TestThread
 .text.thd1_execute
                0x00000000080031c0       0xd0 build/obj/testthd.o
 .text.thread   0x0000000008003290       0x10 build/obj/testthd.o
 .text.thd2_execute
                0x00000000080032a0       0xe0 build/obj/testthd.o
 .text.thd3_execute
                0x0000000008003380      0x150 build/obj/testthd.o
 .text.thd4_execute
                0x00000000080034d0       0x80 build/obj/testthd.o
 .text.sem1_execute
                0x0000000008003550      0x140 build/obj/testsem.o
 .text.thread3  0x0000000008003690       0x20 build/obj/testsem.o
 .text.thread1  0x00000000080036b0       0x20 build/obj/testsem.o
 .text.sem1_setup
                0x00000000080036d0       0x10 build/obj/testsem.o
 .text.sem2_setup
                0x00000000080036e0       0x10 build/obj/testsem.o
 .text.sem3_setup
                0x00000000080036f0       0x10 build/obj/testsem.o
 .text.thread2  0x0000000008003700       0x30 build/obj/testsem.o
 .text.thread4  0x0000000008003730       0x30 build/obj/testsem.o
 .text.sem4_execute
                0x0000000008003760      0x110 build/obj/testsem.o
 .text.sem2_execute
                0x0000000008003870      0x150 build/obj/testsem.o
 .text.sem3_execute
                0x00000000080039c0       0xa0 build/obj/testsem.o
 .text.mtx1_execute
                0x0000000008003a60       0xe0 build/obj/testmtx.o
 .text.thread1  0x0000000008003b40       0x20 build/obj/testmtx.o
 .text.thread12
                0x0000000008003b60       0x20 build/obj/testmtx.o
 .text.mtx1_setup
                0x0000000008003b80       0x10 build/obj/testmtx.o
 .text.mtx2_setup
                0x0000000008003b90       0x10 build/obj/testmtx.o
 .text.mtx3_setup
                0x0000000008003ba0       0x20 build/obj/testmtx.o
 .text.mtx4_setup
                0x0000000008003bc0       0x20 build/obj/testmtx.o
 .text.mtx5_setup
                0x0000000008003be0       0x10 build/obj/testmtx.o
 .text.mtx2_execute
                0x0000000008003bf0       0xb0 build/obj/testmtx.o
 .text.mtx3_execute
                0x0000000008003ca0       0xe0 build/obj/testmtx.o
 .text.thread2L
                0x0000000008003d80       0x30 build/obj/testmtx.o
 .text.thread3LL
                0x0000000008003db0       0x20 build/obj/testmtx.o
 .text.thread2M
                0x0000000008003dd0       0x20 build/obj/testmtx.o
 .text.thread2H
                0x0000000008003df0       0x30 build/obj/testmtx.o
 .text.thread3HH
                0x0000000008003e20       0x30 build/obj/testmtx.o
 .text.thread3H
                0x0000000008003e50       0x20 build/obj/testmtx.o
 .text.thread3M
                0x0000000008003e70       0x30 build/obj/testmtx.o
 .text.thread3L
                0x0000000008003ea0       0x40 build/obj/testmtx.o
 .text.thread4b
                0x0000000008003ee0       0x20 build/obj/testmtx.o
 .text.thread4a
                0x0000000008003f00       0x20 build/obj/testmtx.o
 .text.mtx4_execute
                0x0000000008003f20      0x270 build/obj/testmtx.o
 .text.mtx5_execute
                0x0000000008004190       0xc0 build/obj/testmtx.o
 .text.mtx6_execute
                0x0000000008004250      0x100 build/obj/testmtx.o
 .text.thread10
                0x0000000008004350       0x30 build/obj/testmtx.o
 .text.mtx6_setup
                0x0000000008004380       0x20 build/obj/testmtx.o
 .text.mtx7_setup
                0x00000000080043a0       0x20 build/obj/testmtx.o
 .text.mtx8_setup
                0x00000000080043c0       0x30 build/obj/testmtx.o
 .text.mtx7_execute
                0x00000000080043f0       0xc0 build/obj/testmtx.o
 .text.mtx8_execute
                0x00000000080044b0       0xa0 build/obj/testmtx.o
 .text.thread11
                0x0000000008004550       0x40 build/obj/testmtx.o
 .text.msg1_execute
                0x0000000008004590       0x80 build/obj/testmsg.o
 .text.thread   0x0000000008004610       0x20 build/obj/testmsg.o
 .text.mbox1_execute
                0x0000000008004630      0x6d0 build/obj/testmbox.o
 .text.mbox1_setup
                0x0000000008004d00       0x20 build/obj/testmbox.o
 .text.evt1_execute
                0x0000000008004d20       0x90 build/obj/testevt.o
 .text.h3       0x0000000008004db0       0x10 build/obj/testevt.o
 .text.h2       0x0000000008004dc0       0x10 build/obj/testevt.o
 .text.h1       0x0000000008004dd0       0x10 build/obj/testevt.o
 .text.evt1_setup
                0x0000000008004de0       0x10 build/obj/testevt.o
 .text.evt2_setup
                0x0000000008004df0       0x10 build/obj/testevt.o
 .text.evt3_setup
                0x0000000008004e00       0x10 build/obj/testevt.o
 .text.evt2_execute
                0x0000000008004e10      0x260 build/obj/testevt.o
 .text.thread2  0x0000000008005070       0x30 build/obj/testevt.o
 .text.thread1  0x00000000080050a0       0x20 build/obj/testevt.o
 .text.evt3_execute
                0x00000000080050c0       0xb0 build/obj/testevt.o
 .text.heap1_execute
                0x0000000008005170      0x250 build/obj/testheap.o
 .text.heap1_setup
                0x00000000080053c0       0x20 build/obj/testheap.o
 .text.null_provider
                0x00000000080053e0       0x10 build/obj/testpools.o
 .text.pools1_setup
                0x00000000080053f0       0x10 build/obj/testpools.o
 .text.pools1_execute
                0x0000000008005400       0xc0 build/obj/testpools.o
 .text.dyn1_execute
                0x00000000080054c0       0xf0 build/obj/testdyn.o
 .text.thread   0x00000000080055b0       0x10 build/obj/testdyn.o
 .text.dyn1_setup
                0x00000000080055c0       0x20 build/obj/testdyn.o
 .text.dyn3_setup
                0x00000000080055e0       0x20 build/obj/testdyn.o
 .text.dyn2_execute
                0x0000000008005600      0x100 build/obj/testdyn.o
 .text.dyn2_setup
                0x0000000008005700       0x10 build/obj/testdyn.o
 .text.regfind  0x0000000008005710       0x30 build/obj/testdyn.o
 .text.dyn3_execute
                0x0000000008005740      0x150 build/obj/testdyn.o
 .text.notify   0x0000000008005890       0x10 build/obj/testqueues.o
 .text.thread1  0x00000000080058a0       0x20 build/obj/testqueues.o
 .text.queues1_setup
                0x00000000080058c0       0x30 build/obj/testqueues.o
 .text.thread2  0x00000000080058f0       0x20 build/obj/testqueues.o
 .text.queues2_setup
                0x0000000008005910       0x30 build/obj/testqueues.o
 .text.queues1_execute
                0x0000000008005940      0x2f0 build/obj/testqueues.o
 .text.queues2_execute
                0x0000000008005c30      0x2b0 build/obj/testqueues.o
 .text.thread2  0x0000000008005ee0       0x10 build/obj/testbmk.o
 .text.tmo      0x0000000008005ef0       0x10 build/obj/testbmk.o
 .text.bmk13_execute
                0x0000000008005f00       0xf0 build/obj/testbmk.o
 .text.thread1  0x0000000008005ff0       0x20 build/obj/testbmk.o
 .text.bmk6_execute
                0x0000000008006010       0x70 build/obj/testbmk.o
 .text.msg_loop_test
                0x0000000008006080       0x40 build/obj/testbmk.o
 .text.bmk1_execute
                0x00000000080060c0       0x70 build/obj/testbmk.o
 .text.bmk2_execute
                0x0000000008006130       0x70 build/obj/testbmk.o
 .text.bmk3_execute
                0x00000000080061a0       0xe0 build/obj/testbmk.o
 .text.thread4  0x0000000008006280       0x30 build/obj/testbmk.o
                0x0000000008006280                thread4
 .text.bmk4_execute
                0x00000000080062b0       0xd0 build/obj/testbmk.o
 .text.bmk5_execute
                0x0000000008006380       0x80 build/obj/testbmk.o
 .text.bmk7_execute
                0x0000000008006400      0x110 build/obj/testbmk.o
 .text.thread3  0x0000000008006510       0x30 build/obj/testbmk.o
 .text.bmk7_setup
                0x0000000008006540       0x10 build/obj/testbmk.o
 .text.bmk11_setup
                0x0000000008006550       0x10 build/obj/testbmk.o
 .text.bmk8_execute
                0x0000000008006560       0xe0 build/obj/testbmk.o
 .text.thread8  0x0000000008006640       0x30 build/obj/testbmk.o
 .text.bmk9_execute
                0x0000000008006670       0xc0 build/obj/testbmk.o
 .text.bmk10_execute
                0x0000000008006730       0x90 build/obj/testbmk.o
 .text.bmk11_execute
                0x00000000080067c0       0x70 build/obj/testbmk.o
 .text.bmk12_execute
                0x0000000008006830       0x70 build/obj/testbmk.o
 .text.bmk12_setup
                0x00000000080068a0       0x10 build/obj/testbmk.o
 .text.halInit  0x00000000080068b0       0x30 build/obj/hal.o
                0x00000000080068b0                halInit
 .text.onotify  0x00000000080068e0       0x70 build/obj/serial_usb.o
 .text.inotify  0x0000000008006950       0x80 build/obj/serial_usb.o
 .text.readt    0x00000000080069d0       0x10 build/obj/serial_usb.o
 .text.read     0x00000000080069e0       0x10 build/obj/serial_usb.o
 .text.writet   0x00000000080069f0       0x10 build/obj/serial_usb.o
 .text.write    0x0000000008006a00       0x10 build/obj/serial_usb.o
 .text.gett     0x0000000008006a10       0x10 build/obj/serial_usb.o
 .text.get      0x0000000008006a20       0x10 build/obj/serial_usb.o
 .text.putt     0x0000000008006a30       0x10 build/obj/serial_usb.o
 .text.put      0x0000000008006a40       0x10 build/obj/serial_usb.o
 .text.sduInit  0x0000000008006a50       0x10 build/obj/serial_usb.o
                0x0000000008006a50                sduInit
 .text.sduObjectInit
                0x0000000008006a60       0x50 build/obj/serial_usb.o
                0x0000000008006a60                sduObjectInit
 .text.sduStart
                0x0000000008006ab0       0x60 build/obj/serial_usb.o
                0x0000000008006ab0                sduStart
 .text.sduConfigureHookI
                0x0000000008006b10       0x50 build/obj/serial_usb.o
                0x0000000008006b10                sduConfigureHookI
 .text.sduRequestsHook
                0x0000000008006b60       0x40 build/obj/serial_usb.o
                0x0000000008006b60                sduRequestsHook
 .text.sduDataTransmitted
                0x0000000008006ba0       0x90 build/obj/serial_usb.o
                0x0000000008006ba0                sduDataTransmitted
 .text.sduDataReceived
                0x0000000008006c30       0x80 build/obj/serial_usb.o
                0x0000000008006c30                sduDataReceived
 .text.sduInterruptTransmitted
                0x0000000008006cb0       0x10 build/obj/serial_usb.o
                0x0000000008006cb0                sduInterruptTransmitted
 .text.tm_start
                0x0000000008006cc0       0x10 build/obj/tm.o
 .text.tm_stop  0x0000000008006cd0       0x40 build/obj/tm.o
 .text.tmInit   0x0000000008006d10       0x40 build/obj/tm.o
                0x0000000008006d10                tmInit
 .text.set_address
                0x0000000008006d50       0x30 build/obj/usb.o
 .text.usbInit  0x0000000008006d80       0x10 build/obj/usb.o
                0x0000000008006d80                usbInit
 .text.usbObjectInit
                0x0000000008006d90       0x20 build/obj/usb.o
                0x0000000008006d90                usbObjectInit
 .text.usbStart
                0x0000000008006db0       0x60 build/obj/usb.o
                0x0000000008006db0                usbStart
 .text.usbInitEndpointI
                0x0000000008006e10       0x70 build/obj/usb.o
                0x0000000008006e10                usbInitEndpointI
 .text.usbPrepareQueuedReceive
                0x0000000008006e80       0x20 build/obj/usb.o
                0x0000000008006e80                usbPrepareQueuedReceive
 .text.usbPrepareQueuedTransmit
                0x0000000008006ea0       0x20 build/obj/usb.o
                0x0000000008006ea0                usbPrepareQueuedTransmit
 .text.usbStartReceiveI
                0x0000000008006ec0       0x40 build/obj/usb.o
                0x0000000008006ec0                usbStartReceiveI
 .text.usbStartTransmitI
                0x0000000008006f00       0x40 build/obj/usb.o
                0x0000000008006f00                usbStartTransmitI
 .text._usb_reset
                0x0000000008006f40       0x30 build/obj/usb.o
                0x0000000008006f40                _usb_reset
 .text._usb_ep0setup
                0x0000000008006f70      0x300 build/obj/usb.o
                0x0000000008006f70                _usb_ep0setup
 .text._usb_ep0in
                0x0000000008007270       0xe0 build/obj/usb.o
                0x0000000008007270                _usb_ep0in
 .text._usb_ep0out
                0x0000000008007350       0x90 build/obj/usb.o
                0x0000000008007350                _usb_ep0out
 .text.hal_lld_init
                0x00000000080073e0       0xc0 build/obj/hal_lld.o
                0x00000000080073e0                hal_lld_init
 .text.stm32_clock_init
                0x00000000080074a0       0xa0 build/obj/hal_lld.o
                0x00000000080074a0                stm32_clock_init
 .text._pal_lld_init
                0x0000000008007540      0x100 build/obj/pal_lld.o
                0x0000000008007540                _pal_lld_init
 .text.usb_packet_write_from_queue
                0x0000000008007640       0xb0 build/obj/usb_lld.o
 .text.Vector168
                0x00000000080076f0       0x20 build/obj/usb_lld.o
                0x00000000080076f0                Vector168
 .text.Vector16C
                0x0000000008007710      0x380 build/obj/usb_lld.o
                0x0000000008007710                Vector16C
 .text.usb_lld_init
                0x0000000008007a90       0x10 build/obj/usb_lld.o
                0x0000000008007a90                usb_lld_init
 .text.usb_lld_start
                0x0000000008007aa0       0x50 build/obj/usb_lld.o
                0x0000000008007aa0                usb_lld_start
 .text.usb_lld_set_address
                0x0000000008007af0       0x20 build/obj/usb_lld.o
                0x0000000008007af0                usb_lld_set_address
 .text.usb_lld_init_endpoint
                0x0000000008007b10       0xf0 build/obj/usb_lld.o
                0x0000000008007b10                usb_lld_init_endpoint
 .text.usb_lld_reset
                0x0000000008007c00       0x40 build/obj/usb_lld.o
                0x0000000008007c00                usb_lld_reset
 .text.usb_lld_get_status_out
                0x0000000008007c40       0x20 build/obj/usb_lld.o
                0x0000000008007c40                usb_lld_get_status_out
 .text.usb_lld_get_status_in
                0x0000000008007c60       0x20 build/obj/usb_lld.o
                0x0000000008007c60                usb_lld_get_status_in
 .text.usb_lld_read_setup
                0x0000000008007c80       0x40 build/obj/usb_lld.o
                0x0000000008007c80                usb_lld_read_setup
 .text.usb_lld_prepare_receive
                0x0000000008007cc0       0x20 build/obj/usb_lld.o
                0x0000000008007cc0                usb_lld_prepare_receive
 .text.usb_lld_prepare_transmit
                0x0000000008007ce0       0x80 build/obj/usb_lld.o
                0x0000000008007ce0                usb_lld_prepare_transmit
 .text.usb_lld_start_out
                0x0000000008007d60       0x20 build/obj/usb_lld.o
                0x0000000008007d60                usb_lld_start_out
 .text.usb_lld_start_in
                0x0000000008007d80       0x20 build/obj/usb_lld.o
                0x0000000008007d80                usb_lld_start_in
 .text.usb_lld_stall_out
                0x0000000008007da0       0x20 build/obj/usb_lld.o
                0x0000000008007da0                usb_lld_stall_out
 .text.usb_lld_stall_in
                0x0000000008007dc0       0x20 build/obj/usb_lld.o
                0x0000000008007dc0                usb_lld_stall_in
 .text.usb_lld_clear_out
                0x0000000008007de0       0x30 build/obj/usb_lld.o
                0x0000000008007de0                usb_lld_clear_out
 .text.usb_lld_clear_in
                0x0000000008007e10       0x30 build/obj/usb_lld.o
                0x0000000008007e10                usb_lld_clear_in
 .text.__early_init
                0x0000000008007e40       0x10 build/obj/board.o
                0x0000000008007e40                __early_init
 .text.boardInit
                0x0000000008007e50       0x10 build/obj/board.o
                0x0000000008007e50                boardInit
 .text.chprintf
                0x0000000008007e60       0x20 build/obj/shell.o
 .text.cmd_systime
                0x0000000008007e80       0x30 build/obj/shell.o
 .text.cmd_info
                0x0000000008007eb0       0xc0 build/obj/shell.o
 .text._strtok.constprop.2
                0x0000000008007f70       0x40 build/obj/shell.o
 .text.shellInit
                0x0000000008007fb0       0x10 build/obj/shell.o
                0x0000000008007fb0                shellInit
 .text.shellExit
                0x0000000008007fc0       0x30 build/obj/shell.o
                0x0000000008007fc0                shellExit
 .text.shellCreate
                0x0000000008007ff0       0x20 build/obj/shell.o
                0x0000000008007ff0                shellCreate
 .text.shellGetLine
                0x0000000008008010       0xa0 build/obj/shell.o
                0x0000000008008010                shellGetLine
 .text.shell_thread
                0x00000000080080b0      0x1a0 build/obj/shell.o
 .text.long_to_string_with_divisor.constprop.0
                0x0000000008008250       0x50 build/obj/chprintf.o
 .text.chvprintf
                0x00000000080082a0      0x240 build/obj/chprintf.o
                0x00000000080082a0                chvprintf
 .text.get_descriptor
                0x00000000080084e0       0x40 build/obj/main.o
 .text.Thread1  0x0000000008008520       0x50 build/obj/main.o
 .text.chprintf
                0x0000000008008570       0x20 build/obj/main.o
 .text.cmd_write
                0x0000000008008590       0x50 build/obj/main.o
 .text.cmd_test
                0x00000000080085e0       0x50 build/obj/main.o
 .text.cmd_threads
                0x0000000008008630       0x70 build/obj/main.o
 .text.cmd_mem  0x00000000080086a0       0x60 build/obj/main.o
 .text.usb_event
                0x0000000008008700       0x50 build/obj/main.o
 .text.memset   0x0000000008008750       0x94 /usr/bin/../lib/gcc/arm-none-eabi/4.8.3/../../../../arm-none-eabi/lib/armv7e-m/libc.a(lib_a-memset.o)
                0x0000000008008750                memset
 *fill*         0x00000000080087e4        0xc 
 .text.strcasecmp
                0x00000000080087f0       0x44 /usr/bin/../lib/gcc/arm-none-eabi/4.8.3/../../../../arm-none-eabi/lib/armv7e-m/libc.a(lib_a-strcasecmp.o)
                0x00000000080087f0                strcasecmp
 *fill*         0x0000000008008834        0xc 
 .text.strpbrk  0x0000000008008840       0x50 /usr/bin/../lib/gcc/arm-none-eabi/4.8.3/../../../../arm-none-eabi/lib/armv7e-m/libc.a(lib_a-strpbrk.o)
                0x0000000008008840                strpbrk
 .text.strspn   0x0000000008008890       0x40 /usr/bin/../lib/gcc/arm-none-eabi/4.8.3/../../../../arm-none-eabi/lib/armv7e-m/libc.a(lib_a-strspn.o)
                0x0000000008008890                strspn
 *(.rodata)
 *(.rodata.*)
 .rodata.str1.4
                0x00000000080088d0        0x5 build/obj/chsys.o
                                          0x8 (size before relaxing)
 *fill*         0x00000000080088d5        0xb 
 .rodata.str1.4
                0x00000000080088e0       0x56 build/obj/chdebug.o
                                         0x58 (size before relaxing)
 *fill*         0x0000000008008936        0xa 
 .rodata.str1.4
                0x0000000008008940       0x31 build/obj/chvt.o
                                         0x34 (size before relaxing)
 *fill*         0x0000000008008971        0xf 
 .rodata.str1.4
                0x0000000008008980       0x23 build/obj/chschd.o
                                         0x24 (size before relaxing)
 *fill*         0x00000000080089a3        0xd 
 .rodata.str1.4
                0x00000000080089b0       0x94 build/obj/chthreads.o
 *fill*         0x0000000008008a44        0xc 
 .rodata.str1.4
                0x0000000008008a50       0x46 build/obj/chdynamic.o
                                         0x48 (size before relaxing)
 *fill*         0x0000000008008a96        0xa 
 .rodata.ch_debug
                0x0000000008008aa0       0x18 build/obj/chregistry.o
                0x0000000008008aa0                ch_debug
 *fill*         0x0000000008008ab8        0x8 
 .rodata.str1.4
                0x0000000008008ac0       0x16 build/obj/chregistry.o
                                         0x18 (size before relaxing)
 *fill*         0x0000000008008ad6        0xa 
 .rodata.str1.4
                0x0000000008008ae0      0x146 build/obj/chsem.o
                                        0x148 (size before relaxing)
 *fill*         0x0000000008008c26        0xa 
 .rodata.str1.4
                0x0000000008008c30       0xab build/obj/chmtx.o
                                         0xac (size before relaxing)
 *fill*         0x0000000008008cdb        0x5 
 .rodata.str1.4
                0x0000000008008ce0       0xa5 build/obj/chcond.o
                                         0xa8 (size before relaxing)
 *fill*         0x0000000008008d85        0xb 
 .rodata.str1.4
                0x0000000008008d90       0x90 build/obj/chevents.o
 .rodata.str1.4
                0x0000000008008e20       0x23 build/obj/chmsg.o
                                         0x24 (size before relaxing)
 *fill*         0x0000000008008e43        0xd 
 .rodata.str1.4
                0x0000000008008e50       0x87 build/obj/chmboxes.o
                                         0x88 (size before relaxing)
 *fill*         0x0000000008008ed7        0x9 
 .rodata.str1.4
                0x0000000008008ee0       0x29 build/obj/chqueues.o
                                         0x2c (size before relaxing)
 *fill*         0x0000000008008f09        0x7 
 .rodata.str1.4
                0x0000000008008f10       0x31 build/obj/chheap.o
                                         0x34 (size before relaxing)
 *fill*         0x0000000008008f41        0xf 
 .rodata.str1.4
                0x0000000008008f50       0x48 build/obj/chmempools.o
 *fill*         0x0000000008008f98        0x8 
 .rodata.wa     0x0000000008008fa0       0x14 build/obj/test.o
                0x0000000008008fa0                wa
 *fill*         0x0000000008008fb4        0xc 
 .rodata.str1.4
                0x0000000008008fc0      0x1ff build/obj/test.o
                                        0x214 (size before relaxing)
 *fill*         0x00000000080091bf        0x1 
 .rodata.patterns
                0x00000000080091c0       0x30 build/obj/test.o
 .rodata.testthd1
                0x00000000080091f0       0x10 build/obj/testthd.o
                0x00000000080091f0                testthd1
 .rodata.testthd2
                0x0000000008009200       0x10 build/obj/testthd.o
                0x0000000008009200                testthd2
 .rodata.testthd3
                0x0000000008009210       0x10 build/obj/testthd.o
                0x0000000008009210                testthd3
 .rodata.testthd4
                0x0000000008009220       0x10 build/obj/testthd.o
                0x0000000008009220                testthd4
 .rodata.patternthd
                0x0000000008009230       0x14 build/obj/testthd.o
                0x0000000008009230                patternthd
 *fill*         0x0000000008009244        0xc 
 .rodata.str1.4
                0x0000000008009250       0x77 build/obj/testthd.o
                                         0x80 (size before relaxing)
 *fill*         0x00000000080092c7        0x9 
 .rodata.testsem1
                0x00000000080092d0       0x10 build/obj/testsem.o
                0x00000000080092d0                testsem1
 .rodata.testsem2
                0x00000000080092e0       0x10 build/obj/testsem.o
                0x00000000080092e0                testsem2
 .rodata.testsem3
                0x00000000080092f0       0x10 build/obj/testsem.o
                0x00000000080092f0                testsem3
 .rodata.testsem4
                0x0000000008009300       0x10 build/obj/testsem.o
                0x0000000008009300                testsem4
 .rodata.patternsem
                0x0000000008009310       0x14 build/obj/testsem.o
                0x0000000008009310                patternsem
 *fill*         0x0000000008009324        0xc 
 .rodata.str1.4
                0x0000000008009330       0x6e build/obj/testsem.o
                                         0x8c (size before relaxing)
 *fill*         0x000000000800939e        0x2 
 .rodata.testmtx5
                0x00000000080093a0       0x10 build/obj/testmtx.o
                0x00000000080093a0                testmtx5
 .rodata.testmtx6
                0x00000000080093b0       0x10 build/obj/testmtx.o
                0x00000000080093b0                testmtx6
 .rodata.testmtx7
                0x00000000080093c0       0x10 build/obj/testmtx.o
                0x00000000080093c0                testmtx7
 .rodata.testmtx8
                0x00000000080093d0       0x10 build/obj/testmtx.o
                0x00000000080093d0                testmtx8
 .rodata.str1.4
                0x00000000080093e0       0xed build/obj/testmtx.o
                                        0x10c (size before relaxing)
 *fill*         0x00000000080094cd        0x3 
 .rodata.patternmtx
                0x00000000080094d0       0x24 build/obj/testmtx.o
                0x00000000080094d0                patternmtx
 *fill*         0x00000000080094f4        0xc 
 .rodata.testmtx1
                0x0000000008009500       0x10 build/obj/testmtx.o
                0x0000000008009500                testmtx1
 .rodata.testmtx2
                0x0000000008009510       0x10 build/obj/testmtx.o
                0x0000000008009510                testmtx2
 .rodata.testmtx3
                0x0000000008009520       0x10 build/obj/testmtx.o
                0x0000000008009520                testmtx3
 .rodata.testmtx4
                0x0000000008009530       0x10 build/obj/testmtx.o
                0x0000000008009530                testmtx4
 .rodata.testmsg1
                0x0000000008009540       0x10 build/obj/testmsg.o
                0x0000000008009540                testmsg1
 .rodata.str1.4
                0x0000000008009550        0xf build/obj/testmsg.o
                                         0x14 (size before relaxing)
 *fill*         0x000000000800955f        0x1 
 .rodata.patternmsg
                0x0000000008009560        0x8 build/obj/testmsg.o
                0x0000000008009560                patternmsg
 *fill*         0x0000000008009568        0x8 
 .rodata.patternmbox
                0x0000000008009570        0x8 build/obj/testmbox.o
                0x0000000008009570                patternmbox
 *fill*         0x0000000008009578        0x8 
 .rodata.str1.4
                0x0000000008009580       0x20 build/obj/testmbox.o
                                         0x28 (size before relaxing)
 .rodata.testmbox1
                0x00000000080095a0       0x10 build/obj/testmbox.o
                0x00000000080095a0                testmbox1
 .rodata.patternevt
                0x00000000080095b0       0x10 build/obj/testevt.o
                0x00000000080095b0                patternevt
 .rodata.testevt2
                0x00000000080095c0       0x10 build/obj/testevt.o
                0x00000000080095c0                testevt2
 .rodata.str1.4
                0x00000000080095d0       0x52 build/obj/testevt.o
                                         0x5c (size before relaxing)
 *fill*         0x0000000008009622        0xe 
 .rodata.testevt1
                0x0000000008009630       0x10 build/obj/testevt.o
                0x0000000008009630                testevt1
 .rodata.evhndl
                0x0000000008009640        0xc build/obj/testevt.o
 *fill*         0x000000000800964c        0x4 
 .rodata.testevt3
                0x0000000008009650       0x10 build/obj/testevt.o
                0x0000000008009650                testevt3
 .rodata.patternheap
                0x0000000008009660        0x8 build/obj/testheap.o
                0x0000000008009660                patternheap
 *fill*         0x0000000008009668        0x8 
 .rodata.str1.4
                0x0000000008009670       0x28 build/obj/testheap.o
 *fill*         0x0000000008009698        0x8 
 .rodata.testheap1
                0x00000000080096a0       0x10 build/obj/testheap.o
                0x00000000080096a0                testheap1
 .rodata.str1.4
                0x00000000080096b0       0x1c build/obj/testpools.o
 *fill*         0x00000000080096cc        0x4 
 .rodata.patternpools
                0x00000000080096d0        0x8 build/obj/testpools.o
                0x00000000080096d0                patternpools
 *fill*         0x00000000080096d8        0x8 
 .rodata.testpools1
                0x00000000080096e0       0x10 build/obj/testpools.o
                0x00000000080096e0                testpools1
 .rodata.testdyn1
                0x00000000080096f0       0x10 build/obj/testdyn.o
                0x00000000080096f0                testdyn1
 .rodata.testdyn2
                0x0000000008009700       0x10 build/obj/testdyn.o
                0x0000000008009700                testdyn2
 .rodata.testdyn3
                0x0000000008009710       0x10 build/obj/testdyn.o
                0x0000000008009710                testdyn3
 .rodata.str1.4
                0x0000000008009720       0x8d build/obj/testdyn.o
                                         0xa4 (size before relaxing)
 *fill*         0x00000000080097ad        0x3 
 .rodata.patterndyn
                0x00000000080097b0       0x10 build/obj/testdyn.o
                0x00000000080097b0                patterndyn
 .rodata.testqueues1
                0x00000000080097c0       0x10 build/obj/testqueues.o
                0x00000000080097c0                testqueues1
 .rodata.testqueues2
                0x00000000080097d0       0x10 build/obj/testqueues.o
                0x00000000080097d0                testqueues2
 .rodata.str1.4
                0x00000000080097e0       0x2d build/obj/testqueues.o
                                         0x38 (size before relaxing)
 *fill*         0x000000000800980d        0x3 
 .rodata.patternqueues
                0x0000000008009810        0xc build/obj/testqueues.o
                0x0000000008009810                patternqueues
 *fill*         0x000000000800981c        0x4 
 .rodata.patternbmk
                0x0000000008009820       0x38 build/obj/testbmk.o
                0x0000000008009820                patternbmk
 *fill*         0x0000000008009858        0x8 
 .rodata.testbmk8
                0x0000000008009860       0x10 build/obj/testbmk.o
                0x0000000008009860                testbmk8
 .rodata.testbmk2
                0x0000000008009870       0x10 build/obj/testbmk.o
                0x0000000008009870                testbmk2
 .rodata.testbmk10
                0x0000000008009880       0x10 build/obj/testbmk.o
                0x0000000008009880                testbmk10
 .rodata.testbmk4
                0x0000000008009890       0x10 build/obj/testbmk.o
                0x0000000008009890                testbmk4
 .rodata.testbmk3
                0x00000000080098a0       0x10 build/obj/testbmk.o
                0x00000000080098a0                testbmk3
 .rodata.str1.4
                0x00000000080098b0      0x2c7 build/obj/testbmk.o
                                        0x2c8 (size before relaxing)
 *fill*         0x0000000008009b77        0x9 
 .rodata.testbmk9
                0x0000000008009b80       0x10 build/obj/testbmk.o
                0x0000000008009b80                testbmk9
 .rodata.testbmk1
                0x0000000008009b90       0x10 build/obj/testbmk.o
                0x0000000008009b90                testbmk1
 .rodata.testbmk11
                0x0000000008009ba0       0x10 build/obj/testbmk.o
                0x0000000008009ba0                testbmk11
 .rodata.testbmk12
                0x0000000008009bb0       0x10 build/obj/testbmk.o
                0x0000000008009bb0                testbmk12
 .rodata.testbmk13
                0x0000000008009bc0       0x10 build/obj/testbmk.o
                0x0000000008009bc0                testbmk13
 .rodata.testbmk5
                0x0000000008009bd0       0x10 build/obj/testbmk.o
                0x0000000008009bd0                testbmk5
 .rodata.testbmk6
                0x0000000008009be0       0x10 build/obj/testbmk.o
                0x0000000008009be0                testbmk6
 .rodata.testbmk7
                0x0000000008009bf0       0x10 build/obj/testbmk.o
                0x0000000008009bf0                testbmk7
 .rodata.str1.4
                0x0000000008009c00       0x2e build/obj/serial_usb.o
                                         0x30 (size before relaxing)
 *fill*         0x0000000008009c2e        0x2 
 .rodata.vmt    0x0000000008009c30       0x20 build/obj/serial_usb.o
 .rodata.zero_status
                0x0000000008009c50        0x4 build/obj/usb.o
 *fill*         0x0000000008009c54        0xc 
 .rodata.active_status
                0x0000000008009c60        0x4 build/obj/usb.o
 *fill*         0x0000000008009c64        0xc 
 .rodata.str1.4
                0x0000000008009c70      0x122 build/obj/usb.o
                                        0x124 (size before relaxing)
 *fill*         0x0000000008009d92        0xe 
 .rodata.halted_status
                0x0000000008009da0        0x4 build/obj/usb.o
 *fill*         0x0000000008009da4        0xc 
 .rodata.str1.4
                0x0000000008009db0       0x13 build/obj/usb_lld.o
                                         0x14 (size before relaxing)
 *fill*         0x0000000008009dc3        0xd 
 .rodata.CSWTCH.21
                0x0000000008009dd0        0x8 build/obj/usb_lld.o
 *fill*         0x0000000008009dd8        0x8 
 .rodata.ep0config
                0x0000000008009de0       0x24 build/obj/usb_lld.o
 *fill*         0x0000000008009e04        0xc 
 .rodata.pal_default_config
                0x0000000008009e10       0xa8 build/obj/board.o
                0x0000000008009e10                pal_default_config
 *fill*         0x0000000008009eb8        0x8 
 .rodata.str1.4
                0x0000000008009ec0      0x16d build/obj/shell.o
                                        0x23c (size before relaxing)
 *fill*         0x000000000800a02d        0x3 
 .rodata.str1.4
                0x000000000800a030        0x7 build/obj/chprintf.o
                                          0x8 (size before relaxing)
 *fill*         0x000000000800a037        0x9 
 .rodata.ep1config
                0x000000000800a040       0x24 build/obj/main.o
 *fill*         0x000000000800a064        0xc 
 .rodata.states.7721
                0x000000000800a070       0x3c build/obj/main.o
 *fill*         0x000000000800a0ac        0x4 
 .rodata.vcom_string2
                0x000000000800a0b0       0x38 build/obj/main.o
 *fill*         0x000000000800a0e8        0x8 
 .rodata.vcom_configuration_descriptor
                0x000000000800a0f0        0x8 build/obj/main.o
 *fill*         0x000000000800a0f8        0x8 
 .rodata.ep2config
                0x000000000800a100       0x24 build/obj/main.o
 *fill*         0x000000000800a124        0xc 
 .rodata.commands
                0x000000000800a130       0x28 build/obj/main.o
 *fill*         0x000000000800a158        0x8 
 .rodata.usbcfg
                0x000000000800a160       0x10 build/obj/main.o
 .rodata.str1.4
                0x000000000800a170      0x1ac build/obj/main.o
                                        0x1b4 (size before relaxing)
 *fill*         0x000000000800a31c        0x4 
 .rodata.vcom_configuration_descriptor_data
                0x000000000800a320       0x44 build/obj/main.o
 *fill*         0x000000000800a364        0xc 
 .rodata.shell_cfg1
                0x000000000800a370        0x8 build/obj/main.o
 *fill*         0x000000000800a378        0x8 
 .rodata.vcom_string0
                0x000000000800a380        0x4 build/obj/main.o
 *fill*         0x000000000800a384        0xc 
 .rodata.vcom_string1
                0x000000000800a390       0x28 build/obj/main.o
 *fill*         0x000000000800a3b8        0x8 
 .rodata.vcom_string3
                0x000000000800a3c0        0x8 build/obj/main.o
 *fill*         0x000000000800a3c8        0x8 
 .rodata.vcom_device_descriptor_data
                0x000000000800a3d0       0x14 build/obj/main.o
 *fill*         0x000000000800a3e4        0xc 
 .rodata.vcom_strings
                0x000000000800a3f0       0x20 build/obj/main.o
 .rodata.serusbcfg
                0x000000000800a410        0x8 build/obj/main.o
 *fill*         0x000000000800a418        0x8 
 .rodata.vcom_device_descriptor
                0x000000000800a420        0x8 build/obj/main.o
 *fill*         0x000000000800a428        0x8 
 .rodata._ctype_
                0x000000000800a430      0x104 /usr/bin/../lib/gcc/arm-none-eabi/4.8.3/../../../../arm-none-eabi/lib/armv7e-m/libc.a(lib_a-ctype_.o)
                0x000000000800a430                _ctype_
 *(.glue_7t)
 .glue_7t       0x0000000000000000        0x0 linker stubs
 *(.glue_7)
 .glue_7        0x0000000000000000        0x0 linker stubs
 *(.gcc*)

.vfp11_veneer   0x000000000800a534        0x0
 .vfp11_veneer  0x0000000000000000        0x0 linker stubs

.v4_bx          0x000000000800a534        0x0
 .v4_bx         0x0000000000000000        0x0 linker stubs

.iplt           0x000000000800a534        0x0
 .iplt          0x0000000000000000        0x0 build/obj/crt0.o

.rel.dyn        0x000000000800a534        0x0
 .rel.iplt      0x0000000000000000        0x0 build/obj/crt0.o

.ARM.extab
 *(.ARM.extab* .gnu.linkonce.armextab.*)

.ARM.exidx      0x000000000800a534        0x0
                0x000000000800a534                PROVIDE (__exidx_start, .)
 *(.ARM.exidx* .gnu.linkonce.armexidx.*)
                0x000000000800a534                PROVIDE (__exidx_end, .)

.eh_frame_hdr
 *(.eh_frame_hdr)

.eh_frame
 *(.eh_frame)

.textalign      0x000000000800a534        0x4
                0x000000000800a538                . = ALIGN (0x8)
 *fill*         0x000000000800a534        0x4 
                0x000000000800a538                . = ALIGN (0x4)
                0x000000000800a538                _etext = .
                0x000000000800a538                _textdata = _etext

.stacks         0x0000000020000000      0x800
                0x0000000020000000                . = ALIGN (0x8)
                0x0000000020000000                __main_stack_base__ = .
                0x0000000020000400                . = (. + __main_stack_size__)
 *fill*         0x0000000020000000      0x400 
                0x0000000020000400                . = ALIGN (0x8)
                0x0000000020000400                __main_stack_end__ = .
                0x0000000020000400                __process_stack_base__ = .
                0x0000000020000400                __main_thread_stack_base__ = .
                0x0000000020000800                . = (. + __process_stack_size__)
 *fill*         0x0000000020000400      0x400 
                0x0000000020000800                . = ALIGN (0x8)
                0x0000000020000800                __process_stack_end__ = .
                0x0000000020000800                __main_thread_stack_end__ = .

.data           0x0000000020000800      0x4e0 load address 0x000000000800a538
                0x0000000020000800                . = ALIGN (0x4)
                0x0000000020000800                PROVIDE (_data, .)
 *(.data)
                0x0000000020000800                . = ALIGN (0x4)
 *(.data.*)
 .data.sem1     0x0000000020000800        0xc build/obj/testsem.o
 .data.m1       0x000000002000080c       0x10 build/obj/testmtx.o
 .data.m2       0x000000002000081c       0x10 build/obj/testmtx.o
 .data.c1       0x000000002000082c        0x8 build/obj/testmtx.o
 .data.mb1      0x0000000020000834       0x28 build/obj/testmbox.o
 .data.es1      0x000000002000085c        0x4 build/obj/testevt.o
 .data.es2      0x0000000020000860        0x4 build/obj/testevt.o
 .data.mp1      0x0000000020000864        0xc build/obj/testpools.o
 .data.oq       0x0000000020000870       0x24 build/obj/testqueues.o
 .data.iq       0x0000000020000894       0x24 build/obj/testqueues.o
 .data.linecoding
                0x00000000200008b8        0x8 build/obj/serial_usb.o
 .data.local_commands
                0x00000000200008c0       0x18 build/obj/shell.o
 .data.buf.7736
                0x00000000200008d8      0x404 build/obj/main.o
 .data.__ctype_ptr__
                0x0000000020000cdc        0x4 /usr/bin/../lib/gcc/arm-none-eabi/4.8.3/../../../../arm-none-eabi/lib/armv7e-m/libc.a(lib_a-ctype_.o)
                0x0000000020000cdc                __ctype_ptr__
                0x0000000020000ce0                . = ALIGN (0x4)
 *(.ramtext)
                0x0000000020000ce0                . = ALIGN (0x4)
                0x0000000020000ce0                PROVIDE (_edata, .)

.igot.plt       0x0000000020000ce0        0x0 load address 0x000000000800aa18
 .igot.plt      0x0000000000000000        0x0 build/obj/crt0.o

.bss            0x0000000020000ce0     0x10e4 load address 0x000000000800aa18
                0x0000000020000ce0                . = ALIGN (0x4)
                0x0000000020000ce0                PROVIDE (_bss_start, .)
 *(.bss)
                0x0000000020000ce0                . = ALIGN (0x4)
 *(.bss.*)
 .bss.mainthread.4824
                0x0000000020000ce0       0x4c build/obj/chsys.o
 *fill*         0x0000000020000d2c        0x4 
 .bss._idle_thread_wa
                0x0000000020000d30       0xc0 build/obj/chsys.o
                0x0000000020000d30                _idle_thread_wa
 .bss.dbg_isr_cnt
                0x0000000020000df0        0x4 build/obj/chdebug.o
                0x0000000020000df0                dbg_isr_cnt
 .bss.dbg_trace_buffer
                0x0000000020000df4      0x408 build/obj/chdebug.o
                0x0000000020000df4                dbg_trace_buffer
 .bss.dbg_lock_cnt
                0x00000000200011fc        0x4 build/obj/chdebug.o
                0x00000000200011fc                dbg_lock_cnt
 .bss.dbg_panic_msg
                0x0000000020001200        0x4 build/obj/chdebug.o
                0x0000000020001200                dbg_panic_msg
 .bss.vtlist    0x0000000020001204       0x10 build/obj/chvt.o
                0x0000000020001204                vtlist
 .bss.rlist     0x0000000020001214       0x1c build/obj/chschd.o
                0x0000000020001214                rlist
 .bss.endmem    0x0000000020001230        0x4 build/obj/chmemcore.o
 .bss.nextmem   0x0000000020001234        0x4 build/obj/chmemcore.o
 .bss.default_heap
                0x0000000020001238       0x20 build/obj/chheap.o
 .bss.test      0x0000000020001258      0x5f0 build/obj/test.o
                0x0000000020001258                test
 .bss.failpoint
                0x0000000020001848        0x4 build/obj/test.o
 .bss.local_fail
                0x000000002000184c        0x1 build/obj/test.o
 .bss.test_timer_done
                0x000000002000184d        0x1 build/obj/test.o
                0x000000002000184d                test_timer_done
 *fill*         0x000000002000184e        0x2 
 .bss.tokp      0x0000000020001850        0x4 build/obj/test.o
 .bss.global_fail
                0x0000000020001854        0x1 build/obj/test.o
 *fill*         0x0000000020001855        0x3 
 .bss.vt        0x0000000020001858       0x14 build/obj/test.o
 .bss.threads   0x000000002000186c       0x14 build/obj/test.o
                0x000000002000186c                threads
 .bss.chp       0x0000000020001880        0x4 build/obj/test.o
 .bss.tokens_buffer
                0x0000000020001884       0x10 build/obj/test.o
 *fill*         0x0000000020001894        0x4 
 .bss.test_heap
                0x0000000020001898       0x20 build/obj/testheap.o
 .bss.mp1       0x00000000200018b8        0xc build/obj/testdyn.o
 *fill*         0x00000000200018c4        0x4 
 .bss.heap1     0x00000000200018c8       0x20 build/obj/testdyn.o
 .bss.iq.4972   0x00000000200018e8       0x24 build/obj/testbmk.o
 .bss.mtx1      0x000000002000190c       0x10 build/obj/testbmk.o
 .bss.ib.4971   0x000000002000191c       0x10 build/obj/testbmk.o
 .bss.vt2.4985  0x000000002000192c       0x14 build/obj/testbmk.o
 .bss.sem1      0x0000000020001940        0xc build/obj/testbmk.o
 .bss.vt1.4984  0x000000002000194c       0x14 build/obj/testbmk.o
 .bss.measurement_offset
                0x0000000020001960        0x4 build/obj/tm.o
 .bss.USBD1     0x0000000020001964       0x84 build/obj/usb_lld.o
                0x0000000020001964                USBD1
 .bss.ep0_state
                0x00000000200019e8       0x14 build/obj/usb_lld.o
 .bss.ep0setup_buffer
                0x00000000200019fc        0x8 build/obj/usb_lld.o
 .bss.shell_terminated
                0x0000000020001a04        0x4 build/obj/shell.o
                0x0000000020001a04                shell_terminated
 .bss.waThread1
                0x0000000020001a08      0x130 build/obj/main.o
 .bss.ep2instate
                0x0000000020001b38       0x10 build/obj/main.o
 .bss.SDU1      0x0000000020001b48      0x258 build/obj/main.o
 .bss.ep1instate
                0x0000000020001da0       0x10 build/obj/main.o
 .bss.ep1outstate
                0x0000000020001db0       0x14 build/obj/main.o
                0x0000000020001dc4                . = ALIGN (0x4)
 *(COMMON)
                0x0000000020001dc4                . = ALIGN (0x4)
                0x0000000020001dc4                PROVIDE (_bss_end, .)
                0x0000000020001dc4                PROVIDE (end, .)
                0x0000000020001dc4                _end = .
                0x0000000020001dc4                __heap_base__ = _end
                0x000000002000a000                __heap_end__ = __ram_end__
OUTPUT(build/ch.elf elf32-littlearm)

.debug_info     0x0000000000000000    0x20f76
 .debug_info    0x0000000000000000      0x2a0 build/obj/crt0.o
 .debug_info    0x00000000000002a0      0x1c2 build/obj/vectors.o
 .debug_info    0x0000000000000462       0x92 build/obj/chcore.o
 .debug_info    0x00000000000004f4      0x866 build/obj/chcore_v7m.o
 .debug_info    0x0000000000000d5a      0x3fb build/obj/nvic.o
 .debug_info    0x0000000000001155      0x874 build/obj/chsys.o
 .debug_info    0x00000000000019c9      0x91e build/obj/chdebug.o
 .debug_info    0x00000000000022e7      0x26c build/obj/chvt.o
 .debug_info    0x0000000000002553      0xac7 build/obj/chschd.o
 .debug_info    0x000000000000301a      0xdce build/obj/chthreads.o
 .debug_info    0x0000000000003de8      0x9d3 build/obj/chdynamic.o
 .debug_info    0x00000000000047bb      0x684 build/obj/chregistry.o
 .debug_info    0x0000000000004e3f      0xcec build/obj/chsem.o
 .debug_info    0x0000000000005b2b      0xb0e build/obj/chmtx.o
 .debug_info    0x0000000000006639      0xac5 build/obj/chcond.o
 .debug_info    0x00000000000070fe      0xfcb build/obj/chevents.o
 .debug_info    0x00000000000080c9      0x700 build/obj/chmsg.o
 .debug_info    0x00000000000087c9      0xb9a build/obj/chmboxes.o
 .debug_info    0x0000000000009363      0xcc4 build/obj/chqueues.o
 .debug_info    0x000000000000a027      0x210 build/obj/chmemcore.o
 .debug_info    0x000000000000a237      0x732 build/obj/chheap.o
 .debug_info    0x000000000000a969      0x3fe build/obj/chmempools.o
 .debug_info    0x000000000000ad67     0x12d1 build/obj/test.o
 .debug_info    0x000000000000c038      0xcd9 build/obj/testthd.o
 .debug_info    0x000000000000cd11     0x10ff build/obj/testsem.o
 .debug_info    0x000000000000de10     0x1d3b build/obj/testmtx.o
 .debug_info    0x000000000000fb4b      0x70a build/obj/testmsg.o
 .debug_info    0x0000000000010255     0x141a build/obj/testmbox.o
 .debug_info    0x000000000001166f     0x10ac build/obj/testevt.o
 .debug_info    0x000000000001271b      0xbe6 build/obj/testheap.o
 .debug_info    0x0000000000013301      0x433 build/obj/testpools.o
 .debug_info    0x0000000000013734      0xf52 build/obj/testdyn.o
 .debug_info    0x0000000000014686     0x181c build/obj/testqueues.o
 .debug_info    0x0000000000015ea2     0x1e64 build/obj/testbmk.o
 .debug_info    0x0000000000017d06      0x374 build/obj/hal.o
 .debug_info    0x000000000001807a     0x18e4 build/obj/serial_usb.o
 .debug_info    0x000000000001995e      0x2c2 build/obj/tm.o
 .debug_info    0x0000000000019c20     0x1a4c build/obj/usb.o
 .debug_info    0x000000000001b66c      0x3e5 build/obj/hal_lld.o
 .debug_info    0x000000000001ba51      0x543 build/obj/pal_lld.o
 .debug_info    0x000000000001bf94     0x1802 build/obj/usb_lld.o
 .debug_info    0x000000000001d796      0x1ba build/obj/board.o
 .debug_info    0x000000000001d950     0x1424 build/obj/shell.o
 .debug_info    0x000000000001ed74      0x632 build/obj/chprintf.o
 .debug_info    0x000000000001f3a6     0x1bd0 build/obj/main.o

.debug_abbrev   0x0000000000000000     0x6bc5
 .debug_abbrev  0x0000000000000000       0xe5 build/obj/crt0.o
 .debug_abbrev  0x00000000000000e5       0xaf build/obj/vectors.o
 .debug_abbrev  0x0000000000000194       0x42 build/obj/chcore.o
 .debug_abbrev  0x00000000000001d6      0x1b9 build/obj/chcore_v7m.o
 .debug_abbrev  0x000000000000038f      0x10e build/obj/nvic.o
 .debug_abbrev  0x000000000000049d      0x1f2 build/obj/chsys.o
 .debug_abbrev  0x000000000000068f      0x21b build/obj/chdebug.o
 .debug_abbrev  0x00000000000008aa      0x151 build/obj/chvt.o
 .debug_abbrev  0x00000000000009fb      0x31b build/obj/chschd.o
 .debug_abbrev  0x0000000000000d16      0x375 build/obj/chthreads.o
 .debug_abbrev  0x000000000000108b      0x25a build/obj/chdynamic.o
 .debug_abbrev  0x00000000000012e5      0x1ba build/obj/chregistry.o
 .debug_abbrev  0x000000000000149f      0x30c build/obj/chsem.o
 .debug_abbrev  0x00000000000017ab      0x2d1 build/obj/chmtx.o
 .debug_abbrev  0x0000000000001a7c      0x2cf build/obj/chcond.o
 .debug_abbrev  0x0000000000001d4b      0x2cc build/obj/chevents.o
 .debug_abbrev  0x0000000000002017      0x22e build/obj/chmsg.o
 .debug_abbrev  0x0000000000002245      0x224 build/obj/chmboxes.o
 .debug_abbrev  0x0000000000002469      0x341 build/obj/chqueues.o
 .debug_abbrev  0x00000000000027aa      0x13b build/obj/chmemcore.o
 .debug_abbrev  0x00000000000028e5      0x1f2 build/obj/chheap.o
 .debug_abbrev  0x0000000000002ad7      0x19f build/obj/chmempools.o
 .debug_abbrev  0x0000000000002c76      0x4f2 build/obj/test.o
 .debug_abbrev  0x0000000000003168      0x29f build/obj/testthd.o
 .debug_abbrev  0x0000000000003407      0x2e6 build/obj/testsem.o
 .debug_abbrev  0x00000000000036ed      0x2f7 build/obj/testmtx.o
 .debug_abbrev  0x00000000000039e4      0x21a build/obj/testmsg.o
 .debug_abbrev  0x0000000000003bfe      0x225 build/obj/testmbox.o
 .debug_abbrev  0x0000000000003e23      0x2df build/obj/testevt.o
 .debug_abbrev  0x0000000000004102      0x232 build/obj/testheap.o
 .debug_abbrev  0x0000000000004334      0x1c8 build/obj/testpools.o
 .debug_abbrev  0x00000000000044fc      0x29e build/obj/testdyn.o
 .debug_abbrev  0x000000000000479a      0x2ed build/obj/testqueues.o
 .debug_abbrev  0x0000000000004a87      0x368 build/obj/testbmk.o
 .debug_abbrev  0x0000000000004def      0x1bb build/obj/hal.o
 .debug_abbrev  0x0000000000004faa      0x3af build/obj/serial_usb.o
 .debug_abbrev  0x0000000000005359      0x19a build/obj/tm.o
 .debug_abbrev  0x00000000000054f3      0x3ef build/obj/usb.o
 .debug_abbrev  0x00000000000058e2      0x10c build/obj/hal_lld.o
 .debug_abbrev  0x00000000000059ee      0x198 build/obj/pal_lld.o
 .debug_abbrev  0x0000000000005b86      0x49c build/obj/usb_lld.o
 .debug_abbrev  0x0000000000006022       0xe3 build/obj/board.o
 .debug_abbrev  0x0000000000006105      0x3fd build/obj/shell.o
 .debug_abbrev  0x0000000000006502      0x271 build/obj/chprintf.o
 .debug_abbrev  0x0000000000006773      0x452 build/obj/main.o

.debug_loc      0x0000000000000000     0x8692
 .debug_loc     0x0000000000000000       0xde build/obj/crt0.o
 .debug_loc     0x00000000000000de       0x5a build/obj/chcore_v7m.o
 .debug_loc     0x0000000000000138      0x159 build/obj/nvic.o
 .debug_loc     0x0000000000000291       0x26 build/obj/chsys.o
 .debug_loc     0x00000000000002b7       0xc9 build/obj/chdebug.o
 .debug_loc     0x0000000000000380       0xcb build/obj/chvt.o
 .debug_loc     0x000000000000044b      0x2a4 build/obj/chschd.o
 .debug_loc     0x00000000000006ef      0x43f build/obj/chthreads.o
 .debug_loc     0x0000000000000b2e      0x28c build/obj/chdynamic.o
 .debug_loc     0x0000000000000dba       0x5b build/obj/chregistry.o
 .debug_loc     0x0000000000000e15      0x5ee build/obj/chsem.o
 .debug_loc     0x0000000000001403      0x37c build/obj/chmtx.o
 .debug_loc     0x000000000000177f      0x358 build/obj/chcond.o
 .debug_loc     0x0000000000001ad7      0x68f build/obj/chevents.o
 .debug_loc     0x0000000000002166      0x170 build/obj/chmsg.o
 .debug_loc     0x00000000000022d6      0x55f build/obj/chmboxes.o
 .debug_loc     0x0000000000002835      0x72f build/obj/chqueues.o
 .debug_loc     0x0000000000002f64       0xc4 build/obj/chmemcore.o
 .debug_loc     0x0000000000003028      0x3ef build/obj/chheap.o
 .debug_loc     0x0000000000003417      0x2c8 build/obj/chmempools.o
 .debug_loc     0x00000000000036df      0x992 build/obj/test.o
 .debug_loc     0x0000000000004071       0xb2 build/obj/testthd.o
 .debug_loc     0x0000000000004123      0x119 build/obj/testsem.o
 .debug_loc     0x000000000000423c      0x2fd build/obj/testmtx.o
 .debug_loc     0x0000000000004539       0x5a build/obj/testmsg.o
 .debug_loc     0x0000000000004593      0x23d build/obj/testmbox.o
 .debug_loc     0x00000000000047d0      0x22b build/obj/testevt.o
 .debug_loc     0x00000000000049fb      0x157 build/obj/testheap.o
 .debug_loc     0x0000000000004b52       0xa6 build/obj/testpools.o
 .debug_loc     0x0000000000004bf8      0x117 build/obj/testdyn.o
 .debug_loc     0x0000000000004d0f      0x1cc build/obj/testqueues.o
 .debug_loc     0x0000000000004edb      0x2db build/obj/testbmk.o
 .debug_loc     0x00000000000051b6       0x9d build/obj/hal.o
 .debug_loc     0x0000000000005253      0x6f3 build/obj/serial_usb.o
 .debug_loc     0x0000000000005946       0x4d build/obj/tm.o
 .debug_loc     0x0000000000005993      0xbb0 build/obj/usb.o
 .debug_loc     0x0000000000006543      0x1b2 build/obj/pal_lld.o
 .debug_loc     0x00000000000066f5      0xa3d build/obj/usb_lld.o
 .debug_loc     0x0000000000007132      0x7a5 build/obj/shell.o
 .debug_loc     0x00000000000078d7      0x784 build/obj/chprintf.o
 .debug_loc     0x000000000000805b      0x637 build/obj/main.o

.debug_aranges  0x0000000000000000      0xf98
 .debug_aranges
                0x0000000000000000       0x38 build/obj/crt0.o
 .debug_aranges
                0x0000000000000038       0x20 build/obj/vectors.o
 .debug_aranges
                0x0000000000000058       0x20 build/obj/chcore.o
 .debug_aranges
                0x0000000000000078       0x50 build/obj/chcore_v7m.o
 .debug_aranges
                0x00000000000000c8       0x30 build/obj/nvic.o
 .debug_aranges
                0x00000000000000f8       0x30 build/obj/chsys.o
 .debug_aranges
                0x0000000000000128       0x88 build/obj/chdebug.o
 .debug_aranges
                0x00000000000001b0       0x30 build/obj/chvt.o
 .debug_aranges
                0x00000000000001e0       0x68 build/obj/chschd.o
 .debug_aranges
                0x0000000000000248       0x80 build/obj/chthreads.o
 .debug_aranges
                0x00000000000002c8       0x38 build/obj/chdynamic.o
 .debug_aranges
                0x0000000000000300       0x28 build/obj/chregistry.o
 .debug_aranges
                0x0000000000000328       0x70 build/obj/chsem.o
 .debug_aranges
                0x0000000000000398       0x58 build/obj/chmtx.o
 .debug_aranges
                0x00000000000003f0       0x60 build/obj/chcond.o
 .debug_aranges
                0x0000000000000450       0xa0 build/obj/chevents.o
 .debug_aranges
                0x00000000000004f0       0x30 build/obj/chmsg.o
 .debug_aranges
                0x0000000000000520       0x70 build/obj/chmboxes.o
 .debug_aranges
                0x0000000000000590       0x70 build/obj/chqueues.o
 .debug_aranges
                0x0000000000000600       0x38 build/obj/chmemcore.o
 .debug_aranges
                0x0000000000000638       0x40 build/obj/chheap.o
 .debug_aranges
                0x0000000000000678       0x48 build/obj/chmempools.o
 .debug_aranges
                0x00000000000006c0       0x98 build/obj/test.o
 .debug_aranges
                0x0000000000000758       0x40 build/obj/testthd.o
 .debug_aranges
                0x0000000000000798       0x70 build/obj/testsem.o
 .debug_aranges
                0x0000000000000808      0x108 build/obj/testmtx.o
 .debug_aranges
                0x0000000000000910       0x28 build/obj/testmsg.o
 .debug_aranges
                0x0000000000000938       0x28 build/obj/testmbox.o
 .debug_aranges
                0x0000000000000960       0x70 build/obj/testevt.o
 .debug_aranges
                0x00000000000009d0       0x28 build/obj/testheap.o
 .debug_aranges
                0x00000000000009f8       0x30 build/obj/testpools.o
 .debug_aranges
                0x0000000000000a28       0x58 build/obj/testdyn.o
 .debug_aranges
                0x0000000000000a80       0x50 build/obj/testqueues.o
 .debug_aranges
                0x0000000000000ad0       0xd0 build/obj/testbmk.o
 .debug_aranges
                0x0000000000000ba0       0x30 build/obj/hal.o
 .debug_aranges
                0x0000000000000bd0       0xb0 build/obj/serial_usb.o
 .debug_aranges
                0x0000000000000c80       0x38 build/obj/tm.o
 .debug_aranges
                0x0000000000000cb8       0xb0 build/obj/usb.o
 .debug_aranges
                0x0000000000000d68       0x28 build/obj/hal_lld.o
 .debug_aranges
                0x0000000000000d90       0x28 build/obj/pal_lld.o
 .debug_aranges
                0x0000000000000db8       0xc0 build/obj/usb_lld.o
 .debug_aranges
                0x0000000000000e78       0x28 build/obj/board.o
 .debug_aranges
                0x0000000000000ea0       0x68 build/obj/shell.o
 .debug_aranges
                0x0000000000000f08       0x30 build/obj/chprintf.o
 .debug_aranges
                0x0000000000000f38       0x60 build/obj/main.o

.debug_ranges   0x0000000000000000     0x1958
 .debug_ranges  0x0000000000000000       0x58 build/obj/crt0.o
 .debug_ranges  0x0000000000000058       0x10 build/obj/vectors.o
 .debug_ranges  0x0000000000000068       0x10 build/obj/chcore.o
 .debug_ranges  0x0000000000000078       0x58 build/obj/chcore_v7m.o
 .debug_ranges  0x00000000000000d0       0x20 build/obj/nvic.o
 .debug_ranges  0x00000000000000f0       0x20 build/obj/chsys.o
 .debug_ranges  0x0000000000000110       0x78 build/obj/chdebug.o
 .debug_ranges  0x0000000000000188       0x20 build/obj/chvt.o
 .debug_ranges  0x00000000000001a8      0x170 build/obj/chschd.o
 .debug_ranges  0x0000000000000318      0x118 build/obj/chthreads.o
 .debug_ranges  0x0000000000000430       0x40 build/obj/chdynamic.o
 .debug_ranges  0x0000000000000470       0x18 build/obj/chregistry.o
 .debug_ranges  0x0000000000000488      0x128 build/obj/chsem.o
 .debug_ranges  0x00000000000005b0      0x198 build/obj/chmtx.o
 .debug_ranges  0x0000000000000748       0xd8 build/obj/chcond.o
 .debug_ranges  0x0000000000000820       0xf0 build/obj/chevents.o
 .debug_ranges  0x0000000000000910       0x50 build/obj/chmsg.o
 .debug_ranges  0x0000000000000960       0xa8 build/obj/chmboxes.o
 .debug_ranges  0x0000000000000a08       0xd0 build/obj/chqueues.o
 .debug_ranges  0x0000000000000ad8       0x40 build/obj/chmemcore.o
 .debug_ranges  0x0000000000000b18       0x30 build/obj/chheap.o
 .debug_ranges  0x0000000000000b48       0x50 build/obj/chmempools.o
 .debug_ranges  0x0000000000000b98      0x140 build/obj/test.o
 .debug_ranges  0x0000000000000cd8       0x60 build/obj/testthd.o
 .debug_ranges  0x0000000000000d38       0xa8 build/obj/testsem.o
 .debug_ranges  0x0000000000000de0      0x110 build/obj/testmtx.o
 .debug_ranges  0x0000000000000ef0       0x18 build/obj/testmsg.o
 .debug_ranges  0x0000000000000f08       0x18 build/obj/testmbox.o
 .debug_ranges  0x0000000000000f20       0x78 build/obj/testevt.o
 .debug_ranges  0x0000000000000f98       0x18 build/obj/testheap.o
 .debug_ranges  0x0000000000000fb0       0x40 build/obj/testpools.o
 .debug_ranges  0x0000000000000ff0       0x48 build/obj/testdyn.o
 .debug_ranges  0x0000000000001038       0xe0 build/obj/testqueues.o
 .debug_ranges  0x0000000000001118       0xd8 build/obj/testbmk.o
 .debug_ranges  0x00000000000011f0       0x38 build/obj/hal.o
 .debug_ranges  0x0000000000001228       0xb8 build/obj/serial_usb.o
 .debug_ranges  0x00000000000012e0       0x80 build/obj/tm.o
 .debug_ranges  0x0000000000001360      0x170 build/obj/usb.o
 .debug_ranges  0x00000000000014d0       0x30 build/obj/hal_lld.o
 .debug_ranges  0x0000000000001500       0xc0 build/obj/pal_lld.o
 .debug_ranges  0x00000000000015c0      0x1b0 build/obj/usb_lld.o
 .debug_ranges  0x0000000000001770       0x18 build/obj/board.o
 .debug_ranges  0x0000000000001788      0x100 build/obj/shell.o
 .debug_ranges  0x0000000000001888       0x38 build/obj/chprintf.o
 .debug_ranges  0x00000000000018c0       0x98 build/obj/main.o

.debug_line     0x0000000000000000     0x6ee9
 .debug_line    0x0000000000000000       0xe3 build/obj/crt0.o
 .debug_line    0x00000000000000e3       0x88 build/obj/vectors.o
 .debug_line    0x000000000000016b       0x56 build/obj/chcore.o
 .debug_line    0x00000000000001c1      0x1d0 build/obj/chcore_v7m.o