
Discarded input sections

 .text          0x0000000000000000        0x0 build/obj/crt0.o
 .data          0x0000000000000000        0x0 build/obj/crt0.o
 .bss           0x0000000000000000        0x0 build/obj/crt0.o
 .text.__early_init
                0x0000000000000000       0x10 build/obj/crt0.o
 .text          0x0000000000000000        0x0 build/obj/vectors.o
 .data          0x0000000000000000        0x0 build/obj/vectors.o
 .bss           0x0000000000000000        0x0 build/obj/vectors.o
 .text          0x0000000000000000        0x0 build/obj/chcore.o
 .data          0x0000000000000000        0x0 build/obj/chcore.o
 .bss           0x0000000000000000        0x0 build/obj/chcore.o
 .text.port_halt
                0x0000000000000000       0x10 build/obj/chcore.o
 .debug_info    0x0000000000000000       0x92 build/obj/chcore.o
 .debug_abbrev  0x0000000000000000       0x42 build/obj/chcore.o
 .debug_aranges
                0x0000000000000000       0x20 build/obj/chcore.o
 .debug_ranges  0x0000000000000000       0x10 build/obj/chcore.o
 .debug_line    0x0000000000000000       0x53 build/obj/chcore.o
 .debug_str     0x0000000000000000      0x1da build/obj/chcore.o
 .comment       0x0000000000000000       0x71 build/obj/chcore.o
 .ARM.attributes
                0x0000000000000000       0x33 build/obj/chcore.o
 .debug_frame   0x0000000000000000       0x20 build/obj/chcore.o
 .text          0x0000000000000000        0x0 build/obj/chcore_v7m.o
 .data          0x0000000000000000        0x0 build/obj/chcore_v7m.o
 .bss           0x0000000000000000        0x0 build/obj/chcore_v7m.o
 .text          0x0000000000000000        0x0 build/obj/nvic.o
 .data          0x0000000000000000        0x0 build/obj/nvic.o
 .bss           0x0000000000000000        0x0 build/obj/nvic.o
 .text.nvicDisableVector
                0x0000000000000000       0x50 build/obj/nvic.o
 .text          0x0000000000000000        0x0 build/obj/chsys.o
 .data          0x0000000000000000        0x0 build/obj/chsys.o
 .bss           0x0000000000000000        0x0 build/obj/chsys.o
 .text          0x0000000000000000        0x0 build/obj/chdebug.o
 .data          0x0000000000000000        0x0 build/obj/chdebug.o
 .bss           0x0000000000000000        0x0 build/obj/chdebug.o
 .debug_info    0x0000000000000000       0x79 build/obj/chdebug.o
 .debug_abbrev  0x0000000000000000       0x26 build/obj/chdebug.o
 .debug_aranges
                0x0000000000000000       0x18 build/obj/chdebug.o
 .debug_line    0x0000000000000000       0x1d build/obj/chdebug.o
 .debug_str     0x0000000000000000      0x1cb build/obj/chdebug.o
 .comment       0x0000000000000000       0x71 build/obj/chdebug.o
 .ARM.attributes
                0x0000000000000000       0x33 build/obj/chdebug.o
 .text          0x0000000000000000        0x0 build/obj/chlists.o
 .data          0x0000000000000000        0x0 build/obj/chlists.o
 .bss           0x0000000000000000        0x0 build/obj/chlists.o
 .debug_info    0x0000000000000000       0x79 build/obj/chlists.o
 .debug_abbrev  0x0000000000000000       0x26 build/obj/chlists.o
 .debug_aranges
                0x0000000000000000       0x18 build/obj/chlists.o
 .debug_line    0x0000000000000000       0x1d build/obj/chlists.o
 .debug_str     0x0000000000000000      0x1cb build/obj/chlists.o
 .comment       0x0000000000000000       0x71 build/obj/chlists.o
 .ARM.attributes
                0x0000000000000000       0x33 build/obj/chlists.o
 .text          0x0000000000000000        0x0 build/obj/chvt.o
 .data          0x0000000000000000        0x0 build/obj/chvt.o
 .bss           0x0000000000000000        0x0 build/obj/chvt.o
 .text          0x0000000000000000        0x0 build/obj/chschd.o
 .data          0x0000000000000000        0x0 build/obj/chschd.o
 .bss           0x0000000000000000        0x0 build/obj/chschd.o
 .text          0x0000000000000000        0x0 build/obj/chthreads.o
 .data          0x0000000000000000        0x0 build/obj/chthreads.o
 .bss           0x0000000000000000        0x0 build/obj/chthreads.o
 .text          0x0000000000000000        0x0 build/obj/chdynamic.o
 .data          0x0000000000000000        0x0 build/obj/chdynamic.o
 .bss           0x0000000000000000        0x0 build/obj/chdynamic.o
 .text          0x0000000000000000        0x0 build/obj/chregistry.o
 .data          0x0000000000000000        0x0 build/obj/chregistry.o
 .bss           0x0000000000000000        0x0 build/obj/chregistry.o
 .text          0x0000000000000000        0x0 build/obj/chsem.o
 .data          0x0000000000000000        0x0 build/obj/chsem.o
 .bss           0x0000000000000000        0x0 build/obj/chsem.o
 .text          0x0000000000000000        0x0 build/obj/chmtx.o
 .data          0x0000000000000000        0x0 build/obj/chmtx.o
 .bss           0x0000000000000000        0x0 build/obj/chmtx.o
 .text.chMtxTryLockS
                0x0000000000000000       0x20 build/obj/chmtx.o
 .text          0x0000000000000000        0x0 build/obj/chcond.o
[...]
Memory Configuration

Name             Origin             Length             Attributes
flash            0x0000000008000000 0x0000000000040000
ram              0x0000000020000000 0x000000000000a000
ccmram           0x0000000010000000 0x0000000000002000
*default*        0x0000000000000000 0xffffffffffffffff

Linker script and memory map

LOAD build/obj/crt0.o
LOAD build/obj/vectors.o
LOAD build/obj/chcore.o
LOAD build/obj/chcore_v7m.o
LOAD build/obj/nvic.o
LOAD build/obj/chsys.o
LOAD build/obj/chdebug.o
LOAD build/obj/chlists.o
LOAD build/obj/chvt.o
LOAD build/obj/chschd.o
LOAD build/obj/chthreads.o
LOAD build/obj/chdynamic.o
LOAD build/obj/chregistry.o
LOAD build/obj/chsem.o
LOAD build/obj/chmtx.o
LOAD build/obj/chcond.o
LOAD build/obj/chevents.o
LOAD build/obj/chmsg.o
LOAD build/obj/chmboxes.o
LOAD build/obj/chqueues.o
LOAD build/obj/chmemcore.o
LOAD build/obj/chheap.o
LOAD build/obj/chmempools.o
LOAD build/obj/test.o
LOAD build/obj/testthd.o
LOAD build/obj/testsem.o
LOAD build/obj/testmtx.o
LOAD build/obj/testmsg.o
LOAD build/obj/testmbox.o
LOAD build/obj/testevt.o
LOAD build/obj/testheap.o
LOAD build/obj/testpools.o
LOAD build/obj/testdyn.o
LOAD build/obj/testqueues.o
LOAD build/obj/testbmk.o
LOAD build/obj/hal.o
LOAD build/obj/adc.o
LOAD build/obj/can.o
LOAD build/obj/dac.o
LOAD build/obj/ext.o
LOAD build/obj/gpt.o
LOAD build/obj/i2c.o
LOAD build/obj/icu.o
LOAD build/obj/mac.o
LOAD build/obj/mmc_spi.o
LOAD build/obj/mmcsd.o
LOAD build/obj/pal.o
LOAD build/obj/pwm.o
LOAD build/obj/rtc.o
LOAD build/obj/sdc.o
LOAD build/obj/serial.o
LOAD build/obj/serial_usb.o
LOAD build/obj/spi.o
LOAD build/obj/tm.o
LOAD build/obj/uart.o
LOAD build/obj/usb.o
LOAD build/obj/stm32_dma.o
LOAD build/obj/hal_lld.o
LOAD build/obj/adc_lld.o
LOAD build/obj/ext_lld_isr.o
LOAD build/obj/can_lld.o
LOAD build/obj/ext_lld.o
LOAD build/obj/pal_lld.o
LOAD build/obj/i2c_lld.o
LOAD build/obj/rtc_lld.o
LOAD build/obj/spi_lld.o
LOAD build/obj/gpt_lld.o
LOAD build/obj/icu_lld.o
LOAD build/obj/pwm_lld.o
LOAD build/obj/serial_lld.o
LOAD build/obj/uart_lld.o
LOAD build/obj/usb_lld.o
LOAD build/obj/board.o
LOAD build/obj/main.o
START GROUP
LOAD /usr/bin/../lib/gcc/arm-none-eabi/4.8.3/armv7e-m/libgcc.a
LOAD /usr/bin/../lib/gcc/arm-none-eabi/4.8.3/../../../../arm-none-eabi/lib/armv7e-m/libc.a
END GROUP
                0x0000000000000400                __main_stack_size__ = 0x400
                0x0000000000000400                __process_stack_size__ = 0x400
                0x0000000020000000                __ram_start__ = ORIGIN (ram)
                0x000000000000a000                __ram_size__ = 0xa000
                0x000000002000a000                __ram_end__ = (__ram_start__ + __ram_size__)
                0x0000000000000000                . = 0x0
                0x0000000000000000                _text = .

startup         0x0000000008000000      0x188
 *(vectors)
 vectors        0x0000000008000000      0x188 build/obj/vectors.o
                0x0000000008000000                _vectors

constructors    0x0000000008000188        0x0
                0x0000000008000188                PROVIDE (__init_array_start, .)
 *(SORT(.init_array.*))
 *(.init_array)
                0x0000000008000188                PROVIDE (__init_array_end, .)

destructors     0x0000000008000188        0x0
                0x0000000008000188                PROVIDE (__fini_array_start, .)
 *(.fini_array)
 *(SORT(.fini_array.*))
                0x0000000008000188                PROVIDE (__fini_array_end, .)

.text           0x0000000008000190     0x6c68
 *(.text.startup.*)
 .text.startup.main
                0x0000000008000190       0x70 build/obj/main.o
                0x0000000008000190                main
 *(.text)
 *(.text.*)
 .text.__late_init
                0x0000000008000200       0x10 build/obj/crt0.o
                0x0000000008000200                __late_init
 .text._default_exit
                0x0000000008000210       0x10 build/obj/crt0.o
                0x0000000008000210                _default_exit
 .text.ResetHandler
                0x0000000008000220      0x100 build/obj/crt0.o
                0x0000000008000220                ResetHandler
 .text._unhandled_exception
                0x0000000008000320       0x10 build/obj/vectors.o
                0x0000000008000320                Vector58
                0x0000000008000320                VectorE8
                0x0000000008000320                Vector9C
                0x0000000008000320                VectorAC
                0x0000000008000320                Vector5C
                0x0000000008000320                NMIVector
                0x0000000008000320                Vector11C
                0x0000000008000320                Vector8C
                0x0000000008000320                VectorDC
                0x0000000008000320                Vector168
                0x0000000008000320                Vector110
                0x0000000008000320                Vector120
                0x0000000008000320                VectorC8
                0x0000000008000320                Vector94
                0x0000000008000320                VectorA8
                0x0000000008000320                VectorB4
                0x0000000008000320                Vector74
                0x0000000008000320                Vector160
                0x0000000008000320                VectorEC
                0x0000000008000320                UsageFaultVector
                0x0000000008000320                DebugMonitorVector
                0x0000000008000320                Vector40
                0x0000000008000320                VectorF8
                0x0000000008000320                Vector108
                0x0000000008000320                VectorBC
                0x0000000008000320                Vector150
                0x0000000008000320                Vector124
                0x0000000008000320                Vector148
                0x0000000008000320                PendSVVector
                0x0000000008000320                Vector118
                0x0000000008000320                Vector64
                0x0000000008000320                VectorCC
                0x0000000008000320                Vector54
                0x0000000008000320                Vector98
                0x0000000008000320                VectorD8
                0x0000000008000320                Vector138
                0x0000000008000320                Vector24
                0x0000000008000320                Vector178
                0x0000000008000320                Vector84
                0x0000000008000320                BusFaultVector
                0x0000000008000320                VectorD0
                0x0000000008000320                Vector140
                0x0000000008000320                VectorE4
                0x0000000008000320                VectorC0
                0x0000000008000320                Vector158
                0x0000000008000320                Vector130
                0x0000000008000320                HardFaultVector
                0x0000000008000320                Vector134
                0x0000000008000320                VectorF0
                0x0000000008000320                Vector12C
                0x0000000008000320                Vector13C
                0x0000000008000320                Vector100
                0x0000000008000320                VectorE0
                0x0000000008000320                VectorF4
                0x0000000008000320                MemManageVector
                0x0000000008000320                Vector6C
                0x0000000008000320                VectorA0
                0x0000000008000320                VectorC4
                0x0000000008000320                Vector7C
                0x0000000008000320                Vector180
                0x0000000008000320                VectorB0
                0x0000000008000320                Vector90
                0x0000000008000320                Vector114
                0x0000000008000320                Vector164
                0x0000000008000320                Vector60
                0x0000000008000320                Vector1C
                0x0000000008000320                Vector17C
                0x0000000008000320                Vector48
                0x0000000008000320                Vector16C
                0x0000000008000320                Vector70
                0x0000000008000320                Vector4C
                0x0000000008000320                Vector144
                0x0000000008000320                Vector80
                0x0000000008000320                Vector15C
                0x0000000008000320                Vector68
                0x0000000008000320                Vector78
                0x0000000008000320                _unhandled_exception
                0x0000000008000320                Vector170
                0x0000000008000320                Vector88
                0x0000000008000320                Vector104
                0x0000000008000320                Vector184
                0x0000000008000320                Vector10C
                0x0000000008000320                Vector14C
                0x0000000008000320                Vector50
                0x0000000008000320                Vector154
                0x0000000008000320                Vector44
                0x0000000008000320                Vector28
                0x0000000008000320                VectorB8
                0x0000000008000320                VectorFC
                0x0000000008000320                Vector34
                0x0000000008000320                Vector128
                0x0000000008000320                VectorA4
                0x0000000008000320                Vector20
                0x0000000008000320                Vector174
 .text._port_switch_from_isr
                0x0000000008000330       0x10 build/obj/chcore_v7m.o
                0x0000000008000330                _port_switch_from_isr
 .text.SVCallVector
                0x0000000008000340       0x20 build/obj/chcore_v7m.o
                0x0000000008000340                SVCallVector
 .text._port_init
                0x0000000008000360       0x30 build/obj/chcore_v7m.o
                0x0000000008000360                _port_init
 .text._port_irq_epilogue
                0x0000000008000390       0x70 build/obj/chcore_v7m.o
                0x0000000008000390                _port_irq_epilogue
 .text.SysTickVector
                0x0000000008000400       0x20 build/obj/chcore_v7m.o
                0x0000000008000400                SysTickVector
 .text._port_switch
                0x0000000008000420       0x10 build/obj/chcore_v7m.o
                0x0000000008000420                _port_switch
 .text._port_thread_start
                0x0000000008000430       0x10 build/obj/chcore_v7m.o
                0x0000000008000430                _port_thread_start
 .text.nvicEnableVector
                0x0000000008000440       0x50 build/obj/nvic.o
                0x0000000008000440                nvicEnableVector
 .text.nvicSetSystemHandlerPriority
                0x0000000008000490       0x30 build/obj/nvic.o
                0x0000000008000490                nvicSetSystemHandlerPriority
 .text._idle_thread
                0x00000000080004c0       0x20 build/obj/chsys.o
                0x00000000080004c0                _idle_thread
 .text.chSysInit
                0x00000000080004e0       0x70 build/obj/chsys.o
                0x00000000080004e0                chSysInit
 .text.chSysTimerHandlerI
                0x0000000008000550       0x60 build/obj/chsys.o
                0x0000000008000550                chSysTimerHandlerI
 .text._vt_init
                0x00000000080005b0       0x20 build/obj/chvt.o
                0x00000000080005b0                _vt_init
 .text.chVTSetI
                0x00000000080005d0       0x40 build/obj/chvt.o
                0x00000000080005d0                chVTSetI
 .text.chVTResetI
                0x0000000008000610       0x30 build/obj/chvt.o
                0x0000000008000610                chVTResetI
 .text.wakeup   0x0000000008000640       0x70 build/obj/chschd.o
 .text._scheduler_init
                0x00000000080006b0       0x20 build/obj/chschd.o
                0x00000000080006b0                _scheduler_init
 .text.chSchReadyI
                0x00000000080006d0       0x30 build/obj/chschd.o
                0x00000000080006d0                chSchReadyI
 .text.chSchGoSleepS
                0x0000000008000700       0x30 build/obj/chschd.o
                0x0000000008000700                chSchGoSleepS
 .text.chSchGoSleepTimeoutS
                0x0000000008000730       0x50 build/obj/chschd.o
                0x0000000008000730                chSchGoSleepTimeoutS
 .text.chSchWakeupS
                0x0000000008000780       0x60 build/obj/chschd.o
                0x0000000008000780                chSchWakeupS
 .text.chSchDoRescheduleBehind
                0x00000000080007e0       0x40 build/obj/chschd.o
                0x00000000080007e0                chSchDoRescheduleBehind
 .text.chSchDoRescheduleAhead
                0x0000000008000820       0x40 build/obj/chschd.o
                0x0000000008000820                chSchDoRescheduleAhead
 .text.chSchRescheduleS
                0x0000000008000860       0x20 build/obj/chschd.o
                0x0000000008000860                chSchRescheduleS
 .text.chSchDoReschedule
                0x0000000008000880       0x20 build/obj/chschd.o
                0x0000000008000880                chSchDoReschedule
 .text._thread_init
                0x00000000080008a0       0x50 build/obj/chthreads.o
                0x00000000080008a0                _thread_init
 .text.chThdCreateI
                0x00000000080008f0       0x70 build/obj/chthreads.o
                0x00000000080008f0                chThdCreateI
 .text.chThdCreateStatic
                0x0000000008000960       0x90 build/obj/chthreads.o
                0x0000000008000960                chThdCreateStatic
 .text.chThdSetPriority
                0x00000000080009f0       0x30 build/obj/chthreads.o
                0x00000000080009f0                chThdSetPriority
 .text.chThdResume
                0x0000000008000a20       0x20 build/obj/chthreads.o
                0x0000000008000a20                chThdResume
 .text.chThdTerminate
                0x0000000008000a40       0x20 build/obj/chthreads.o
                0x0000000008000a40                chThdTerminate
 .text.chThdSleep
                0x0000000008000a60       0x20 build/obj/chthreads.o
                0x0000000008000a60                chThdSleep
 .text.chThdSleepUntil
                0x0000000008000a80       0x30 build/obj/chthreads.o
                0x0000000008000a80                chThdSleepUntil
 .text.chThdYield
                0x0000000008000ab0       0x30 build/obj/chthreads.o
                0x0000000008000ab0                chThdYield
 .text.chThdExitS
                0x0000000008000ae0       0x40 build/obj/chthreads.o
                0x0000000008000ae0                chThdExitS
 .text.chThdExit
                0x0000000008000b20       0x10 build/obj/chthreads.o
                0x0000000008000b20                chThdExit
 .text.chThdWait
                0x0000000008000b30       0x40 build/obj/chthreads.o
                0x0000000008000b30                chThdWait
 .text.chThdAddRef
                0x0000000008000b70       0x20 build/obj/chdynamic.o
                0x0000000008000b70                chThdAddRef
 .text.chThdRelease
                0x0000000008000b90       0x50 build/obj/chdynamic.o
                0x0000000008000b90                chThdRelease
 .text.chThdCreateFromHeap
                0x0000000008000be0       0x40 build/obj/chdynamic.o
                0x0000000008000be0                chThdCreateFromHeap
 .text.chThdCreateFromMemoryPool
                0x0000000008000c20       0x40 build/obj/chdynamic.o
                0x0000000008000c20                chThdCreateFromMemoryPool
 .text.chRegFirstThread
                0x0000000008000c60       0x20 build/obj/chregistry.o
                0x0000000008000c60                chRegFirstThread
 .text.chRegNextThread
                0x0000000008000c80       0x30 build/obj/chregistry.o
                0x0000000008000c80                chRegNextThread
 .text.chSemInit
                0x0000000008000cb0       0x10 build/obj/chsem.o
                0x0000000008000cb0                chSemInit
 .text.chSemResetI
                0x0000000008000cc0       0x30 build/obj/chsem.o
                0x0000000008000cc0                chSemResetI
 .text.chSemReset
                0x0000000008000cf0       0x20 build/obj/chsem.o
                0x0000000008000cf0                chSemReset
 .text.chSemWaitS
                0x0000000008000d10       0x40 build/obj/chsem.o
                0x0000000008000d10                chSemWaitS
 .text.chSemWait
                0x0000000008000d50       0x20 build/obj/chsem.o
                0x0000000008000d50                chSemWait
 .text.chSemWaitTimeoutS
                0x0000000008000d70       0x40 build/obj/chsem.o
                0x0000000008000d70                chSemWaitTimeoutS
 .text.chSemWaitTimeout
                0x0000000008000db0       0x20 build/obj/chsem.o
                0x0000000008000db0                chSemWaitTimeout
 .text.chSemSignal
                0x0000000008000dd0       0x40 build/obj/chsem.o
                0x0000000008000dd0                chSemSignal
 .text.chSemSignalI
                0x0000000008000e10       0x20 build/obj/chsem.o
                0x0000000008000e10                chSemSignalI
 .text.chSemAddCounterI
                0x0000000008000e30       0x30 build/obj/chsem.o
                0x0000000008000e30                chSemAddCounterI
 .text.chSemSignalWait
                0x0000000008000e60       0x70 build/obj/chsem.o
                0x0000000008000e60                chSemSignalWait
 .text.chMtxInit
                0x0000000008000ed0       0x10 build/obj/chmtx.o
                0x0000000008000ed0                chMtxInit
 .text.chMtxLockS
                0x0000000008000ee0       0xd0 build/obj/chmtx.o
                0x0000000008000ee0                chMtxLockS
 .text.chMtxLock
                0x0000000008000fb0       0x20 build/obj/chmtx.o
                0x0000000008000fb0                chMtxLock
 .text.chMtxTryLock
                0x0000000008000fd0       0x30 build/obj/chmtx.o
                0x0000000008000fd0                chMtxTryLock
 .text.chMtxUnlock
                0x0000000008001000       0x70 build/obj/chmtx.o
                0x0000000008001000                chMtxUnlock
 .text.chMtxUnlockS
                0x0000000008001070       0x50 build/obj/chmtx.o
                0x0000000008001070                chMtxUnlockS
 .text.chMtxUnlockAll
                0x00000000080010c0       0x60 build/obj/chmtx.o
                0x00000000080010c0                chMtxUnlockAll
 .text.chCondInit
                0x0000000008001120       0x10 build/obj/chcond.o
                0x0000000008001120                chCondInit
 .text.chCondSignal
                0x0000000008001130       0x30 build/obj/chcond.o
                0x0000000008001130                chCondSignal
 .text.chCondSignalI
                0x0000000008001160       0x20 build/obj/chcond.o
                0x0000000008001160                chCondSignalI
 .text.chCondBroadcastI
                0x0000000008001180       0x30 build/obj/chcond.o
                0x0000000008001180                chCondBroadcastI
 .text.chCondBroadcast
                0x00000000080011b0       0x20 build/obj/chcond.o
                0x00000000080011b0                chCondBroadcast
 .text.chCondWaitS
                0x00000000080011d0       0x50 build/obj/chcond.o
                0x00000000080011d0                chCondWaitS
 .text.chCondWait
                0x0000000008001220       0x20 build/obj/chcond.o
                0x0000000008001220                chCondWait
 .text.chCondWaitTimeoutS
                0x0000000008001240       0x50 build/obj/chcond.o
                0x0000000008001240                chCondWaitTimeoutS
 .text.chCondWaitTimeout
                0x0000000008001290       0x20 build/obj/chcond.o
                0x0000000008001290                chCondWaitTimeout
 .text.chEvtRegisterMask
                0x00000000080012b0       0x30 build/obj/chevents.o
                0x00000000080012b0                chEvtRegisterMask
 .text.chEvtUnregister
                0x00000000080012e0       0x30 build/obj/chevents.o
                0x00000000080012e0                chEvtUnregister
 .text.chEvtGetAndClearEvents
                0x0000000008001310       0x20 build/obj/chevents.o
                0x0000000008001310                chEvtGetAndClearEvents
 .text.chEvtAddEvents
                0x0000000008001330       0x20 build/obj/chevents.o
                0x0000000008001330                chEvtAddEvents
 .text.chEvtSignalI
                0x0000000008001350       0x30 build/obj/chevents.o
                0x0000000008001350                chEvtSignalI
 .text.chEvtBroadcastFlagsI
                0x0000000008001380       0x20 build/obj/chevents.o
                0x0000000008001380                chEvtBroadcastFlagsI
 .text.chEvtSignal
                0x00000000080013a0       0x20 build/obj/chevents.o
                0x00000000080013a0                chEvtSignal
 .text.chEvtBroadcastFlags
                0x00000000080013c0       0x20 build/obj/chevents.o
                0x00000000080013c0                chEvtBroadcastFlags
 .text.chEvtDispatch
                0x00000000080013e0       0x30 build/obj/chevents.o
                0x00000000080013e0                chEvtDispatch
 .text.chEvtWaitOne
                0x0000000008001410       0x40 build/obj/chevents.o
                0x0000000008001410                chEvtWaitOne
 .text.chEvtWaitAny
                0x0000000008001450       0x40 build/obj/chevents.o
                0x0000000008001450                chEvtWaitAny
 .text.chEvtWaitAll
                0x0000000008001490       0x40 build/obj/chevents.o
                0x0000000008001490                chEvtWaitAll
 .text.chEvtWaitOneTimeout
                0x00000000080014d0       0x60 build/obj/chevents.o
                0x00000000080014d0                chEvtWaitOneTimeout
 .text.chEvtWaitAnyTimeout
                0x0000000008001530       0x60 build/obj/chevents.o
                0x0000000008001530                chEvtWaitAnyTimeout
 .text.chEvtWaitAllTimeout
                0x0000000008001590       0x50 build/obj/chevents.o
                0x0000000008001590                chEvtWaitAllTimeout
 .text.chMsgSend
                0x00000000080015e0       0x40 build/obj/chmsg.o
                0x00000000080015e0                chMsgSend
 .text.chMsgWait
                0x0000000008001620       0x40 build/obj/chmsg.o
                0x0000000008001620                chMsgWait
 .text.chMsgRelease
                0x0000000008001660       0x20 build/obj/chmsg.o
                0x0000000008001660                chMsgRelease
 .text.chMBInit
                0x0000000008001680       0x30 build/obj/chmboxes.o
                0x0000000008001680                chMBInit
 .text.chMBReset
                0x00000000080016b0       0x40 build/obj/chmboxes.o
                0x00000000080016b0                chMBReset
 .text.chMBPostS
                0x00000000080016f0       0x40 build/obj/chmboxes.o
                0x00000000080016f0                chMBPostS
 .text.chMBPost
                0x0000000008001730       0x20 build/obj/chmboxes.o
                0x0000000008001730                chMBPost
 .text.chMBPostI
                0x0000000008001750       0x40 build/obj/chmboxes.o
                0x0000000008001750                chMBPostI
 .text.chMBPostAheadS
                0x0000000008001790       0x40 build/obj/chmboxes.o
                0x0000000008001790                chMBPostAheadS
 .text.chMBPostAhead
                0x00000000080017d0       0x20 build/obj/chmboxes.o
                0x00000000080017d0                chMBPostAhead
 .text.chMBPostAheadI
                0x00000000080017f0       0x30 build/obj/chmboxes.o
                0x00000000080017f0                chMBPostAheadI
 .text.chMBFetchS
                0x0000000008001820       0x40 build/obj/chmboxes.o
                0x0000000008001820                chMBFetchS
 .text.chMBFetch
                0x0000000008001860       0x20 build/obj/chmboxes.o
                0x0000000008001860                chMBFetch
 .text.chMBFetchI
                0x0000000008001880       0x40 build/obj/chmboxes.o
                0x0000000008001880                chMBFetchI
 .text.qwait    0x00000000080018c0       0x30 build/obj/chqueues.o
 .text.chIQInit
                0x00000000080018f0       0x20 build/obj/chqueues.o
                0x00000000080018f0                chIQInit
 .text.chIQResetI
                0x0000000008001910       0x30 build/obj/chqueues.o
                0x0000000008001910                chIQResetI
 .text.chIQPutI
                0x0000000008001940       0x50 build/obj/chqueues.o
                0x0000000008001940                chIQPutI
 .text.chIQGetTimeout
                0x0000000008001990       0x50 build/obj/chqueues.o
                0x0000000008001990                chIQGetTimeout
 .text.chIQReadTimeout
                0x00000000080019e0       0x80 build/obj/chqueues.o
                0x00000000080019e0                chIQReadTimeout
 .text.chOQInit
                0x0000000008001a60       0x20 build/obj/chqueues.o
                0x0000000008001a60                chOQInit
 .text.chOQResetI
                0x0000000008001a80       0x30 build/obj/chqueues.o
                0x0000000008001a80                chOQResetI
 .text.chOQPutTimeout
                0x0000000008001ab0       0x60 build/obj/chqueues.o
                0x0000000008001ab0                chOQPutTimeout
 .text.chOQGetI
                0x0000000008001b10       0x50 build/obj/chqueues.o
                0x0000000008001b10                chOQGetI
 .text.chOQWriteTimeout
                0x0000000008001b60       0x80 build/obj/chqueues.o
                0x0000000008001b60                chOQWriteTimeout
 .text._core_init
                0x0000000008001be0       0x30 build/obj/chmemcore.o
                0x0000000008001be0                _core_init
 .text.chCoreAlloc
                0x0000000008001c10       0x40 build/obj/chmemcore.o
                0x0000000008001c10                chCoreAlloc
 .text.chCoreStatus
                0x0000000008001c50       0x20 build/obj/chmemcore.o
                0x0000000008001c50                chCoreStatus
 .text._heap_init
                0x0000000008001c70       0x20 build/obj/chheap.o
                0x0000000008001c70                _heap_init
 .text.chHeapInit
                0x0000000008001c90       0x20 build/obj/chheap.o
                0x0000000008001c90                chHeapInit
 .text.chHeapAlloc
                0x0000000008001cb0       0x80 build/obj/chheap.o
                0x0000000008001cb0                chHeapAlloc
 .text.chHeapFree
                0x0000000008001d30       0xa0 build/obj/chheap.o
                0x0000000008001d30                chHeapFree
 .text.chHeapStatus
                0x0000000008001dd0       0x40 build/obj/chheap.o
                0x0000000008001dd0                chHeapStatus
 .text.chPoolInit
                0x0000000008001e10       0x10 build/obj/chmempools.o
                0x0000000008001e10                chPoolInit
 .text.chPoolLoadArray
                0x0000000008001e20       0x20 build/obj/chmempools.o
                0x0000000008001e20                chPoolLoadArray
 .text.chPoolAlloc
                0x0000000008001e40       0x30 build/obj/chmempools.o
                0x0000000008001e40                chPoolAlloc
 .text.chPoolFree
                0x0000000008001e70       0x20 build/obj/chmempools.o
                0x0000000008001e70                chPoolFree
 .text.tmr      0x0000000008001e90       0x10 build/obj/test.o
 .text.print_line
                0x0000000008001ea0       0x30 build/obj/test.o
 .text.test_printn
                0x0000000008001ed0       0x70 build/obj/test.o
                0x0000000008001ed0                test_printn
 .text.test_print
                0x0000000008001f40       0x20 build/obj/test.o
                0x0000000008001f40                test_print
 .text.test_println
                0x0000000008001f60       0x30 build/obj/test.o
                0x0000000008001f60                test_println
 .text.test_emit_token
                0x0000000008001f90       0x20 build/obj/test.o
                0x0000000008001f90                test_emit_token
 .text._test_assert
                0x0000000008001fb0       0x30 build/obj/test.o
                0x0000000008001fb0                _test_assert
 .text._test_assert_sequence
                0x0000000008001fe0       0x50 build/obj/test.o
                0x0000000008001fe0                _test_assert_sequence
 .text._test_assert_time_window
                0x0000000008002030       0x40 build/obj/test.o
                0x0000000008002030                _test_assert_time_window
 .text.test_terminate_threads
                0x0000000008002070       0x20 build/obj/test.o
                0x0000000008002070                test_terminate_threads
 .text.test_wait_threads
                0x0000000008002090       0x30 build/obj/test.o
                0x0000000008002090                test_wait_threads
 .text.test_cpu_pulse
                0x00000000080020c0       0x60 build/obj/test.o
                0x00000000080020c0                test_cpu_pulse
 .text.test_wait_tick
                0x0000000008002120       0x20 build/obj/test.o
                0x0000000008002120                test_wait_tick
 .text.test_start_timer
                0x0000000008002140       0x50 build/obj/test.o
                0x0000000008002140                test_start_timer
 .text.TestThread
                0x0000000008002190      0x320 build/obj/test.o
                0x0000000008002190                TestThread
 .text.thd1_execute
                0x00000000080024b0       0xd0 build/obj/testthd.o
 .text.thread   0x0000000008002580       0x10 build/obj/testthd.o
 .text.thd2_execute
                0x0000000008002590       0xe0 build/obj/testthd.o
 .text.thd3_execute
                0x0000000008002670      0x140 build/obj/testthd.o
 .text.thd4_execute
                0x00000000080027b0       0x80 build/obj/testthd.o
 .text.sem1_execute
                0x0000000008002830      0x140 build/obj/testsem.o
 .text.thread3  0x0000000008002970       0x20 build/obj/testsem.o
 .text.thread1  0x0000000008002990       0x20 build/obj/testsem.o
 .text.sem1_setup
                0x00000000080029b0       0x10 build/obj/testsem.o
 .text.sem2_setup
                0x00000000080029c0       0x10 build/obj/testsem.o
 .text.sem3_setup
                0x00000000080029d0       0x10 build/obj/testsem.o
 .text.thread2  0x00000000080029e0       0x30 build/obj/testsem.o
 .text.thread4  0x0000000008002a10       0x30 build/obj/testsem.o
 .text.sem4_execute
                0x0000000008002a40      0x100 build/obj/testsem.o
 .text.sem2_execute
                0x0000000008002b40      0x150 build/obj/testsem.o
 .text.sem3_execute
                0x0000000008002c90       0xa0 build/obj/testsem.o
 .text.mtx1_execute
                0x0000000008002d30       0xe0 build/obj/testmtx.o
 .text.thread1  0x0000000008002e10       0x20 build/obj/testmtx.o
 .text.thread12
                0x0000000008002e30       0x20 build/obj/testmtx.o
 .text.mtx1_setup
                0x0000000008002e50       0x10 build/obj/testmtx.o
 .text.mtx2_setup
                0x0000000008002e60       0x10 build/obj/testmtx.o
 .text.mtx3_setup
                0x0000000008002e70       0x20 build/obj/testmtx.o
 .text.mtx4_setup
                0x0000000008002e90       0x20 build/obj/testmtx.o
 .text.mtx5_setup
                0x0000000008002eb0       0x10 build/obj/testmtx.o
 .text.mtx2_execute
                0x0000000008002ec0       0xb0 build/obj/testmtx.o
 .text.mtx3_execute
                0x0000000008002f70       0xe0 build/obj/testmtx.o
 .text.thread2L
                0x0000000008003050       0x30 build/obj/testmtx.o
 .text.thread3LL
                0x0000000008003080       0x20 build/obj/testmtx.o
 .text.thread2M
                0x00000000080030a0       0x20 build/obj/testmtx.o
 .text.thread2H
                0x00000000080030c0       0x30 build/obj/testmtx.o
 .text.thread3HH
                0x00000000080030f0       0x30 build/obj/testmtx.o
 .text.thread3H
                0x0000000008003120       0x20 build/obj/testmtx.o
 .text.thread3M
                0x0000000008003140       0x30 build/obj/testmtx.o
 .text.thread3L
                0x0000000008003170       0x40 build/obj/testmtx.o
 .text.thread4b
                0x00000000080031b0       0x20 build/obj/testmtx.o
 .text.thread4a
                0x00000000080031d0       0x20 build/obj/testmtx.o
 .text.mtx4_execute
                0x00000000080031f0      0x260 build/obj/testmtx.o
 .text.mtx5_execute
                0x0000000008003450       0xc0 build/obj/testmtx.o
 .text.mtx6_execute
                0x0000000008003510       0xf0 build/obj/testmtx.o
 .text.thread10
                0x0000000008003600       0x30 build/obj/testmtx.o
 .text.mtx6_setup
                0x0000000008003630       0x20 build/obj/testmtx.o
 .text.mtx7_setup
                0x0000000008003650       0x20 build/obj/testmtx.o
 .text.mtx8_setup
                0x0000000008003670       0x30 build/obj/testmtx.o
 .text.mtx7_execute
                0x00000000080036a0       0xc0 build/obj/testmtx.o
 .text.mtx8_execute
                0x0000000008003760       0xa0 build/obj/testmtx.o
 .text.thread11
                0x0000000008003800       0x40 build/obj/testmtx.o
 .text.msg1_execute
                0x0000000008003840       0x80 build/obj/testmsg.o
 .text.thread   0x00000000080038c0       0x20 build/obj/testmsg.o
 .text.mbox1_execute
                0x00000000080038e0      0x620 build/obj/testmbox.o
 .text.mbox1_setup
                0x0000000008003f00       0x20 build/obj/testmbox.o
 .text.evt1_execute
                0x0000000008003f20       0x90 build/obj/testevt.o
 .text.h3       0x0000000008003fb0       0x10 build/obj/testevt.o
 .text.h2       0x0000000008003fc0       0x10 build/obj/testevt.o
 .text.h1       0x0000000008003fd0       0x10 build/obj/testevt.o
 .text.evt1_setup
                0x0000000008003fe0       0x10 build/obj/testevt.o
 .text.evt2_setup
                0x0000000008003ff0       0x10 build/obj/testevt.o
 .text.evt3_setup
                0x0000000008004000       0x10 build/obj/testevt.o
 .text.evt2_execute
                0x0000000008004010      0x260 build/obj/testevt.o
 .text.thread2  0x0000000008004270       0x30 build/obj/testevt.o
 .text.thread1  0x00000000080042a0       0x20 build/obj/testevt.o
 .text.evt3_execute
                0x00000000080042c0       0xb0 build/obj/testevt.o
 .text.heap1_execute
                0x0000000008004370      0x250 build/obj/testheap.o
 .text.heap1_setup
                0x00000000080045c0       0x20 build/obj/testheap.o
 .text.null_provider
                0x00000000080045e0       0x10 build/obj/testpools.o
 .text.pools1_setup
                0x00000000080045f0       0x10 build/obj/testpools.o
 .text.pools1_execute
                0x0000000008004600       0xc0 build/obj/testpools.o
 .text.dyn1_execute
                0x00000000080046c0       0xf0 build/obj/testdyn.o
 .text.thread   0x00000000080047b0       0x10 build/obj/testdyn.o
 .text.dyn1_setup
                0x00000000080047c0       0x20 build/obj/testdyn.o
 .text.dyn3_setup
                0x00000000080047e0       0x20 build/obj/testdyn.o
 .text.dyn2_execute
                0x0000000008004800      0x100 build/obj/testdyn.o
 .text.dyn2_setup
                0x0000000008004900       0x10 build/obj/testdyn.o
 .text.regfind  0x0000000008004910       0x30 build/obj/testdyn.o
 .text.dyn3_execute
                0x0000000008004940      0x140 build/obj/testdyn.o
 .text.notify   0x0000000008004a80       0x10 build/obj/testqueues.o
 .text.thread1  0x0000000008004a90       0x20 build/obj/testqueues.o
 .text.queues1_setup
                0x0000000008004ab0       0x30 build/obj/testqueues.o
 .text.thread2  0x0000000008004ae0       0x20 build/obj/testqueues.o
 .text.queues2_setup
                0x0000000008004b00       0x30 build/obj/testqueues.o
 .text.queues1_execute
                0x0000000008004b30      0x280 build/obj/testqueues.o
 .text.queues2_execute
                0x0000000008004db0      0x250 build/obj/testqueues.o
 .text.thread2  0x0000000008005000       0x10 build/obj/testbmk.o
 .text.tmo      0x0000000008005010       0x10 build/obj/testbmk.o
 .text.bmk13_execute
                0x0000000008005020       0xf0 build/obj/testbmk.o
 .text.thread1  0x0000000008005110       0x20 build/obj/testbmk.o
 .text.bmk6_execute
                0x0000000008005130       0x70 build/obj/testbmk.o
 .text.msg_loop_test
                0x00000000080051a0       0x40 build/obj/testbmk.o
 .text.bmk1_execute
                0x00000000080051e0       0x70 build/obj/testbmk.o
 .text.bmk2_execute
                0x0000000008005250       0x70 build/obj/testbmk.o
 .text.bmk3_execute
                0x00000000080052c0       0xe0 build/obj/testbmk.o
 .text.thread4  0x00000000080053a0       0x30 build/obj/testbmk.o
                0x00000000080053a0                thread4
 .text.bmk4_execute
                0x00000000080053d0       0xc0 build/obj/testbmk.o
 .text.bmk5_execute
                0x0000000008005490       0x80 build/obj/testbmk.o
 .text.bmk7_execute
                0x0000000008005510      0x110 build/obj/testbmk.o
 .text.thread3  0x0000000008005620       0x30 build/obj/testbmk.o
 .text.bmk7_setup
                0x0000000008005650       0x10 build/obj/testbmk.o
 .text.bmk11_setup
                0x0000000008005660       0x10 build/obj/testbmk.o
 .text.bmk8_execute
                0x0000000008005670       0xe0 build/obj/testbmk.o
 .text.thread8  0x0000000008005750       0x30 build/obj/testbmk.o
 .text.bmk9_execute
                0x0000000008005780       0xb0 build/obj/testbmk.o
 .text.bmk10_execute
                0x0000000008005830       0x80 build/obj/testbmk.o
 .text.bmk11_execute
                0x00000000080058b0       0x70 build/obj/testbmk.o
 .text.bmk12_execute
                0x0000000008005920       0x70 build/obj/testbmk.o
 .text.bmk12_setup
                0x0000000008005990       0x10 build/obj/testbmk.o
 .text.halInit  0x00000000080059a0       0x20 build/obj/hal.o
                0x00000000080059a0                halInit
 .text.readt    0x00000000080059c0       0x10 build/obj/serial.o
 .text.read     0x00000000080059d0       0x10 build/obj/serial.o
 .text.writet   0x00000000080059e0       0x10 build/obj/serial.o
 .text.write    0x00000000080059f0       0x10 build/obj/serial.o
 .text.gett     0x0000000008005a00       0x10 build/obj/serial.o
 .text.get      0x0000000008005a10       0x10 build/obj/serial.o
 .text.putt     0x0000000008005a20       0x10 build/obj/serial.o
 .text.put      0x0000000008005a30       0x10 build/obj/serial.o
 .text.sdInit   0x0000000008005a40       0x10 build/obj/serial.o
                0x0000000008005a40                sdInit
 .text.sdObjectInit
                0x0000000008005a50       0x40 build/obj/serial.o
                0x0000000008005a50                sdObjectInit
 .text.sdStart  0x0000000008005a90       0x20 build/obj/serial.o
                0x0000000008005a90                sdStart
 .text.sdIncomingDataI
                0x0000000008005ab0       0x40 build/obj/serial.o
                0x0000000008005ab0                sdIncomingDataI
 .text.hal_lld_init
                0x0000000008005af0       0xc0 build/obj/hal_lld.o
                0x0000000008005af0                hal_lld_init
 .text.stm32_clock_init
                0x0000000008005bb0       0xa0 build/obj/hal_lld.o
                0x0000000008005bb0                stm32_clock_init
 .text._pal_lld_init
                0x0000000008005c50      0x100 build/obj/pal_lld.o
                0x0000000008005c50                _pal_lld_init
 .text._pal_lld_setgroupmode
                0x0000000008005d50       0xd0 build/obj/pal_lld.o
                0x0000000008005d50                _pal_lld_setgroupmode
 .text.notify1  0x0000000008005e20       0x10 build/obj/serial_lld.o
 .text.VectorD4
                0x0000000008005e30       0xf0 build/obj/serial_lld.o
                0x0000000008005e30                VectorD4
 .text.sd_lld_init
                0x0000000008005f20       0x30 build/obj/serial_lld.o
                0x0000000008005f20                sd_lld_init
 .text.sd_lld_start
                0x0000000008005f50       0x70 build/obj/serial_lld.o
                0x0000000008005f50                sd_lld_start
 .text.__early_init
                0x0000000008005fc0       0x10 build/obj/board.o
                0x0000000008005fc0                __early_init
 .text.boardInit
                0x0000000008005fd0       0x10 build/obj/board.o
                0x0000000008005fd0                boardInit
 .text.Thread1  0x0000000008005fe0       0x90 build/obj/main.o
 *(.rodata)
 *(.rodata.*)
 .rodata.str1.4
                0x0000000008006070        0x5 build/obj/chsys.o
                                          0x8 (size before relaxing)
 *fill*         0x0000000008006075        0xb 
 .rodata.ch_debug
                0x0000000008006080       0x18 build/obj/chregistry.o
                0x0000000008006080                ch_debug
 *fill*         0x0000000008006098        0x8 
 .rodata.wa     0x00000000080060a0       0x14 build/obj/test.o
                0x00000000080060a0                wa
 *fill*         0x00000000080060b4        0xc 
 .rodata.str1.4
                0x00000000080060c0      0x207 build/obj/test.o
                                        0x214 (size before relaxing)
 *fill*         0x00000000080062c7        0x9 
 .rodata.patterns
                0x00000000080062d0       0x30 build/obj/test.o
 .rodata.testthd1
                0x0000000008006300       0x10 build/obj/testthd.o
                0x0000000008006300                testthd1
 .rodata.testthd2
                0x0000000008006310       0x10 build/obj/testthd.o
                0x0000000008006310                testthd2
 .rodata.testthd3
                0x0000000008006320       0x10 build/obj/testthd.o
                0x0000000008006320                testthd3
 .rodata.testthd4
                0x0000000008006330       0x10 build/obj/testthd.o
                0x0000000008006330                testthd4
 .rodata.patternthd
                0x0000000008006340       0x14 build/obj/testthd.o
                0x0000000008006340                patternthd
 *fill*         0x0000000008006354        0xc 
 .rodata.str1.4
                0x0000000008006360       0x7b build/obj/testthd.o
                                         0x80 (size before relaxing)
 *fill*         0x00000000080063db        0x5 
 .rodata.testsem1
                0x00000000080063e0       0x10 build/obj/testsem.o
                0x00000000080063e0                testsem1
 .rodata.testsem2
                0x00000000080063f0       0x10 build/obj/testsem.o
                0x00000000080063f0                testsem2
 .rodata.testsem3
                0x0000000008006400       0x10 build/obj/testsem.o
                0x0000000008006400                testsem3
 .rodata.testsem4
                0x0000000008006410       0x10 build/obj/testsem.o
                0x0000000008006410                testsem4
 .rodata.patternsem
                0x0000000008006420       0x14 build/obj/testsem.o
                0x0000000008006420                patternsem
 *fill*         0x0000000008006434        0xc 
 .rodata.str1.4
                0x0000000008006440       0x6e build/obj/testsem.o
                                         0x8c (size before relaxing)
 *fill*         0x00000000080064ae        0x2 
 .rodata.testmtx5
                0x00000000080064b0       0x10 build/obj/testmtx.o
                0x00000000080064b0                testmtx5
 .rodata.testmtx6
                0x00000000080064c0       0x10 build/obj/testmtx.o
                0x00000000080064c0                testmtx6
 .rodata.testmtx7
                0x00000000080064d0       0x10 build/obj/testmtx.o
                0x00000000080064d0                testmtx7
 .rodata.testmtx8
                0x00000000080064e0       0x10 build/obj/testmtx.o
                0x00000000080064e0                testmtx8
 .rodata.str1.4
                0x00000000080064f0       0xed build/obj/testmtx.o
                                        0x10c (size before relaxing)
 *fill*         0x00000000080065dd        0x3 
 .rodata.patternmtx
                0x00000000080065e0       0x24 build/obj/testmtx.o
                0x00000000080065e0                patternmtx
 *fill*         0x0000000008006604        0xc 
 .rodata.testmtx1
                0x0000000008006610       0x10 build/obj/testmtx.o
                0x0000000008006610                testmtx1
 .rodata.testmtx2
                0x0000000008006620       0x10 build/obj/testmtx.o
                0x0000000008006620                testmtx2
 .rodata.testmtx3
                0x0000000008006630       0x10 build/obj/testmtx.o
                0x0000000008006630                testmtx3
 .rodata.testmtx4
                0x0000000008006640       0x10 build/obj/testmtx.o
                0x0000000008006640                testmtx4
 .rodata.testmsg1
                0x0000000008006650       0x10 build/obj/testmsg.o
                0x0000000008006650                testmsg1
 .rodata.str1.4
                0x0000000008006660        0xf build/obj/testmsg.o
                                         0x14 (size before relaxing)
 *fill*         0x000000000800666f        0x1 
 .rodata.patternmsg
                0x0000000008006670        0x8 build/obj/testmsg.o
                0x0000000008006670                patternmsg
 *fill*         0x0000000008006678        0x8 
 .rodata.patternmbox
                0x0000000008006680        0x8 build/obj/testmbox.o
                0x0000000008006680                patternmbox
 *fill*         0x0000000008006688        0x8 
 .rodata.str1.4
                0x0000000008006690       0x20 build/obj/testmbox.o
                                         0x28 (size before relaxing)
 .rodata.testmbox1
                0x00000000080066b0       0x10 build/obj/testmbox.o
                0x00000000080066b0                testmbox1
 .rodata.patternevt
                0x00000000080066c0       0x10 build/obj/testevt.o
                0x00000000080066c0                patternevt
 .rodata.testevt2
                0x00000000080066d0       0x10 build/obj/testevt.o
                0x00000000080066d0                testevt2
 .rodata.str1.4
                0x00000000080066e0       0x52 build/obj/testevt.o
                                         0x5c (size before relaxing)
 *fill*         0x0000000008006732        0xe 
 .rodata.testevt1
                0x0000000008006740       0x10 build/obj/testevt.o
                0x0000000008006740                testevt1
 .rodata.evhndl
                0x0000000008006750        0xc build/obj/testevt.o
 *fill*         0x000000000800675c        0x4 
 .rodata.testevt3
                0x0000000008006760       0x10 build/obj/testevt.o
                0x0000000008006760                testevt3
 .rodata.patternheap
                0x0000000008006770        0x8 build/obj/testheap.o
                0x0000000008006770                patternheap
 *fill*         0x0000000008006778        0x8 
 .rodata.str1.4
                0x0000000008006780       0x28 build/obj/testheap.o
 *fill*         0x00000000080067a8        0x8 
 .rodata.testheap1
                0x00000000080067b0       0x10 build/obj/testheap.o
                0x00000000080067b0                testheap1
 .rodata.str1.4
                0x00000000080067c0       0x1c build/obj/testpools.o
 *fill*         0x00000000080067dc        0x4 
 .rodata.patternpools
                0x00000000080067e0        0x8 build/obj/testpools.o
                0x00000000080067e0                patternpools
 *fill*         0x00000000080067e8        0x8 
 .rodata.testpools1
                0x00000000080067f0       0x10 build/obj/testpools.o
                0x00000000080067f0                testpools1
 .rodata.testdyn1
                0x0000000008006800       0x10 build/obj/testdyn.o
                0x0000000008006800                testdyn1
 .rodata.testdyn2
                0x0000000008006810       0x10 build/obj/testdyn.o
                0x0000000008006810                testdyn2
 .rodata.testdyn3
                0x0000000008006820       0x10 build/obj/testdyn.o
                0x0000000008006820                testdyn3
 .rodata.str1.4
                0x0000000008006830       0x8d build/obj/testdyn.o
                                         0xa4 (size before relaxing)
 *fill*         0x00000000080068bd        0x3 
 .rodata.patterndyn
                0x00000000080068c0       0x10 build/obj/testdyn.o
                0x00000000080068c0                patterndyn
 .rodata.testqueues1
                0x00000000080068d0       0x10 build/obj/testqueues.o
                0x00000000080068d0                testqueues1
 .rodata.testqueues2
                0x00000000080068e0       0x10 build/obj/testqueues.o
                0x00000000080068e0                testqueues2
 .rodata.str1.4
                0x00000000080068f0       0x2d build/obj/testqueues.o
                                         0x38 (size before relaxing)
 *fill*         0x000000000800691d        0x3 
 .rodata.patternqueues
                0x0000000008006920        0xc build/obj/testqueues.o
                0x0000000008006920                patternqueues
 *fill*         0x000000000800692c        0x4 
 .rodata.patternbmk
                0x0000000008006930       0x38 build/obj/testbmk.o
                0x0000000008006930                patternbmk
 *fill*         0x0000000008006968        0x8 
 .rodata.testbmk8
                0x0000000008006970       0x10 build/obj/testbmk.o
                0x0000000008006970                testbmk8
 .rodata.testbmk3
                0x0000000008006980       0x10 build/obj/testbmk.o
                0x0000000008006980                testbmk3
 .rodata.testbmk10
                0x0000000008006990       0x10 build/obj/testbmk.o
                0x0000000008006990                testbmk10
 .rodata.testbmk4
                0x00000000080069a0       0x10 build/obj/testbmk.o
                0x00000000080069a0                testbmk4
 .rodata.testbmk12
                0x00000000080069b0       0x10 build/obj/testbmk.o
                0x00000000080069b0                testbmk12
 .rodata.testbmk2
                0x00000000080069c0       0x10 build/obj/testbmk.o
                0x00000000080069c0                testbmk2
 .rodata.str1.4
                0x00000000080069d0      0x2c7 build/obj/testbmk.o
                                        0x2c8 (size before relaxing)
 *fill*         0x0000000008006c97        0x9 
 .rodata.testbmk9
                0x0000000008006ca0       0x10 build/obj/testbmk.o
                0x0000000008006ca0                testbmk9
 .rodata.testbmk1
                0x0000000008006cb0       0x10 build/obj/testbmk.o
                0x0000000008006cb0                testbmk1
 .rodata.testbmk11
                0x0000000008006cc0       0x10 build/obj/testbmk.o
                0x0000000008006cc0                testbmk11
 .rodata.testbmk13
                0x0000000008006cd0       0x10 build/obj/testbmk.o
                0x0000000008006cd0                testbmk13
 .rodata.testbmk5
                0x0000000008006ce0       0x10 build/obj/testbmk.o
                0x0000000008006ce0                testbmk5
 .rodata.testbmk6
                0x0000000008006cf0       0x10 build/obj/testbmk.o
                0x0000000008006cf0                testbmk6
 .rodata.testbmk7
                0x0000000008006d00       0x10 build/obj/testbmk.o
                0x0000000008006d00                testbmk7
 .rodata.vmt    0x0000000008006d10       0x20 build/obj/serial.o
 .rodata.default_config
                0x0000000008006d30       0x10 build/obj/serial_lld.o
 .rodata.pal_default_config
                0x0000000008006d40       0xa8 build/obj/board.o
                0x0000000008006d40                pal_default_config
 *fill*         0x0000000008006de8        0x8 
 .rodata.str1.4
                0x0000000008006df0        0x8 build/obj/main.o
 *(.glue_7t)
 .glue_7t       0x0000000000000000        0x0 linker stubs
 *(.glue_7)
 .glue_7        0x0000000000000000        0x0 linker stubs
 *(.gcc*)

.vfp11_veneer   0x0000000008006df8        0x0
 .vfp11_veneer  0x0000000000000000        0x0 linker stubs

.v4_bx          0x0000000008006df8        0x0
 .v4_bx         0x0000000000000000        0x0 linker stubs

.iplt           0x0000000008006df8        0x0
 .iplt          0x0000000000000000        0x0 build/obj/crt0.o

.rel.dyn        0x0000000008006df8        0x0
 .rel.iplt      0x0000000000000000        0x0 build/obj/crt0.o

.ARM.extab
 *(.ARM.extab* .gnu.linkonce.armextab.*)

.ARM.exidx      0x0000000008006df8        0x0
                0x0000000008006df8                PROVIDE (__exidx_start, .)
 *(.ARM.exidx* .gnu.linkonce.armexidx.*)
                0x0000000008006df8                PROVIDE (__exidx_end, .)

.eh_frame_hdr
 *(.eh_frame_hdr)

.eh_frame
 *(.eh_frame)

.textalign      0x0000000008006df8        0x0
                0x0000000008006df8                . = ALIGN (0x8)
                0x0000000008006df8                . = ALIGN (0x4)
                0x0000000008006df8                _etext = .
                0x0000000008006df8                _textdata = _etext

.stacks         0x0000000020000000      0x800
                0x0000000020000000                . = ALIGN (0x8)
                0x0000000020000000                __main_stack_base__ = .
                0x0000000020000400                . = (. + __main_stack_size__)
 *fill*         0x0000000020000000      0x400 
                0x0000000020000400                . = ALIGN (0x8)
                0x0000000020000400                __main_stack_end__ = .
                0x0000000020000400                __process_stack_base__ = .
                0x0000000020000400                __main_thread_stack_base__ = .
                0x0000000020000800                . = (. + __process_stack_size__)
 *fill*         0x0000000020000400      0x400 
                0x0000000020000800                . = ALIGN (0x8)
                0x0000000020000800                __process_stack_end__ = .
                0x0000000020000800                __main_thread_stack_end__ = .

.data           0x0000000020000800       0xb8 load address 0x0000000008006df8
                0x0000000020000800                . = ALIGN (0x4)
                0x0000000020000800                PROVIDE (_data, .)
 *(.data)
                0x0000000020000800                . = ALIGN (0x4)
 *(.data.*)
 .data.sem1     0x0000000020000800        0xc build/obj/testsem.o
 .data.m1       0x000000002000080c       0x10 build/obj/testmtx.o
 .data.m2       0x000000002000081c       0x10 build/obj/testmtx.o
 .data.c1       0x000000002000082c        0x8 build/obj/testmtx.o
 .data.mb1      0x0000000020000834       0x28 build/obj/testmbox.o
 .data.es1      0x000000002000085c        0x4 build/obj/testevt.o
 .data.es2      0x0000000020000860        0x4 build/obj/testevt.o
 .data.mp1      0x0000000020000864        0xc build/obj/testpools.o
 .data.oq       0x0000000020000870       0x24 build/obj/testqueues.o
 .data.iq       0x0000000020000894       0x24 build/obj/testqueues.o
                0x00000000200008b8                . = ALIGN (0x4)
 *(.ramtext)
                0x00000000200008b8                . = ALIGN (0x4)
                0x00000000200008b8                PROVIDE (_edata, .)

.igot.plt       0x00000000200008b8        0x0 load address 0x0000000008006eb0
 .igot.plt      0x0000000000000000        0x0 build/obj/crt0.o

.bss            0x00000000200008b8      0xa18 load address 0x0000000008006eb0
                0x00000000200008b8                . = ALIGN (0x4)
                0x00000000200008b8                PROVIDE (_bss_start, .)
 *(.bss)
                0x00000000200008b8                . = ALIGN (0x4)
 *(.bss.*)
 .bss.mainthread.4776
                0x00000000200008b8       0x48 build/obj/chsys.o
 .bss._idle_thread_wa
                0x0000000020000900       0xc0 build/obj/chsys.o
                0x0000000020000900                _idle_thread_wa
 .bss.vtlist    0x00000000200009c0       0x10 build/obj/chvt.o
                0x00000000200009c0                vtlist
 .bss.rlist     0x00000000200009d0       0x1c build/obj/chschd.o
                0x00000000200009d0                rlist
 .bss.endmem    0x00000000200009ec        0x4 build/obj/chmemcore.o
 .bss.nextmem   0x00000000200009f0        0x4 build/obj/chmemcore.o
 *fill*         0x00000000200009f4        0x4 
 .bss.default_heap
                0x00000000200009f8       0x20 build/obj/chheap.o
 .bss.test      0x0000000020000a18      0x5f0 build/obj/test.o
                0x0000000020000a18                test
 .bss.failpoint
                0x0000000020001008        0x4 build/obj/test.o
 .bss.local_fail
                0x000000002000100c        0x1 build/obj/test.o
 .bss.test_timer_done
                0x000000002000100d        0x1 build/obj/test.o
                0x000000002000100d                test_timer_done
 *fill*         0x000000002000100e        0x2 
 .bss.tokp      0x0000000020001010        0x4 build/obj/test.o
 .bss.global_fail
                0x0000000020001014        0x1 build/obj/test.o
 *fill*         0x0000000020001015        0x3 
 .bss.vt        0x0000000020001018       0x14 build/obj/test.o
 .bss.threads   0x000000002000102c       0x14 build/obj/test.o
                0x000000002000102c                threads
 .bss.chp       0x0000000020001040        0x4 build/obj/test.o
 .bss.tokens_buffer
                0x0000000020001044       0x10 build/obj/test.o
 *fill*         0x0000000020001054        0x4 
 .bss.test_heap
                0x0000000020001058       0x20 build/obj/testheap.o
 .bss.mp1       0x0000000020001078        0xc build/obj/testdyn.o
 *fill*         0x0000000020001084        0x4 
 .bss.heap1     0x0000000020001088       0x20 build/obj/testdyn.o
 .bss.vt1.4936  0x00000000200010a8       0x14 build/obj/testbmk.o
 .bss.iq.4924   0x00000000200010bc       0x24 build/obj/testbmk.o
 .bss.ib.4923   0x00000000200010e0       0x10 build/obj/testbmk.o
 .bss.mtx1      0x00000000200010f0       0x10 build/obj/testbmk.o
 .bss.sem1      0x0000000020001100        0xc build/obj/testbmk.o
 .bss.vt2.4937  0x000000002000110c       0x14 build/obj/testbmk.o
 .bss.SD1       0x0000000020001120       0x7c build/obj/serial_lld.o
                0x0000000020001120                SD1
 *fill*         0x000000002000119c        0x4 
 .bss.waThread1
                0x00000000200011a0      0x130 build/obj/main.o
                0x00000000200012d0                . = ALIGN (0x4)
 *(COMMON)
                0x00000000200012d0                . = ALIGN (0x4)
                0x00000000200012d0                PROVIDE (_bss_end, .)
                0x00000000200012d0                PROVIDE (end, .)
                0x00000000200012d0                _end = .
                0x00000000200012d0                __heap_base__ = _end
                0x000000002000a000                __heap_end__ = __ram_end__
OUTPUT(build/ch.elf elf32-littlearm)

.debug_info     0x0000000000000000    0x1940e
 .debug_info    0x0000000000000000      0x2a0 build/obj/crt0.o
 .debug_info    0x00000000000002a0      0x1c2 build/obj/vectors.o
 .debug_info    0x0000000000000462      0x7d1 build/obj/chcore_v7m.o
 .debug_info    0x0000000000000c33      0x3fb build/obj/nvic.o
 .debug_info    0x000000000000102e      0x7f0 build/obj/chsys.o
 .debug_info    0x000000000000181e      0x1f8 build/obj/chvt.o
 .debug_info    0x0000000000001a16      0x953 build/obj/chschd.o
 .debug_info    0x0000000000002369      0xbd0 build/obj/chthreads.o
 .debug_info    0x0000000000002f39      0x860 build/obj/chdynamic.o
 .debug_info    0x0000000000003799      0x5fd build/obj/chregistry.o
 .debug_info    0x0000000000003d96      0xa97 build/obj/chsem.o
 .debug_info    0x000000000000482d      0x9ae build/obj/chmtx.o
 .debug_info    0x00000000000051db      0x956 build/obj/chcond.o
 .debug_info    0x0000000000005b31      0xd6c build/obj/chevents.o
 .debug_info    0x000000000000689d      0x644 build/obj/chmsg.o
 .debug_info    0x0000000000006ee1      0xa27 build/obj/chmboxes.o
 .debug_info    0x0000000000007908      0xba2 build/obj/chqueues.o
 .debug_info    0x00000000000084aa      0x20d build/obj/chmemcore.o
 .debug_info    0x00000000000086b7      0x6ce build/obj/chheap.o
 .debug_info    0x0000000000008d85      0x3f2 build/obj/chmempools.o
 .debug_info    0x0000000000009177     0x1287 build/obj/test.o
 .debug_info    0x000000000000a3fe      0xc61 build/obj/testthd.o
 .debug_info    0x000000000000b05f     0x106c build/obj/testsem.o
 .debug_info    0x000000000000c0cb     0x1ccf build/obj/testmtx.o
 .debug_info    0x000000000000dd9a      0x6e2 build/obj/testmsg.o
 .debug_info    0x000000000000e47c     0x1237 build/obj/testmbox.o
 .debug_info    0x000000000000f6b3     0x1084 build/obj/testevt.o
 .debug_info    0x0000000000010737      0xbd4 build/obj/testheap.o
 .debug_info    0x000000000001130b      0x433 build/obj/testpools.o
 .debug_info    0x000000000001173e      0xf40 build/obj/testdyn.o
 .debug_info    0x000000000001267e     0x1658 build/obj/testqueues.o
 .debug_info    0x0000000000013cd6     0x1dd0 build/obj/testbmk.o
 .debug_info    0x0000000000015aa6      0x354 build/obj/hal.o
 .debug_info    0x0000000000015dfa      0xfbf build/obj/serial.o
 .debug_info    0x0000000000016db9      0x3e5 build/obj/hal_lld.o
 .debug_info    0x000000000001719e      0x543 build/obj/pal_lld.o
 .debug_info    0x00000000000176e1      0xf48 build/obj/serial_lld.o
 .debug_info    0x0000000000018629      0x1ba build/obj/board.o
 .debug_info    0x00000000000187e3      0xc2b build/obj/main.o

.debug_abbrev   0x0000000000000000     0x58e3
 .debug_abbrev  0x0000000000000000       0xe5 build/obj/crt0.o
 .debug_abbrev  0x00000000000000e5       0xaf build/obj/vectors.o
 .debug_abbrev  0x0000000000000194      0x1b9 build/obj/chcore_v7m.o
 .debug_abbrev  0x000000000000034d      0x10e build/obj/nvic.o
 .debug_abbrev  0x000000000000045b      0x20e build/obj/chsys.o
 .debug_abbrev  0x0000000000000669      0x117 build/obj/chvt.o
 .debug_abbrev  0x0000000000000780      0x313 build/obj/chschd.o
 .debug_abbrev  0x0000000000000a93      0x34f build/obj/chthreads.o
 .debug_abbrev  0x0000000000000de2      0x22b build/obj/chdynamic.o
 .debug_abbrev  0x000000000000100d      0x187 build/obj/chregistry.o
 .debug_abbrev  0x0000000000001194      0x310 build/obj/chsem.o
 .debug_abbrev  0x00000000000014a4      0x2fa build/obj/chmtx.o
 .debug_abbrev  0x000000000000179e      0x2d5 build/obj/chcond.o
 .debug_abbrev  0x0000000000001a73      0x2f8 build/obj/chevents.o
 .debug_abbrev  0x0000000000001d6b      0x220 build/obj/chmsg.o
 .debug_abbrev  0x0000000000001f8b      0x251 build/obj/chmboxes.o
 .debug_abbrev  0x00000000000021dc      0x32e build/obj/chqueues.o
 .debug_abbrev  0x000000000000250a      0x15b build/obj/chmemcore.o
 .debug_abbrev  0x0000000000002665      0x1e7 build/obj/chheap.o
 .debug_abbrev  0x000000000000284c      0x1f7 build/obj/chmempools.o
 .debug_abbrev  0x0000000000002a43      0x4e7 build/obj/test.o
 .debug_abbrev  0x0000000000002f2a      0x29f build/obj/testthd.o
 .debug_abbrev  0x00000000000031c9      0x2e6 build/obj/testsem.o
 .debug_abbrev  0x00000000000034af      0x2f7 build/obj/testmtx.o
 .debug_abbrev  0x00000000000037a6      0x21a build/obj/testmsg.o
 .debug_abbrev  0x00000000000039c0      0x228 build/obj/testmbox.o
 .debug_abbrev  0x0000000000003be8      0x2df build/obj/testevt.o
 .debug_abbrev  0x0000000000003ec7      0x232 build/obj/testheap.o
 .debug_abbrev  0x00000000000040f9      0x1c8 build/obj/testpools.o
 .debug_abbrev  0x00000000000042c1      0x29e build/obj/testdyn.o
 .debug_abbrev  0x000000000000455f      0x2eb build/obj/testqueues.o
 .debug_abbrev  0x000000000000484a      0x368 build/obj/testbmk.o
 .debug_abbrev  0x0000000000004bb2      0x1aa build/obj/hal.o
 .debug_abbrev  0x0000000000004d5c      0x2b9 build/obj/serial.o
 .debug_abbrev  0x0000000000005015      0x10c build/obj/hal_lld.o
 .debug_abbrev  0x0000000000005121      0x198 build/obj/pal_lld.o
 .debug_abbrev  0x00000000000052b9      0x305 build/obj/serial_lld.o
 .debug_abbrev  0x00000000000055be       0xe3 build/obj/board.o
 .debug_abbrev  0x00000000000056a1      0x242 build/obj/main.o

.debug_loc      0x0000000000000000     0x5503
 .debug_loc     0x0000000000000000       0xde build/obj/crt0.o
 .debug_loc     0x00000000000000de       0x5a build/obj/chcore_v7m.o
 .debug_loc     0x0000000000000138      0x159 build/obj/nvic.o
 .debug_loc     0x0000000000000291       0x31 build/obj/chsys.o
 .debug_loc     0x00000000000002c2       0x67 build/obj/chvt.o
 .debug_loc     0x0000000000000329      0x2d2 build/obj/chschd.o
 .debug_loc     0x00000000000005fb      0x3f6 build/obj/chthreads.o
 .debug_loc     0x00000000000009f1      0x1d4 build/obj/chdynamic.o
 .debug_loc     0x0000000000000bc5       0x3f build/obj/chregistry.o
 .debug_loc     0x0000000000000c04      0x4d4 build/obj/chsem.o
 .debug_loc     0x00000000000010d8      0x407 build/obj/chmtx.o
 .debug_loc     0x00000000000014df      0x346 build/obj/chcond.o
 .debug_loc     0x0000000000001825      0x591 build/obj/chevents.o
 .debug_loc     0x0000000000001db6      0x131 build/obj/chmsg.o
 .debug_loc     0x0000000000001ee7      0x4a2 build/obj/chmboxes.o
 .debug_loc     0x0000000000002389      0x6bb build/obj/chqueues.o
 .debug_loc     0x0000000000002a44       0xfd build/obj/chmemcore.o
 .debug_loc     0x0000000000002b41      0x3ae build/obj/chheap.o
 .debug_loc     0x0000000000002eef      0x185 build/obj/chmempools.o
 .debug_loc     0x0000000000003074      0x947 build/obj/test.o
 .debug_loc     0x00000000000039bb       0xb2 build/obj/testthd.o
 .debug_loc     0x0000000000003a6d      0x135 build/obj/testsem.o
 .debug_loc     0x0000000000003ba2      0x2fd build/obj/testmtx.o
 .debug_loc     0x0000000000003e9f       0x5a build/obj/testmsg.o
 .debug_loc     0x0000000000003ef9      0x1fb build/obj/testmbox.o
 .debug_loc     0x00000000000040f4      0x22b build/obj/testevt.o
 .debug_loc     0x000000000000431f      0x157 build/obj/testheap.o
 .debug_loc     0x0000000000004476       0xa6 build/obj/testpools.o
 .debug_loc     0x000000000000451c      0x117 build/obj/testdyn.o
 .debug_loc     0x0000000000004633      0x1c5 build/obj/testqueues.o
 .debug_loc     0x00000000000047f8      0x2db build/obj/testbmk.o
 .debug_loc     0x0000000000004ad3       0x9d build/obj/hal.o
 .debug_loc     0x0000000000004b70      0x4e4 build/obj/serial.o
 .debug_loc     0x0000000000005054      0x1b2 build/obj/pal_lld.o
 .debug_loc     0x0000000000005206      0x2dc build/obj/serial_lld.o
 .debug_loc     0x00000000000054e2       0x21 build/obj/main.o

.debug_aranges  0x0000000000000000      0xc88
 .debug_aranges
                0x0000000000000000       0x38 build/obj/crt0.o
 .debug_aranges
                0x0000000000000038       0x20 build/obj/vectors.o
 .debug_aranges
                0x0000000000000058       0x50 build/obj/chcore_v7m.o
 .debug_aranges
                0x00000000000000a8       0x30 build/obj/nvic.o
 .debug_aranges
                0x00000000000000d8       0x30 build/obj/chsys.o
 .debug_aranges
                0x0000000000000108       0x30 build/obj/chvt.o
 .debug_aranges
                0x0000000000000138       0x68 build/obj/chschd.o
 .debug_aranges
                0x00000000000001a0       0x78 build/obj/chthreads.o
 .debug_aranges
                0x0000000000000218       0x38 build/obj/chdynamic.o
 .debug_aranges
                0x0000000000000250       0x28 build/obj/chregistry.o
 .debug_aranges
                0x0000000000000278       0x70 build/obj/chsem.o
 .debug_aranges
                0x00000000000002e8       0x58 build/obj/chmtx.o
 .debug_aranges
                0x0000000000000340       0x60 build/obj/chcond.o
 .debug_aranges
                0x00000000000003a0       0xa0 build/obj/chevents.o
 .debug_aranges
                0x0000000000000440       0x30 build/obj/chmsg.o
 .debug_aranges
                0x0000000000000470       0x70 build/obj/chmboxes.o
 .debug_aranges
                0x00000000000004e0       0x70 build/obj/chqueues.o
 .debug_aranges
                0x0000000000000550       0x38 build/obj/chmemcore.o
 .debug_aranges
                0x0000000000000588       0x40 build/obj/chheap.o
 .debug_aranges
                0x00000000000005c8       0x48 build/obj/chmempools.o
 .debug_aranges
                0x0000000000000610       0x98 build/obj/test.o
 .debug_aranges
                0x00000000000006a8       0x40 build/obj/testthd.o
 .debug_aranges
                0x00000000000006e8       0x70 build/obj/testsem.o
 .debug_aranges
                0x0000000000000758      0x108 build/obj/testmtx.o
 .debug_aranges
                0x0000000000000860       0x28 build/obj/testmsg.o
 .debug_aranges
                0x0000000000000888       0x28 build/obj/testmbox.o
 .debug_aranges
                0x00000000000008b0       0x70 build/obj/testevt.o
 .debug_aranges
                0x0000000000000920       0x28 build/obj/testheap.o
 .debug_aranges
                0x0000000000000948       0x30 build/obj/testpools.o
 .debug_aranges
                0x0000000000000978       0x58 build/obj/testdyn.o
 .debug_aranges
                0x00000000000009d0       0x50 build/obj/testqueues.o
 .debug_aranges
                0x0000000000000a20       0xd0 build/obj/testbmk.o
 .debug_aranges
                0x0000000000000af0       0x30 build/obj/hal.o
 .debug_aranges
                0x0000000000000b20       0x88 build/obj/serial.o
 .debug_aranges
                0x0000000000000ba8       0x28 build/obj/hal_lld.o
 .debug_aranges
                0x0000000000000bd0       0x28 build/obj/pal_lld.o
 .debug_aranges
                0x0000000000000bf8       0x40 build/obj/serial_lld.o
 .debug_aranges
                0x0000000000000c38       0x28 build/obj/board.o
 .debug_aranges
                0x0000000000000c60       0x28 build/obj/main.o

.debug_ranges   0x0000000000000000     0x1488
 .debug_ranges  0x0000000000000000       0x58 build/obj/crt0.o
 .debug_ranges  0x0000000000000058       0x10 build/obj/vectors.o
 .debug_ranges  0x0000000000000068       0x58 build/obj/chcore_v7m.o
 .debug_ranges  0x00000000000000c0       0x20 build/obj/nvic.o
 .debug_ranges  0x00000000000000e0       0x38 build/obj/chsys.o
 .debug_ranges  0x0000000000000118       0x20 build/obj/chvt.o
 .debug_ranges  0x0000000000000138      0x160 build/obj/chschd.o
 .debug_ranges  0x0000000000000298      0x138 build/obj/chthreads.o
 .debug_ranges  0x00000000000003d0       0x28 build/obj/chdynamic.o
 .debug_ranges  0x00000000000003f8       0x18 build/obj/chregistry.o
 .debug_ranges  0x0000000000000410      0x108 build/obj/chsem.o
 .debug_ranges  0x0000000000000518      0x168 build/obj/chmtx.o
 .debug_ranges  0x0000000000000680       0xa8 build/obj/chcond.o
 .debug_ranges  0x0000000000000728       0xf0 build/obj/chevents.o
 .debug_ranges  0x0000000000000818       0x68 build/obj/chmsg.o
 .debug_ranges  0x0000000000000880       0x78 build/obj/chmboxes.o
 .debug_ranges  0x00000000000008f8       0xd0 build/obj/chqueues.o
 .debug_ranges  0x00000000000009c8       0x28 build/obj/chmemcore.o
 .debug_ranges  0x00000000000009f0       0x30 build/obj/chheap.o
 .debug_ranges  0x0000000000000a20       0xc8 build/obj/chmempools.o
 .debug_ranges  0x0000000000000ae8      0x128 build/obj/test.o
 .debug_ranges  0x0000000000000c10       0x90 build/obj/testthd.o
 .debug_ranges  0x0000000000000ca0       0x90 build/obj/testsem.o
 .debug_ranges  0x0000000000000d30      0x110 build/obj/testmtx.o
 .debug_ranges  0x0000000000000e40       0x18 build/obj/testmsg.o
 .debug_ranges  0x0000000000000e58       0xc0 build/obj/testmbox.o
 .debug_ranges  0x0000000000000f18       0x78 build/obj/testevt.o
 .debug_ranges  0x0000000000000f90       0x18 build/obj/testheap.o
 .debug_ranges  0x0000000000000fa8       0x40 build/obj/testpools.o
 .debug_ranges  0x0000000000000fe8       0x48 build/obj/testdyn.o
 .debug_ranges  0x0000000000001030      0x100 build/obj/testqueues.o
 .debug_ranges  0x0000000000001130       0xd8 build/obj/testbmk.o
 .debug_ranges  0x0000000000001208       0x38 build/obj/hal.o
 .debug_ranges  0x0000000000001240       0xa8 build/obj/serial.o
 .debug_ranges  0x00000000000012e8       0x30 build/obj/hal_lld.o
 .debug_ranges  0x0000000000001318       0xc0 build/obj/pal_lld.o
 .debug_ranges  0x00000000000013d8       0x80 build/obj/serial_lld.o
 .debug_ranges  0x0000000000001458       0x18 build/obj/board.o
 .debug_ranges  0x0000000000001470       0x18 build/obj/main.o

.debug_line     0x0000000000000000     0x54b6
 .debug_line    0x0000000000000000       0xe0 build/obj/crt0.o
 .debug_line    0x00000000000000e0       0x85 build/obj/vectors.o
 .debug_line    0x0000000000000165      0x1b6 build/obj/chcore_v7m.o
 .debug_line    0x000000000000031b       0xc1 build/obj/nvic.o
 .debug_line    0x00000000000003dc      0x1a1 build/obj/chsys.o
 .debug_line    0x000000000000057d       0xfa build/obj/chvt.o
 .debug_line    0x0000000000000677      0x30c build/obj/chschd.o
 .debug_line    0x0000000000000983      0x350 build/obj/chthreads.o
 .debug_line    0x0000000000000cd3      0x1bc build/obj/chdynamic.o
 .debug_line    0x0000000000000e8f      0x16c build/obj/chregistry.o
 .debug_line    0x0000000000000ffb      0x2bb build/obj/chsem.o
 .debug_line    0x00000000000012b6      0x2d7 build/obj/chmtx.o
 .debug_line    0x000000000000158d      0x238 build/obj/chcond.o
 .debug_line    0x00000000000017c5      0x2cc build/obj/chevents.o
 .debug_line    0x0000000000001a91      0x160 build/obj/chmsg.o
 .debug_line    0x0000000000001bf1      0x22f build/obj/chmboxes.o
 .debug_line    0x0000000000001e20      0x335 build/obj/chqueues.o
 .debug_line    0x0000000000002155       0xf9 build/obj/chmemcore.o
 .debug_line    0x000000000000224e      0x210 build/obj/chheap.o
 .debug_line    0x000000000000245e      0x176 build/obj/chmempools.o
 .debug_line    0x00000000000025d4      0x4aa build/obj/test.o
 .debug_line    0x0000000000002a7e      0x1ce build/obj/testthd.o
 .debug_line    0x0000000000002c4c      0x29b build/obj/testsem.o
 .debug_line    0x0000000000002ee7      0x465 build/obj/testmtx.o
 .debug_line    0x000000000000334c      0x161 build/obj/testmsg.o
 .debug_line    0x00000000000034ad      0x1fa build/obj/testmbox.o
 .debug_line    0x00000000000036a7      0x25b build/obj/testevt.o
 .debug_line    0x0000000000003902      0x19b build/obj/testheap.o
 .debug_line    0x0000000000003a9d      0x116 build/obj/testpools.o
 .debug_line    0x0000000000003bb3      0x282 build/obj/testdyn.o
 .debug_line    0x0000000000003e35      0x22a build/obj/testqueues.o
 .debug_line    0x000000000000405f      0x54c build/obj/testbmk.o
 .debug_line    0x00000000000045ab      0x1f8 build/obj/hal.o
 .debug_line    0x00000000000047a3      0x304 build/obj/serial.o
 .debug_line    0x0000000000004aa7      0x164 build/obj/hal_lld.o
 .debug_line    0x0000000000004c0b      0x17c build/obj/pal_lld.o
 .debug_line    0x0000000000004d87      0x2da build/obj/serial_lld.o
 .debug_line    0x0000000000005061      0x129 build/obj/board.o
 .debug_line    0x000000000000518a      0x32c build/obj/main.o

.debug_str      0x0000000000000000     0x2211
 .debug_str     0x0000000000000000      0x2a8 build/obj/crt0.o
                                        0x2dc (size before relaxing)
 .debug_str     0x00000000000002a8      0x145 build/obj/vectors.o
                                        0x307 (size before relaxing)
 .debug_str     0x00000000000003ed      0x2db build/obj/chcore_v7m.o
                                        0x4af (size before relaxing)
 .debug_str     0x00000000000006c8       0x9e build/obj/nvic.o
                                        0x2d9 (size before relaxing)
 .debug_str     0x0000000000000766      0x205 build/obj/chsys.o
                                        0x587 (size before relaxing)
 .debug_str     0x000000000000096b       0x36 build/obj/chvt.o
                                        0x25a (size before relaxing)
 .debug_str     0x00000000000009a1       0xcb build/obj/chschd.o
                                        0x4bc (size before relaxing)
 .debug_str     0x0000000000000a6c       0xd3 build/obj/chthreads.o
                                        0x527 (size before relaxing)
 .debug_str     0x0000000000000b3f      0x113 build/obj/chdynamic.o
                                        0x49e (size before relaxing)
 .debug_str     0x0000000000000c52       0x42 build/obj/chregistry.o
                                        0x4aa (size before relaxing)
 .debug_str     0x0000000000000c94       0xc8 build/obj/chsem.o
                                        0x4a0 (size before relaxing)
 .debug_str     0x0000000000000d5c       0x91 build/obj/chmtx.o
                                        0x441 (size before relaxing)
 .debug_str     0x0000000000000ded       0xb0 build/obj/chcond.o
                                        0x48e (size before relaxing)
 .debug_str     0x0000000000000e9d      0x1b9 build/obj/chevents.o
                                        0x565 (size before relaxing)
 .debug_str     0x0000000000001056       0x3d build/obj/chmsg.o
                                        0x3d9 (size before relaxing)
 .debug_str     0x0000000000001093       0xe2 build/obj/chmboxes.o
                                        0x468 (size before relaxing)
 .debug_str     0x0000000000001175      0x119 build/obj/chqueues.o
                                        0x4cc (size before relaxing)
 .debug_str     0x000000000000128e       0x70 build/obj/chmemcore.o
                                        0x245 (size before relaxing)
 .debug_str     0x00000000000012fe       0x48 build/obj/chheap.o
                                        0x425 (size before relaxing)
 .debug_str     0x0000000000001346       0x55 build/obj/chmempools.o
                                        0x293 (size before relaxing)
 .debug_str     0x000000000000139b      0x26a build/obj/test.o
                                        0x6ae (size before relaxing)
 .debug_str     0x0000000000001605       0x6d build/obj/testthd.o
                                        0x542 (size before relaxing)
 .debug_str     0x0000000000001672       0xd6 build/obj/testsem.o
                                        0x5fe (size before relaxing)
 .debug_str     0x0000000000001748      0x194 build/obj/testmtx.o
                                        0x6fc (size before relaxing)
 .debug_str     0x00000000000018dc       0x2b build/obj/testmsg.o
                                        0x435 (size before relaxing)
 .debug_str     0x0000000000001907       0x3f build/obj/testmbox.o
                                        0x4b1 (size before relaxing)
 .debug_str     0x0000000000001946       0x7f build/obj/testevt.o
                                        0x667 (size before relaxing)
 .debug_str     0x00000000000019c5       0x44 build/obj/testheap.o
                                        0x473 (size before relaxing)
 .debug_str     0x0000000000001a09       0x4c build/obj/testpools.o
                                        0x2cc (size before relaxing)
 .debug_str     0x0000000000001a55       0x86 build/obj/testdyn.o
                                        0x617 (size before relaxing)
 .debug_str     0x0000000000001adb       0x6c build/obj/testqueues.o
                                        0x59e (size before relaxing)
 .debug_str     0x0000000000001b47      0x17f build/obj/testbmk.o
                                        0x783 (size before relaxing)
 .debug_str     0x0000000000001cc6      0x144 build/obj/hal.o
                                        0x324 (size before relaxing)
 .debug_str     0x0000000000001e0a      0x160 build/obj/serial.o
                                        0x630 (size before relaxing)
 .debug_str     0x0000000000001f6a      0x12e build/obj/hal_lld.o
                                        0x35b (size before relaxing)
 .debug_str     0x0000000000002098       0xc9 build/obj/pal_lld.o
                                        0x37b (size before relaxing)
 .debug_str     0x0000000000002161       0x75 build/obj/serial_lld.o
                                        0x659 (size before relaxing)
 .debug_str     0x00000000000021d6       0x2a build/obj/board.o
                                        0x29c (size before relaxing)
 .debug_str     0x0000000000002200       0x11 build/obj/main.o
                                        0x619 (size before relaxing)

.comment        0x0000000000000000       0x70
 .comment       0x0000000000000000       0x70 build/obj/crt0.o
                                         0x71 (size before relaxing)
 .comment       0x0000000000000000       0x71 build/obj/vectors.o
 .comment       0x0000000000000000       0x71 build/obj/chcore_v7m.o
 .comment       0x0000000000000000       0x71 build/obj/nvic.o
 .comment       0x0000000000000000       0x71 build/obj/chsys.o
 .comment       0x0000000000000000       0x71 build/obj/chvt.o
 .comment       0x0000000000000000       0x71 build/obj/chschd.o
 .comment       0x0000000000000000       0x71 build/obj/chthreads.o
 .comment       0x0000000000000000       0x71 build/obj/chdynamic.o
 .comment       0x0000000000000000       0x71 build/obj/chregistry.o
 .comment       0x0000000000000000       0x71 build/obj/chsem.o
 .comment       0x0000000000000000       0x71 build/obj/chmtx.o
 .comment       0x0000000000000000       0x71 build/obj/chcond.o
 .comment       0x0000000000000000       0x71 build/obj/chevents.o
 .comment       0x0000000000000000       0x71 build/obj/chmsg.o
 .comment       0x0000000000000000       0x71 build/obj/chmboxes.o
 .comment       0x0000000000000000       0x71 build/obj/chqueues.o
 .comment       0x0000000000000000       0x71 build/obj/chmemcore.o
 .comment       0x0000000000000000       0x71 build/obj/chheap.o
 .comment       0x0000000000000000       0x71 build/obj/chmempools.o
 .comment       0x0000000000000000       0x71 build/obj/test.o
 .comment       0x0000000000000000       0x71 build/obj/testthd.o
 .comment       0x0000000000000000       0x71 build/obj/testsem.o
 .comment       0x0000000000000000       0x71 build/obj/testmtx.o
 .comment       0x0000000000000000       0x71 build/obj/testmsg.o
 .comment       0x0000000000000000       0x71 build/obj/testmbox.o
 .comment       0x0000000000000000       0x71 build/obj/testevt.o
 .comment       0x0000000000000000       0x71 build/obj/testheap.o
 .comment       0x0000000000000000       0x71 build/obj/testpools.o
 .comment       0x0000000000000000       0x71 build/obj/testdyn.o
 .comment       0x0000000000000000       0x71 build/obj/testqueues.o
 .comment       0x0000000000000000       0x71 build/obj/testbmk.o
 .comment       0x0000000000000000       0x71 build/obj/hal.o
 .comment       0x0000000000000000       0x71 build/obj/serial.o
 .comment       0x0000000000000000       0x71 build/obj/hal_lld.o
 .comment       0x0000000000000000       0x71 build/obj/pal_lld.o
 .comment       0x0000000000000000       0x71 build/obj/serial_lld.o
 .comment       0x0000000000000000       0x71 build/obj/board.o
 .comment       0x0000000000000000       0x71 build/obj/main.o

.ARM.attributes
                0x0000000000000000       0x33
 .ARM.attributes
                0x0000000000000000       0x33 build/obj/crt0.o
 .ARM.attributes
                0x0000000000000033       0x33 build/obj/vectors.o
 .ARM.attributes
                0x0000000000000066       0x33 build/obj/chcore_v7m.o
 .ARM.attributes
                0x0000000000000099       0x33 build/obj/nvic.o
 .ARM.attributes
                0x00000000000000cc       0x33 build/obj/chsys.o
 .ARM.attributes
                0x00000000000000ff       0x33 build/obj/chvt.o
 .ARM.attributes
                0x0000000000000132       0x33 build/obj/chschd.o
 .ARM.attributes
                0x0000000000000165       0x33 build/obj/chthreads.o
 .ARM.attributes
                0x0000000000000198       0x33 build/obj/chdynamic.o
 .ARM.attributes
                0x00000000000001cb       0x33 build/obj/chregistry.o
 .ARM.attributes
                0x00000000000001fe       0x33 build/obj/chsem.o
 .ARM.attributes
                0x0000000000000231       0x33 build/obj/chmtx.o
 .ARM.attributes
                0x0000000000000264       0x33 build/obj/chcond.o
 .ARM.attributes
                0x0000000000000297       0x33 build/obj/chevents.o
 .ARM.attributes
                0x00000000000002ca       0x33 build/obj/chmsg.o
 .ARM.attributes
                0x00000000000002fd       0x33 build/obj/chmboxes.o
 .ARM.attributes
                0x0000000000000330       0x33 build/obj/chqueues.o
 .ARM.attributes
                0x0000000000000363       0x33 build/obj/chmemcore.o
 .ARM.attributes
                0x0000000000000396       0x33 build/obj/chheap.o
 .ARM.attributes
                0x00000000000003c9       0x33 build/obj/chmempools.o
 .ARM.attributes
                0x00000000000003fc       0x33 build/obj/test.o
 .ARM.attributes
                0x000000000000042f       0x33 build/obj/testthd.o
 .ARM.attributes
                0x0000000000000462       0x33 build/obj/testsem.o
 .ARM.attributes
                0x0000000000000495       0x33 build/obj/testmtx.o
 .ARM.attributes
                0x00000000000004c8       0x33 build/obj/testmsg.o
 .ARM.attributes
                0x00000000000004fb       0x33 build/obj/testmbox.o
 .ARM.attributes
                0x000000000000052e       0x33 build/obj/testevt.o
 .ARM.attributes
                0x0000000000000561       0x33 build/obj/testheap.o
 .ARM.attributes
                0x0000000000000594       0x33 build/obj/testpools.o
 .ARM.attributes
                0x00000000000005c7       0x33 build/obj/testdyn.o
 .ARM.attributes
                0x00000000000005fa       0x33 build/obj/testqueues.o
 .ARM.attributes
                0x000000000000062d       0x33 build/obj/testbmk.o
 .ARM.attributes
                0x0000000000000660       0x33 build/obj/hal.o
 .ARM.attributes
                0x0000000000000693       0x33 build/obj/serial.o
 .ARM.attributes
                0x00000000000006c6       0x33 build/obj/hal_lld.o
 .ARM.attributes
                0x00000000000006f9       0x33 build/obj/pal_lld.o
 .ARM.attributes
                0x000000000000072c       0x33 build/obj/serial_lld.o
 .ARM.attributes
                0x000000000000075f       0x33 build/obj/board.o
 .ARM.attributes
                0x0000000000000792       0x33 build/obj/main.o

.debug_frame    0x0000000000000000     0x202c
 .debug_frame   0x0000000000000000       0x50 build/obj/crt0.o
 .debug_frame   0x0000000000000050       0x20 build/obj/vectors.o
 .debug_frame   0x0000000000000070       0x98 build/obj/chcore_v7m.o
 .debug_frame   0x0000000000000108       0x64 build/obj/nvic.o
 .debug_frame   0x000000000000016c       0x5c build/obj/chsys.o
 .debug_frame   0x00000000000001c8       0x4c build/obj/chvt.o
 .debug_frame   0x0000000000000214      0x108 build/obj/chschd.o
 .debug_frame   0x000000000000031c      0x184 build/obj/chthreads.o
 .debug_frame   0x00000000000004a0       0x7c build/obj/chdynamic.o
 .debug_frame   0x000000000000051c       0x3c build/obj/chregistry.o
 .debug_frame   0x0000000000000558      0x130 build/obj/chsem.o
 .debug_frame   0x0000000000000688       0xdc build/obj/chmtx.o
 .debug_frame   0x0000000000000764      0x114 build/obj/chcond.o
 .debug_frame   0x0000000000000878      0x1d8 build/obj/chevents.o
 .debug_frame   0x0000000000000a50       0x68 build/obj/chmsg.o
 .debug_frame   0x0000000000000ab8      0x154 build/obj/chmboxes.o
 .debug_frame   0x0000000000000c0c      0x180 build/obj/chqueues.o
 .debug_frame   0x0000000000000d8c       0x50 build/obj/chmemcore.o
 .debug_frame   0x0000000000000ddc       0x98 build/obj/chheap.o
 .debug_frame   0x0000000000000e74       0x88 build/obj/chmempools.o
 .debug_frame   0x0000000000000efc      0x1dc build/obj/test.o
 .debug_frame   0x00000000000010d8       0xc4 build/obj/testthd.o
 .debug_frame   0x000000000000119c      0x134 build/obj/testsem.o
 .debug_frame   0x00000000000012d0      0x398 build/obj/testmtx.o
 .debug_frame   0x0000000000001668       0x48 build/obj/testmsg.o
 .debug_frame   0x00000000000016b0       0x44 build/obj/testmbox.o
 .debug_frame   0x00000000000016f4      0x108 build/obj/testevt.o
 .debug_frame   0x00000000000017fc       0x44 build/obj/testheap.o
 .debug_frame   0x0000000000001840       0x50 build/obj/testpools.o
 .debug_frame   0x0000000000001890       0xdc build/obj/testdyn.o
 .debug_frame   0x000000000000196c       0xd8 build/obj/testqueues.o
 .debug_frame   0x0000000000001a44      0x2b4 build/obj/testbmk.o
 .debug_frame   0x0000000000001cf8       0x4c build/obj/hal.o
 .debug_frame   0x0000000000001d44      0x13c build/obj/serial.o
 .debug_frame   0x0000000000001e80       0x44 build/obj/hal_lld.o
 .debug_frame   0x0000000000001ec4       0x5c build/obj/pal_lld.o
 .debug_frame   0x0000000000001f20       0x94 build/obj/serial_lld.o
 .debug_frame   0x0000000000001fb4       0x30 build/obj/board.o
 .debug_frame   0x0000000000001fe4       0x48 build/obj/main.o

Cross Reference Table

Symbol                                            File
BusFaultVector                                    build/obj/vectors.o
DebugMonitorVector                                build/obj/vectors.o
HardFaultVector                                   build/obj/vectors.o
MemManageVector                                   build/obj/vectors.o
NMIVector                                         build/obj/vectors.o
PendSVVector                                      build/obj/vectors.o
ResetHandler                                      build/obj/crt0.o
                                                  build/obj/vectors.o
SD1                                               build/obj/serial_lld.o
                                                  build/obj/main.o
SVCallVector                                      build/obj/chcore_v7m.o
                                                  build/obj/vectors.o
SysTickVector                                     build/obj/chcore_v7m.o
                                                  build/obj/vectors.o
TestThread                                        build/obj/test.o
                                                  build/obj/main.o
UsageFaultVector                                  build/obj/vectors.o
Vector100                                         build/obj/vectors.o
Vector104                                         build/obj/vectors.o
Vector108                                         build/obj/vectors.o
Vector10C                                         build/obj/vectors.o
Vector110                                         build/obj/vectors.o
Vector114                                         build/obj/vectors.o
Vector118                                         build/obj/vectors.o
Vector11C                                         build/obj/vectors.o
Vector120                                         build/obj/vectors.o
Vector124                                         build/obj/vectors.o
Vector128                                         build/obj/vectors.o
Vector12C                                         build/obj/vectors.o
Vector130                                         build/obj/vectors.o
Vector134                                         build/obj/vectors.o
Vector138                                         build/obj/vectors.o
Vector13C                                         build/obj/vectors.o
Vector140                                         build/obj/vectors.o
Vector144                                         build/obj/vectors.o
Vector148                                         build/obj/vectors.o
Vector14C                                         build/obj/vectors.o
Vector150                                         build/obj/vectors.o
Vector154                                         build/obj/vectors.o
Vector158                                         build/obj/vectors.o
Vector15C                                         build/obj/vectors.o
Vector160                                         build/obj/vectors.o
Vector164                                         build/obj/vectors.o
Vector168                                         build/obj/vectors.o
Vector16C                                         build/obj/vectors.o
Vector170                                         build/obj/vectors.o
Vector174                                         build/obj/vectors.o
Vector178                                         build/obj/vectors.o
Vector17C                                         build/obj/vectors.o
Vector180                                         build/obj/vectors.o
Vector184                                         build/obj/vectors.o
Vector1C                                          build/obj/vectors.o
Vector20                                          build/obj/vectors.o
Vector24                                          build/obj/vectors.o
Vector28                                          build/obj/vectors.o
Vector34                                          build/obj/vectors.o
Vector40                                          build/obj/vectors.o
Vector44                                          build/obj/vectors.o
Vector48                                          build/obj/vectors.o
Vector4C                                          build/obj/vectors.o
Vector50                                          build/obj/vectors.o
Vector54                                          build/obj/vectors.o
Vector58                                          build/obj/vectors.o
Vector5C                                          build/obj/vectors.o
Vector60                                          build/obj/vectors.o
Vector64                                          build/obj/vectors.o
Vector68                                          build/obj/vectors.o
Vector6C                                          build/obj/vectors.o
Vector70                                          build/obj/vectors.o
Vector74                                          build/obj/vectors.o